Return-Path: <linux-pm+bounces-7940-lists+linux-pm=lfdr.de@vger.kernel.org>
X-Original-To: lists+linux-pm@lfdr.de
Delivered-To: lists+linux-pm@lfdr.de
Received: from sv.mirrors.kernel.org (sv.mirrors.kernel.org [IPv6:2604:1380:45e3:2400::1])
	by mail.lfdr.de (Postfix) with ESMTPS id 054FE8C8AB9
	for <lists+linux-pm@lfdr.de>; Fri, 17 May 2024 19:16:10 +0200 (CEST)
Received: from smtp.subspace.kernel.org (wormhole.subspace.kernel.org [52.25.139.140])
	(using TLSv1.2 with cipher ECDHE-RSA-AES256-GCM-SHA384 (256/256 bits))
	(No client certificate requested)
	by sv.mirrors.kernel.org (Postfix) with ESMTPS id 9ED7F286BEA
	for <lists+linux-pm@lfdr.de>; Fri, 17 May 2024 17:16:08 +0000 (UTC)
Received: from localhost.localdomain (localhost.localdomain [127.0.0.1])
	by smtp.subspace.kernel.org (Postfix) with ESMTP id 57F0813DB98;
	Fri, 17 May 2024 17:16:04 +0000 (UTC)
Authentication-Results: smtp.subspace.kernel.org;
	dkim=pass (2048-bit key) header.d=kernel.org header.i=@kernel.org header.b="NN5sDJ31"
X-Original-To: linux-pm@vger.kernel.org
Received: from smtp.kernel.org (aws-us-west-2-korg-mail-1.web.codeaurora.org [10.30.226.201])
	(using TLSv1.2 with cipher ECDHE-RSA-AES256-GCM-SHA384 (256/256 bits))
	(No client certificate requested)
	by smtp.subspace.kernel.org (Postfix) with ESMTPS id D2E8413DB92;
	Fri, 17 May 2024 17:16:03 +0000 (UTC)
Authentication-Results: smtp.subspace.kernel.org; arc=none smtp.client-ip=10.30.226.201
ARC-Seal:i=1; a=rsa-sha256; d=subspace.kernel.org; s=arc-20240116;
	t=1715966164; cv=none; b=cSPibZp1/rJyvpiUcFE4QKFCKIsIz2ZRZDr7RUTb7f0lQ+8QMDhw7N1yMC2Jv4FbzDPDagMJaQ/ge1kug2Dem8vv89RyGqTUDReZMG0RNTqI5LBNx+TdXrKWYkz4aU4t0ud2GJCU+jcwapLV6TISzPPwUv1YDhznokQ8s5VLBng=
ARC-Message-Signature:i=1; a=rsa-sha256; d=subspace.kernel.org;
	s=arc-20240116; t=1715966164; c=relaxed/simple;
	bh=kwg0K5xFOVJ5fadBAcdAiQ0mtr4TMZzrMeT9bnHwdrc=;
	h=From:To:Cc:Subject:References:Date:In-Reply-To:Message-ID:
	 MIME-Version:Content-Type; b=GxWBd7Nb8u/61hY0lX3+x+nlP6PZRZoZCtm/NoRhTKxJrryqR1PGQnUQYNZy+GxO0fHhSBjqpEh/ZUf4wPdOOUlyNUFmNTe73QAqJ1jqh1/nIuEyqJXgH96GSMPaKIDrV1TTcg/j3m+2jWyahocqmsosBoCqCvL5KD9v+/T1mm0=
ARC-Authentication-Results:i=1; smtp.subspace.kernel.org; dkim=pass (2048-bit key) header.d=kernel.org header.i=@kernel.org header.b=NN5sDJ31; arc=none smtp.client-ip=10.30.226.201
Received: by smtp.kernel.org (Postfix) with ESMTPSA id 1F4DDC2BD10;
	Fri, 17 May 2024 17:15:59 +0000 (UTC)
DKIM-Signature: v=1; a=rsa-sha256; c=relaxed/simple; d=kernel.org;
	s=k20201202; t=1715966163;
	bh=kwg0K5xFOVJ5fadBAcdAiQ0mtr4TMZzrMeT9bnHwdrc=;
	h=From:To:Cc:Subject:References:Date:In-Reply-To:From;
	b=NN5sDJ31JWaxWloEJoEuta+u1E1pBH3p1OVqId1u6Zbmt2MlLF6mDl2zO/RrmFj61
	 kJe2oCErsuOuNUCWA2kun2vhimEKK5F3ove3yaXjfv8s9PmKMfdNsn4ztw4TE2uaAd
	 F/TFsa8rmeRRylJe5B73+6635MvGTzaYYhlMyybEALlZ84+wzncPfnjAvDd+ddRNzg
	 PidoyT1VB9NmJtD7ruZG7tQhINJ7v2b2gur+NSGqPfX3m01we8MTKco7pvg2146Wwk
	 BtL1lSiNdPVM93GtEDqMfZy8oObgO7qZNvwj99A8w6wM241lGiCK5h+/nEy5YYsPdT
	 l+k8hiNIj4/AA==
From: Kalle Valo <kvalo@kernel.org>
To: Borislav Petkov <bp@alien8.de>
Cc: Pawan Gupta <pawan.kumar.gupta@linux.intel.com>,  Thomas Gleixner
 <tglx@linutronix.de>,  Ingo Molnar <mingo@redhat.com>,  Dave Hansen
 <dave.hansen@linux.intel.com>,  "Rafael J. Wysocki" <rafael@kernel.org>,
  x86@kernel.org,  linux-pm@vger.kernel.org,  linux-kernel@vger.kernel.org,
  regressions@lists.linux.dev,  Jeff Johnson <quic_jjohnson@quicinc.com>
Subject: Re: [regression] suspend stress test stalls within 30 minutes
References: <87o79cjjik.fsf@kernel.org>
	<20240511184847.GCZj-9j2sh1Akpt9iS@fat_crate.local>
	<20240511184945.GDZj-9yaOEWqf1ng8u@fat_crate.local>
	<87h6f4jdrq.fsf@kernel.org> <878r0djxgc.fsf@kernel.org>
	<874jb0jzx5.fsf@kernel.org>
	<20240514160555.GCZkOL41oB3hBt45eO@fat_crate.local>
Date: Fri, 17 May 2024 20:15:58 +0300
In-Reply-To: <20240514160555.GCZkOL41oB3hBt45eO@fat_crate.local> (Borislav
	Petkov's message of "Tue, 14 May 2024 18:05:55 +0200")
Message-ID: <87msoofjg1.fsf@kernel.org>
User-Agent: Gnus/5.13 (Gnus v5.13) Emacs/28.2 (gnu/linux)
Precedence: bulk
X-Mailing-List: linux-pm@vger.kernel.org
List-Id: <linux-pm.vger.kernel.org>
List-Subscribe: <mailto:linux-pm+subscribe@vger.kernel.org>
List-Unsubscribe: <mailto:linux-pm+unsubscribe@vger.kernel.org>
MIME-Version: 1.0
Content-Type: text/plain

Borislav Petkov <bp@alien8.de> writes:

> Kalle, can you connect that box to serial and catch full dmesg?
>
> There might be some #GP or so in the logs in case we've managed to f*ck
> up microcode application which emulates that IBRS MSR bit and the
> actual toggling or so when suspending...

So the weird part is that when the bug happens (ie. suspend stalls) I
can access the box normally using ssh and I don't see anything special
in dmesg. Below is a full copy of dmesg output after the suspend
stalled. Do note that I copied this dmesg before I updated microcode so
it will still show the old microcode version.

Let me know if you need more info.

Kalle


[    0.000000] Linux version 6.9.0 (kvalo@tykki) (x86_64-linux-gcc (GCC) 13.2.0, GNU ld (GNU Binutils) 2.41) #1516 SMP PREEMPT_DYNAMIC Fri May 17 11:11:04 EEST 2024
[    0.000000] Command line: BOOT_IMAGE=/boot/vmlinuz-6.9.0 root=UUID=61a268dc-df96-4e69-9272-928240dcc445 ro net.ifnames=0 net.ifnames=0 ignore_loglevel ignore_loglevel netconsole=6666@192.168.2.104/eth1,514@192.168.2.1/ba:52:4d:77:4f:8e
[    0.000000] BIOS-provided physical RAM map:
[    0.000000] BIOS-e820: [mem 0x0000000000000000-0x0000000000057fff] usable
[    0.000000] BIOS-e820: [mem 0x0000000000058000-0x0000000000058fff] reserved
[    0.000000] BIOS-e820: [mem 0x0000000000059000-0x000000000009dfff] usable
[    0.000000] BIOS-e820: [mem 0x000000000009e000-0x00000000000fffff] reserved
[    0.000000] BIOS-e820: [mem 0x0000000000100000-0x000000007704ffff] usable
[    0.000000] BIOS-e820: [mem 0x0000000077050000-0x0000000077050fff] ACPI NVS
[    0.000000] BIOS-e820: [mem 0x0000000077051000-0x0000000077051fff] reserved
[    0.000000] BIOS-e820: [mem 0x0000000077052000-0x000000007e701fff] usable
[    0.000000] BIOS-e820: [mem 0x000000007e702000-0x000000007ebc5fff] reserved
[    0.000000] BIOS-e820: [mem 0x000000007ebc6000-0x000000007ec24fff] ACPI data
[    0.000000] BIOS-e820: [mem 0x000000007ec25000-0x000000007ec84fff] ACPI NVS
[    0.000000] BIOS-e820: [mem 0x000000007ec85000-0x000000007f7fdfff] reserved
[    0.000000] BIOS-e820: [mem 0x000000007f7fe000-0x000000007f7fefff] usable
[    0.000000] BIOS-e820: [mem 0x000000007f7ff000-0x000000007fffffff] reserved
[    0.000000] BIOS-e820: [mem 0x00000000e0000000-0x00000000efffffff] reserved
[    0.000000] BIOS-e820: [mem 0x00000000fe000000-0x00000000fe010fff] reserved
[    0.000000] BIOS-e820: [mem 0x00000000fec00000-0x00000000fec00fff] reserved
[    0.000000] BIOS-e820: [mem 0x00000000fed00000-0x00000000fed00fff] reserved
[    0.000000] BIOS-e820: [mem 0x00000000fee00000-0x00000000fee00fff] reserved
[    0.000000] BIOS-e820: [mem 0x00000000ff000000-0x00000000ffffffff] reserved
[    0.000000] BIOS-e820: [mem 0x0000000100000000-0x000000027effffff] usable
[    0.000000] printk: debug: ignoring loglevel setting.
[    0.000000] printk: debug: ignoring loglevel setting.
[    0.000000] NX (Execute Disable) protection: active
[    0.000000] APIC: Static calls initialized
[    0.000000] e820: update [mem 0x74058018-0x74076457] usable ==> usable
[    0.000000] e820: update [mem 0x74048018-0x74057057] usable ==> usable
[    0.000000] e820: update [mem 0x74037018-0x74047e57] usable ==> usable
[    0.000000] extended physical RAM map:
[    0.000000] reserve setup_data: [mem 0x0000000000000000-0x0000000000057fff] usable
[    0.000000] reserve setup_data: [mem 0x0000000000058000-0x0000000000058fff] reserved
[    0.000000] reserve setup_data: [mem 0x0000000000059000-0x000000000009dfff] usable
[    0.000000] reserve setup_data: [mem 0x000000000009e000-0x00000000000fffff] reserved
[    0.000000] reserve setup_data: [mem 0x0000000000100000-0x0000000074037017] usable
[    0.000000] reserve setup_data: [mem 0x0000000074037018-0x0000000074047e57] usable
[    0.000000] reserve setup_data: [mem 0x0000000074047e58-0x0000000074048017] usable
[    0.000000] reserve setup_data: [mem 0x0000000074048018-0x0000000074057057] usable
[    0.000000] reserve setup_data: [mem 0x0000000074057058-0x0000000074058017] usable
[    0.000000] reserve setup_data: [mem 0x0000000074058018-0x0000000074076457] usable
[    0.000000] reserve setup_data: [mem 0x0000000074076458-0x000000007704ffff] usable
[    0.000000] reserve setup_data: [mem 0x0000000077050000-0x0000000077050fff] ACPI NVS
[    0.000000] reserve setup_data: [mem 0x0000000077051000-0x0000000077051fff] reserved
[    0.000000] reserve setup_data: [mem 0x0000000077052000-0x000000007e701fff] usable
[    0.000000] reserve setup_data: [mem 0x000000007e702000-0x000000007ebc5fff] reserved
[    0.000000] reserve setup_data: [mem 0x000000007ebc6000-0x000000007ec24fff] ACPI data
[    0.000000] reserve setup_data: [mem 0x000000007ec25000-0x000000007ec84fff] ACPI NVS
[    0.000000] reserve setup_data: [mem 0x000000007ec85000-0x000000007f7fdfff] reserved
[    0.000000] reserve setup_data: [mem 0x000000007f7fe000-0x000000007f7fefff] usable
[    0.000000] reserve setup_data: [mem 0x000000007f7ff000-0x000000007fffffff] reserved
[    0.000000] reserve setup_data: [mem 0x00000000e0000000-0x00000000efffffff] reserved
[    0.000000] reserve setup_data: [mem 0x00000000fe000000-0x00000000fe010fff] reserved
[    0.000000] reserve setup_data: [mem 0x00000000fec00000-0x00000000fec00fff] reserved
[    0.000000] reserve setup_data: [mem 0x00000000fed00000-0x00000000fed00fff] reserved
[    0.000000] reserve setup_data: [mem 0x00000000fee00000-0x00000000fee00fff] reserved
[    0.000000] reserve setup_data: [mem 0x00000000ff000000-0x00000000ffffffff] reserved
[    0.000000] reserve setup_data: [mem 0x0000000100000000-0x000000027effffff] usable
[    0.000000] efi: EFI v2.7 by American Megatrends
[    0.000000] efi: TPMFinalLog=0x7ec54000 ACPI 2.0=0x7ebda000 ACPI=0x7ebda000 SMBIOS=0x7f5e6000 SMBIOS 3.0=0x7f5e5000 ESRT=0x7f5ad598 MEMATTR=0x7cd71418 RNG=0x7ebd9018 TPMEventLog=0x77130018 
[    0.000000] random: crng init done
[    0.000000] efi: Remove mem35: MMIO range=[0xe0000000-0xefffffff] (256MB) from e820 map
[    0.000000] e820: remove [mem 0xe0000000-0xefffffff] reserved
[    0.000000] efi: Not removing mem36: MMIO range=[0xfe000000-0xfe010fff] (68KB) from e820 map
[    0.000000] efi: Not removing mem37: MMIO range=[0xfec00000-0xfec00fff] (4KB) from e820 map
[    0.000000] efi: Not removing mem38: MMIO range=[0xfed00000-0xfed00fff] (4KB) from e820 map
[    0.000000] efi: Not removing mem39: MMIO range=[0xfee00000-0xfee00fff] (4KB) from e820 map
[    0.000000] efi: Remove mem40: MMIO range=[0xff000000-0xffffffff] (16MB) from e820 map
[    0.000000] e820: remove [mem 0xff000000-0xffffffff] reserved
[    0.000000] SMBIOS 3.1.1 present.
[    0.000000] DMI: Intel(R) Client Systems NUC8i7HVK/NUC8i7HVB, BIOS HNKBLi70.86A.0067.2021.0528.1339 05/28/2021
[    0.000000] tsc: Detected 3100.000 MHz processor
[    0.000000] tsc: Detected 3099.999 MHz TSC
[    0.001298] e820: update [mem 0x00000000-0x00000fff] usable ==> reserved
[    0.001309] e820: remove [mem 0x000a0000-0x000fffff] usable
[    0.001324] last_pfn = 0x27f000 max_arch_pfn = 0x400000000
[    0.001330] MTRR map: 5 entries (3 fixed + 2 variable; max 23), built from 10 variable MTRRs
[    0.001334] x86/PAT: Configuration [0-7]: WB  WC  UC- UC  WB  WP  UC- WT  
[    0.001905] last_pfn = 0x7f7ff max_arch_pfn = 0x400000000
[    0.008598] esrt: Reserving ESRT space from 0x000000007f5ad598 to 0x000000007f5ad5d0.
[    0.030357] Secure boot disabled
[    0.030362] RAMDISK: [mem 0x74077000-0x7504bfff]
[    0.030370] ACPI: Early table checksum verification disabled
[    0.030376] ACPI: RSDP 0x000000007EBDA000 000024 (v02 INTEL )
[    0.030387] ACPI: XSDT 0x000000007EBDA0C0 000104 (v01 INTEL  NUC8i7HN 00000043 AMI  00010013)
[    0.030399] ACPI: FACP 0x000000007EC07240 000114 (v06 INTEL  NUC8i7HN 00000043 AMI  00010013)
[    0.030412] ACPI: DSDT 0x000000007EBDA258 02CFE7 (v02 INTEL  NUC8i7HN 00000043 INTL 20160422)
[    0.030421] ACPI: FACS 0x000000007EC84F80 000040
[    0.030430] ACPI: APIC 0x000000007EC07358 0000BC (v03 INTEL  NUC8i7HN 00000043 AMI  00010013)
[    0.030439] ACPI: FPDT 0x000000007EC07418 000044 (v01 INTEL  NUC8i7HN 00000043 AMI  00010013)
[    0.030448] ACPI: FIDT 0x000000007EC07460 00009C (v01 INTEL  NUC8i7HN 00000043 AMI  00010013)
[    0.030457] ACPI: MCFG 0x000000007EC07500 00003C (v01 INTEL  NUC8i7HN 00000043 MSFT 00000097)
[    0.030466] ACPI: SSDT 0x000000007EC07540 000359 (v01 INTEL  NUC8i7HN 00000043 INTL 20160422)
[    0.030475] ACPI: SSDT 0x000000007EC078A0 003165 (v02 INTEL  NUC8i7HN 00000043 INTL 20160422)
[    0.030485] ACPI: SSDT 0x000000007EC0AA08 002892 (v02 INTEL  NUC8i7HN 00000043 INTL 20160422)
[    0.030494] ACPI: HPET 0x000000007EC0D2A0 000038 (v01 INTEL  NUC8i7HN 00000043 MSFT 0000005F)
[    0.030503] ACPI: SSDT 0x000000007EC0D2D8 0011AA (v02 INTEL  NUC8i7HN 00000043 INTL 20160422)
[    0.030512] ACPI: SSDT 0x000000007EC0E488 0008FC (v02 INTEL  NUC8i7HN 00000043 INTL 20160422)
[    0.030521] ACPI: UEFI 0x000000007EC0ED88 000048 (v01 INTEL  NUC8i7HN 00000043      01000013)
[    0.030530] ACPI: SSDT 0x000000007EC0EDD0 00071D (v02 INTEL  NUC8i7HN 00000043 INTL 20160422)
[    0.030539] ACPI: SSDT 0x000000007EC0F4F0 0017AE (v02 INTEL  NUC8i7HN 00000043 INTL 20160422)
[    0.030549] ACPI: LPIT 0x000000007EC10CA0 000094 (v01 INTEL  NUC8i7HN 00000043 MSFT 0000005F)
[    0.030558] ACPI: SSDT 0x000000007EC10D38 000141 (v02 INTEL  NUC8i7HN 00000043 INTL 20160422)
[    0.030567] ACPI: SSDT 0x000000007EC10E80 00029F (v02 INTEL  NUC8i7HN 00000043 INTL 20160422)
[    0.030576] ACPI: SSDT 0x000000007EC11120 003002 (v02 INTEL  NUC8i7HN 00000043 INTL 20160422)
[    0.030585] ACPI: SSDT 0x000000007EC14128 000279 (v02 INTEL  NUC8i7HN 00000043 INTL 20160422)
[    0.030594] ACPI: SSDT 0x000000007EC143A8 0002E9 (v02 INTEL  NUC8i7HN 00000043 INTL 20160422)
[    0.030603] ACPI: DBGP 0x000000007EC14698 000034 (v01 INTEL  NUC8i7HN 00000043 MSFT 0000005F)
[    0.030612] ACPI: DBG2 0x000000007EC146D0 000054 (v00 INTEL  NUC8i7HN 00000043 MSFT 0000005F)
[    0.030622] ACPI: SSDT 0x000000007EC14728 0004F4 (v02 INTEL  NUC8i7HN 00000043 INTL 20160422)
[    0.030631] ACPI: DMAR 0x000000007EC14C20 0000DC (v01 INTEL  NUC8i7HN 00000043 INTL 00000001)
[    0.030640] ACPI: VFCT 0x000000007EC14D00 00FE84 (v01 INTEL  NUC8i7HN 00000043 AMD  31504F47)
[    0.030649] ACPI: TPM2 0x000000007EC24B88 000034 (v04 INTEL  NUC8i7HN 00000043 AMI  00000000)
[    0.030658] ACPI: BGRT 0x000000007EC24BC0 000038 (v01 INTEL  NUC8i7HN 00000043 AMI  00010013)
[    0.030667] ACPI: WSMT 0x000000007EC24BF8 000028 (v01 INTEL  NUC8i7HN 00000043 AMI  00010013)
[    0.030676] ACPI: Reserving FACP table memory at [mem 0x7ec07240-0x7ec07353]
[    0.030680] ACPI: Reserving DSDT table memory at [mem 0x7ebda258-0x7ec0723e]
[    0.030684] ACPI: Reserving FACS table memory at [mem 0x7ec84f80-0x7ec84fbf]
[    0.030687] ACPI: Reserving APIC table memory at [mem 0x7ec07358-0x7ec07413]
[    0.030690] ACPI: Reserving FPDT table memory at [mem 0x7ec07418-0x7ec0745b]
[    0.030693] ACPI: Reserving FIDT table memory at [mem 0x7ec07460-0x7ec074fb]
[    0.030696] ACPI: Reserving MCFG table memory at [mem 0x7ec07500-0x7ec0753b]
[    0.030699] ACPI: Reserving SSDT table memory at [mem 0x7ec07540-0x7ec07898]
[    0.030702] ACPI: Reserving SSDT table memory at [mem 0x7ec078a0-0x7ec0aa04]
[    0.030705] ACPI: Reserving SSDT table memory at [mem 0x7ec0aa08-0x7ec0d299]
[    0.030708] ACPI: Reserving HPET table memory at [mem 0x7ec0d2a0-0x7ec0d2d7]
[    0.030712] ACPI: Reserving SSDT table memory at [mem 0x7ec0d2d8-0x7ec0e481]
[    0.030715] ACPI: Reserving SSDT table memory at [mem 0x7ec0e488-0x7ec0ed83]
[    0.030718] ACPI: Reserving UEFI table memory at [mem 0x7ec0ed88-0x7ec0edcf]
[    0.030721] ACPI: Reserving SSDT table memory at [mem 0x7ec0edd0-0x7ec0f4ec]
[    0.030724] ACPI: Reserving SSDT table memory at [mem 0x7ec0f4f0-0x7ec10c9d]
[    0.030727] ACPI: Reserving LPIT table memory at [mem 0x7ec10ca0-0x7ec10d33]
[    0.030730] ACPI: Reserving SSDT table memory at [mem 0x7ec10d38-0x7ec10e78]
[    0.030734] ACPI: Reserving SSDT table memory at [mem 0x7ec10e80-0x7ec1111e]
[    0.030737] ACPI: Reserving SSDT table memory at [mem 0x7ec11120-0x7ec14121]
[    0.030740] ACPI: Reserving SSDT table memory at [mem 0x7ec14128-0x7ec143a0]
[    0.030743] ACPI: Reserving SSDT table memory at [mem 0x7ec143a8-0x7ec14690]
[    0.030746] ACPI: Reserving DBGP table memory at [mem 0x7ec14698-0x7ec146cb]
[    0.030749] ACPI: Reserving DBG2 table memory at [mem 0x7ec146d0-0x7ec14723]
[    0.030752] ACPI: Reserving SSDT table memory at [mem 0x7ec14728-0x7ec14c1b]
[    0.030756] ACPI: Reserving DMAR table memory at [mem 0x7ec14c20-0x7ec14cfb]
[    0.030759] ACPI: Reserving VFCT table memory at [mem 0x7ec14d00-0x7ec24b83]
[    0.030762] ACPI: Reserving TPM2 table memory at [mem 0x7ec24b88-0x7ec24bbb]
[    0.030765] ACPI: Reserving BGRT table memory at [mem 0x7ec24bc0-0x7ec24bf7]
[    0.030768] ACPI: Reserving WSMT table memory at [mem 0x7ec24bf8-0x7ec24c1f]
[    0.031118] No NUMA configuration found
[    0.031121] Faking a node at [mem 0x0000000000000000-0x000000027effffff]
[    0.031130] NODE_DATA(0) allocated [mem 0x27e012000-0x27e015fff]
[    0.040296] Zone ranges:
[    0.040299]   DMA      [mem 0x0000000000001000-0x0000000000ffffff]
[    0.040305]   DMA32    [mem 0x0000000001000000-0x00000000ffffffff]
[    0.040310]   Normal   [mem 0x0000000100000000-0x000000027effffff]
[    0.040316] Movable zone start for each node
[    0.040318] Early memory node ranges
[    0.040321]   node   0: [mem 0x0000000000001000-0x0000000000057fff]
[    0.040324]   node   0: [mem 0x0000000000059000-0x000000000009dfff]
[    0.040327]   node   0: [mem 0x0000000000100000-0x000000007704ffff]
[    0.040331]   node   0: [mem 0x0000000077052000-0x000000007e701fff]
[    0.040334]   node   0: [mem 0x000000007f7fe000-0x000000007f7fefff]
[    0.040337]   node   0: [mem 0x0000000100000000-0x000000027effffff]
[    0.040341] Initmem setup node 0 [mem 0x0000000000001000-0x000000027effffff]
[    0.040353] On node 0, zone DMA: 1 pages in unavailable ranges
[    0.040359] On node 0, zone DMA: 1 pages in unavailable ranges
[    0.040501] On node 0, zone DMA: 98 pages in unavailable ranges
[    0.053927] On node 0, zone DMA32: 2 pages in unavailable ranges
[    0.055444] On node 0, zone DMA32: 4348 pages in unavailable ranges
[    0.097875] On node 0, zone Normal: 2049 pages in unavailable ranges
[    0.099305] On node 0, zone Normal: 4096 pages in unavailable ranges
[    0.176718] kasan: KernelAddressSanitizer initialized
[    0.177661] ACPI: PM-Timer IO Port: 0x1808
[    0.177670] ACPI: LAPIC_NMI (acpi_id[0x01] high edge lint[0x1])
[    0.177674] ACPI: LAPIC_NMI (acpi_id[0x02] high edge lint[0x1])
[    0.177677] ACPI: LAPIC_NMI (acpi_id[0x03] high edge lint[0x1])
[    0.177679] ACPI: LAPIC_NMI (acpi_id[0x04] high edge lint[0x1])
[    0.177682] ACPI: LAPIC_NMI (acpi_id[0x05] high edge lint[0x1])
[    0.177685] ACPI: LAPIC_NMI (acpi_id[0x06] high edge lint[0x1])
[    0.177687] ACPI: LAPIC_NMI (acpi_id[0x07] high edge lint[0x1])
[    0.177690] ACPI: LAPIC_NMI (acpi_id[0x08] high edge lint[0x1])
[    0.177727] IOAPIC[0]: apic_id 2, version 32, address 0xfec00000, GSI 0-119
[    0.177735] ACPI: INT_SRC_OVR (bus 0 bus_irq 0 global_irq 2 dfl dfl)
[    0.177739] ACPI: INT_SRC_OVR (bus 0 bus_irq 9 global_irq 9 high level)
[    0.177748] ACPI: Using ACPI (MADT) for SMP configuration information
[    0.177750] ACPI: HPET id: 0x8086a201 base: 0xfed00000
[    0.177761] e820: update [mem 0x7b09d000-0x7b136fff] usable ==> reserved
[    0.177783] TSC deadline timer available
[    0.177789] CPU topo: Max. logical packages:   1
[    0.177791] CPU topo: Max. logical dies:       1
[    0.177794] CPU topo: Max. dies per package:   1
[    0.177799] CPU topo: Max. threads per core:   2
[    0.177802] CPU topo: Num. cores per package:     4
[    0.177804] CPU topo: Num. threads per package:   8
[    0.177807] CPU topo: Allowing 8 present CPUs plus 0 hotplug CPUs
[    0.177878] PM: hibernation: Registered nosave memory: [mem 0x00000000-0x00000fff]
[    0.177884] PM: hibernation: Registered nosave memory: [mem 0x00058000-0x00058fff]
[    0.177889] PM: hibernation: Registered nosave memory: [mem 0x0009e000-0x000fffff]
[    0.177894] PM: hibernation: Registered nosave memory: [mem 0x74037000-0x74037fff]
[    0.177899] PM: hibernation: Registered nosave memory: [mem 0x74047000-0x74047fff]
[    0.177902] PM: hibernation: Registered nosave memory: [mem 0x74048000-0x74048fff]
[    0.177907] PM: hibernation: Registered nosave memory: [mem 0x74057000-0x74057fff]
[    0.177909] PM: hibernation: Registered nosave memory: [mem 0x74058000-0x74058fff]
[    0.177914] PM: hibernation: Registered nosave memory: [mem 0x74076000-0x74076fff]
[    0.177919] PM: hibernation: Registered nosave memory: [mem 0x77050000-0x77050fff]
[    0.177922] PM: hibernation: Registered nosave memory: [mem 0x77051000-0x77051fff]
[    0.177927] PM: hibernation: Registered nosave memory: [mem 0x7b09d000-0x7b136fff]
[    0.177932] PM: hibernation: Registered nosave memory: [mem 0x7e702000-0x7ebc5fff]
[    0.177935] PM: hibernation: Registered nosave memory: [mem 0x7ebc6000-0x7ec24fff]
[    0.177938] PM: hibernation: Registered nosave memory: [mem 0x7ec25000-0x7ec84fff]
[    0.177940] PM: hibernation: Registered nosave memory: [mem 0x7ec85000-0x7f7fdfff]
[    0.177946] PM: hibernation: Registered nosave memory: [mem 0x7f7ff000-0x7fffffff]
[    0.177948] PM: hibernation: Registered nosave memory: [mem 0x80000000-0xfdffffff]
[    0.177951] PM: hibernation: Registered nosave memory: [mem 0xfe000000-0xfe010fff]
[    0.177954] PM: hibernation: Registered nosave memory: [mem 0xfe011000-0xfebfffff]
[    0.177956] PM: hibernation: Registered nosave memory: [mem 0xfec00000-0xfec00fff]
[    0.177959] PM: hibernation: Registered nosave memory: [mem 0xfec01000-0xfecfffff]
[    0.177962] PM: hibernation: Registered nosave memory: [mem 0xfed00000-0xfed00fff]
[    0.177964] PM: hibernation: Registered nosave memory: [mem 0xfed01000-0xfedfffff]
[    0.177967] PM: hibernation: Registered nosave memory: [mem 0xfee00000-0xfee00fff]
[    0.177969] PM: hibernation: Registered nosave memory: [mem 0xfee01000-0xffffffff]
[    0.177977] [mem 0x80000000-0xfdffffff] available for PCI devices
[    0.177984] clocksource: refined-jiffies: mask: 0xffffffff max_cycles: 0xffffffff, max_idle_ns: 1910969940391419 ns
[    0.178003] setup_percpu: NR_CPUS:64 nr_cpumask_bits:8 nr_cpu_ids:8 nr_node_ids:1
[    0.181709] percpu: Embedded 525 pages/cpu s2110760 r8192 d31448 u4194304
[    0.181725] pcpu-alloc: s2110760 r8192 d31448 u4194304 alloc=2*2097152
[    0.181731] pcpu-alloc: [0] 0 [0] 1 [0] 2 [0] 3 [0] 4 [0] 5 [0] 6 [0] 7 
[    0.181806] Kernel command line: BOOT_IMAGE=/boot/vmlinuz-6.9.0 root=UUID=61a268dc-df96-4e69-9272-928240dcc445 ro net.ifnames=0 net.ifnames=0 ignore_loglevel ignore_loglevel netconsole=6666@192.168.2.104/eth1,514@192.168.2.1/ba:52:4d:77:4f:8e
[    0.181969] Unknown kernel command line parameters "BOOT_IMAGE=/boot/vmlinuz-6.9.0", will be passed to user space.
[    0.182569] Dentry cache hash table entries: 1048576 (order: 11, 8388608 bytes, linear)
[    0.182855] Inode-cache hash table entries: 524288 (order: 10, 4194304 bytes, linear)
[    0.183292] Fallback order for Node 0: 0 
[    0.183298] Built 1 zonelists, mobility grouping on.  Total pages: 2053796
[    0.183301] Policy zone: Normal
[    0.183327] mem auto-init: stack:off, heap alloc:off, heap free:off
[    0.183331] stackdepot: allocating hash table via alloc_large_system_hash
[    0.183337] stackdepot hash table entries: 1048576 (order: 12, 16777216 bytes, linear)
[    0.184472] software IO TLB: area num 8.
[    1.209408] Memory: 6586356K/8346228K available (49152K kernel code, 14265K rwdata, 10640K rodata, 4148K init, 278252K bss, 1759616K reserved, 0K cma-reserved)
[    1.209415] **********************************************************
[    1.209418] **   NOTICE NOTICE NOTICE NOTICE NOTICE NOTICE NOTICE   **
[    1.209420] **                                                      **
[    1.209422] ** This system shows unhashed kernel memory addresses   **
[    1.209425] ** via the console, logs, and other interfaces. This    **
[    1.209427] ** might reduce the security of your system.            **
[    1.209429] **                                                      **
[    1.209431] ** If you see this message and you are not debugging    **
[    1.209433] ** the kernel, report this immediately to your system   **
[    1.209436] ** administrator!                                       **
[    1.209438] **                                                      **
[    1.209440] **   NOTICE NOTICE NOTICE NOTICE NOTICE NOTICE NOTICE   **
[    1.209442] **********************************************************
[    1.209947] SLUB: HWalign=64, Order=0-3, MinObjects=0, CPUs=8, Nodes=1
[    1.214108] allocated 16777216 bytes of page_ext
[    1.214696] Dynamic Preempt: full
[    1.216214] Running RCU self tests
[    1.216217] Running RCU synchronous self tests
[    1.216279] rcu: Preemptible hierarchical RCU implementation.
[    1.216282] rcu: 	RCU event tracing is enabled.
[    1.216284] rcu: 	RCU lockdep checking is enabled.
[    1.216287] rcu: 	RCU restricting CPUs from NR_CPUS=64 to nr_cpu_ids=8.
[    1.216290] rcu: 	RCU callback double-/use-after-free debug is enabled.
[    1.216292] rcu: 	RCU debug extended QS entry/exit.
[    1.216295] 	Trampoline variant of Tasks RCU enabled.
[    1.216297] rcu: RCU calculated value of scheduler-enlistment delay is 100 jiffies.
[    1.216300] rcu: Adjusting geometry for rcu_fanout_leaf=16, nr_cpu_ids=8
[    1.216427] Running RCU synchronous self tests
[    1.216440] RCU Tasks: Setting shift to 3 and lim to 1 rcu_task_cb_adjust=1.
[    1.250121] NR_IRQS: 4352, nr_irqs: 2048, preallocated irqs: 16
[    1.251017] rcu: srcu_init: Setting srcu_struct sizes based on contention.
[    1.251737] Console: colour dummy device 80x25
[    1.251767] printk: legacy console [tty0] enabled
[    1.261171] Lock dependency validator: Copyright (c) 2006 Red Hat, Inc., Ingo Molnar
[    1.261214] ... MAX_LOCKDEP_SUBCLASSES:  8
[    1.261238] ... MAX_LOCK_DEPTH:          48
[    1.261262] ... MAX_LOCKDEP_KEYS:        8192
[    1.261287] ... CLASSHASH_SIZE:          4096
[    1.261311] ... MAX_LOCKDEP_ENTRIES:     32768
[    1.261336] ... MAX_LOCKDEP_CHAINS:      65536
[    1.261361] ... CHAINHASH_SIZE:          32768
[    1.261386]  memory used by lock dependency info: 6941 kB
[    1.261415]  memory used for stack traces: 262272 kB
[    1.261442]  per task-struct memory footprint: 2688 bytes
[    1.261616] ACPI: Core revision 20230628
[    1.263554] hpet: HPET dysfunctional in PC10. Force disabled.
[    1.263587] APIC: Switch to symmetric I/O mode setup
[    1.263617] DMAR: Host address width 39
[    1.263640] DMAR: DRHD base: 0x000000fed90000 flags: 0x1
[    1.263791] DMAR: dmar0: reg_base_addr fed90000 ver 1:0 cap d2008c40660462 ecap f050da
[    1.263836] DMAR: RMRR base: 0x0000007ef05000 end: 0x0000007f14efff
[    1.263897] DMAR: ANDD device: 1 name: \_SB.PCI0.I2C0
[    1.263926] DMAR: ANDD device: 2 name: \_SB.PCI0.I2C1
[    1.263953] DMAR: ANDD device: 9 name: \_SB.PCI0.UA00
[    1.263982] DMAR-IR: IOAPIC id 2 under DRHD base  0xfed90000 IOMMU 0
[    1.264016] DMAR-IR: HPET id 0 under DRHD base 0xfed90000
[    1.265640] DMAR-IR: Enabled IRQ remapping in xapic mode
[    1.271111] clocksource: tsc-early: mask: 0xffffffffffffffff max_cycles: 0x2caf46e03c8, max_idle_ns: 440795329092 ns
[    1.271319] Calibrating delay loop (skipped), value calculated using timer frequency.. 6199.99 BogoMIPS (lpj=3099999)
[    1.271401] CPU0: Thermal monitoring enabled (TM1)
[    1.271548] numa_add_cpu cpu 0 node 0: mask now 0
[    1.271580] Last level iTLB entries: 4KB 64, 2MB 8, 4MB 8
[    1.271611] Last level dTLB entries: 4KB 64, 2MB 0, 4MB 0, 1GB 4
[    1.271654] process: using mwait in idle threads
[    1.271689] Spectre V1 : Mitigation: usercopy/swapgs barriers and __user pointer sanitization
[    1.271737] Spectre V2 : Mitigation: IBRS
[    1.271766] Spectre V2 : Spectre v2 / SpectreRSB mitigation: Filling RSB on context switch
[    1.271824] Spectre V2 : Spectre v2 / SpectreRSB : Filling RSB on VMEXIT
[    1.271871] RETBleed: Mitigation: IBRS
[    1.271907] Spectre V2 : mitigation: Enabling conditional Indirect Branch Prediction Barrier
[    1.271966] Spectre V2 : User space: Mitigation: STIBP via prctl
[    1.272014] Speculative Store Bypass: Mitigation: Speculative Store Bypass disabled via prctl
[    1.272104] MDS: Mitigation: Clear CPU buffers
[    1.272141] MMIO Stale Data: Mitigation: Clear CPU buffers
[    1.272187] SRBDS: Mitigation: Microcode
[    1.272228] GDS: Mitigation: Microcode
[    1.272277] x86/fpu: Supporting XSAVE feature 0x001: 'x87 floating point registers'
[    1.272304] x86/fpu: Supporting XSAVE feature 0x002: 'SSE registers'
[    1.272304] x86/fpu: Supporting XSAVE feature 0x004: 'AVX registers'
[    1.272304] x86/fpu: Supporting XSAVE feature 0x008: 'MPX bounds registers'
[    1.272304] x86/fpu: Supporting XSAVE feature 0x010: 'MPX CSR'
[    1.272304] x86/fpu: xstate_offset[2]:  576, xstate_sizes[2]:  256
[    1.272304] x86/fpu: xstate_offset[3]:  832, xstate_sizes[3]:   64
[    1.272304] x86/fpu: xstate_offset[4]:  896, xstate_sizes[4]:   64
[    1.272304] x86/fpu: Enabled xstate features 0x1f, context size is 960 bytes, using 'compacted' format.
[    1.272304] debug: unmapping init [mem 0xffffffff9a239000-0xffffffff9a243fff]
[    1.272304] pid_max: default: 32768 minimum: 301
[    1.272304] LSM: initializing lsm=capability,selinux
[    1.272304] SELinux:  Initializing.
[    1.272304] Mount-cache hash table entries: 16384 (order: 5, 131072 bytes, linear)
[    1.272304] Mountpoint-cache hash table entries: 16384 (order: 5, 131072 bytes, linear)
[    1.272304] Running RCU synchronous self tests
[    1.272304] Running RCU synchronous self tests
[    1.272304] smpboot: CPU0: Intel(R) Core(TM) i7-8809G CPU @ 3.10GHz (family: 0x6, model: 0x9e, stepping: 0x9)
[    1.277873] Running RCU Tasks wait API self tests
[    1.383425] Performance Events: PEBS fmt3+, Skylake events, 32-deep LBR, full-width counters, Intel PMU driver.
[    1.383661] ... version:                4
[    1.383698] ... bit width:              48
[    1.383735] ... generic registers:      4
[    1.383771] ... value mask:             0000ffffffffffff
[    1.383816] ... max period:             00007fffffffffff
[    1.383861] ... fixed-purpose events:   3
[    1.383897] ... event mask:             000000070000000f
[    1.384645] signal: max sigframe size: 2032
[    1.384749] Estimated ratio of average max frequency by base frequency (times 1024): 1288
[    1.387399] rcu: Hierarchical SRCU implementation.
[    1.387443] rcu: 	Max phase no-delay instances is 400.
[    1.399742] NMI watchdog: Enabled. Permanently consumes one hw-PMU counter.
[    1.402959] smp: Bringing up secondary CPUs ...
[    1.405895] smpboot: x86: Booting SMP configuration:
[    1.405961] .... node  #0, CPUs:      #1 #2 #3
[    0.021155] numa_add_cpu cpu 1 node 0: mask now 0-1
[    0.021155] numa_add_cpu cpu 2 node 0: mask now 0-2
[    0.021155] numa_add_cpu cpu 3 node 0: mask now 0-3
[    1.417484]  #4 #5 #6 #7
[    0.021155] numa_add_cpu cpu 4 node 0: mask now 0-4
[    1.430366] MDS CPU bug present and SMT on, data leak possible. See https://www.kernel.org/doc/html/latest/admin-guide/hw-vuln/mds.html for more details.
[    1.430568] MMIO Stale Data CPU bug present and SMT on, data leak possible. See https://www.kernel.org/doc/html/latest/admin-guide/hw-vuln/processor_mmio_stale_data.html for more details.
[    0.021155] numa_add_cpu cpu 5 node 0: mask now 0-5
[    0.021155] numa_add_cpu cpu 6 node 0: mask now 0-6
[    0.021155] numa_add_cpu cpu 7 node 0: mask now 0-7
[    1.432508] smp: Brought up 1 node, 8 CPUs
[    1.432532] smpboot: Total of 8 processors activated (49599.98 BogoMIPS)
[    1.446329] devtmpfs: initialized
[    1.472344] ACPI: PM: Registering ACPI NVS region [mem 0x77050000-0x77050fff] (4096 bytes)
[    1.472453] ACPI: PM: Registering ACPI NVS region [mem 0x7ec25000-0x7ec84fff] (393216 bytes)
[    1.476026] Running RCU synchronous self tests
[    1.476114] Running RCU synchronous self tests
[    1.484774] DMA-API: preallocated 65536 debug entries
[    1.484824] DMA-API: debugging enabled by kernel config
[    1.484871] clocksource: jiffies: mask: 0xffffffff max_cycles: 0xffffffff, max_idle_ns: 1911260446275000 ns
[    1.484985] futex hash table entries: 2048 (order: 6, 262144 bytes, linear)
[    1.487688] PM: RTC time: 10:24:11, date: 2024-05-17
[    1.490516] NET: Registered PF_NETLINK/PF_ROUTE protocol family
[    1.497900] audit: initializing netlink subsys (disabled)
[    1.498567] audit: type=2000 audit(1715941451.227:1): state=initialized audit_enabled=0 res=1
[    1.503495] thermal_sys: Registered thermal governor 'step_wise'
[    1.503504] thermal_sys: Registered thermal governor 'user_space'
[    1.503826] cpuidle: using governor menu
[    1.506275] ACPI FADT declares the system doesn't support PCIe ASPM, so disable it
[    1.509637] PCI: ECAM [mem 0xe0000000-0xefffffff] (base 0xe0000000) for domain 0000 [bus 00-ff]
[    1.509718] PCI: not using ECAM ([mem 0xe0000000-0xefffffff] not reserved)
[    1.509787] PCI: Using configuration type 1 for base access
[    1.510532] kprobes: kprobe jump-optimization is enabled. All kprobes are optimized if possible.
[    1.511703] workqueue: round-robin CPU selection forced, expect performance impact
[    1.514508] HugeTLB: registered 2.00 MiB page size, pre-allocated 0 pages
[    1.514535] HugeTLB: 28 KiB vmemmap can be freed for a 2.00 MiB page
[    1.516982] Demotion targets for Node 0: null
[    1.527801] ACPI: Added _OSI(Module Device)
[    1.527845] ACPI: Added _OSI(Processor Device)
[    1.527887] ACPI: Added _OSI(3.0 _SCP Extensions)
[    1.527930] ACPI: Added _OSI(Processor Aggregator Device)
[    1.592091] Callback from call_rcu_tasks() invoked.
[    3.992350] ACPI: 14 ACPI AML tables successfully acquired and loaded
[    4.623700] ACPI: Dynamic OEM Table Load:
[    4.623816] ACPI: SSDT 0xFFFF888106EF9000 0003FF (v02 PmRef  Cpu0Cst  00003001 INTL 20160422)
[    4.662510] ACPI: Dynamic OEM Table Load:
[    4.662620] ACPI: SSDT 0xFFFF888106F3E800 0006B4 (v02 PmRef  Cpu0Ist  00003000 INTL 20160422)
[    4.746857] ACPI: Dynamic OEM Table Load:
[    4.746970] ACPI: SSDT 0xFFFF888106F04000 000D14 (v02 PmRef  ApIst    00003000 INTL 20160422)
[    4.894776] ACPI: Dynamic OEM Table Load:
[    4.894939] ACPI: SSDT 0xFFFF888106EF9C00 000317 (v02 PmRef  ApHwp    00003000 INTL 20160422)
[    4.931954] ACPI: Dynamic OEM Table Load:
[    4.932128] ACPI: SSDT 0xFFFF888106EFA800 00030A (v02 PmRef  ApCst    00003000 INTL 20160422)
[    5.206816] ACPI: _OSC evaluated successfully for all CPUs
[    5.216292] ACPI: EC: EC started
[    5.216309] ACPI: EC: interrupt blocked
[    5.216878] ACPI: EC: EC_CMD/EC_SC=0x66, EC_DATA=0x62
[    5.216946] ACPI: \_SB_.PCI0.LPCB.H_EC: Boot DSDT EC used to handle transactions
[    5.217020] ACPI: Interpreter enabled
[    5.217693] ACPI: PM: (supports S0 S3 S4 S5)
[    5.217745] ACPI: Using IOAPIC for interrupt routing
[    5.220079] PCI: ECAM [mem 0xe0000000-0xefffffff] (base 0xe0000000) for domain 0000 [bus 00-ff]
[    5.360057] PCI: ECAM [mem 0xe0000000-0xefffffff] reserved as ACPI motherboard resource
[    5.397927] PCI: Using host bridge windows from ACPI; if necessary, use "pci=nocrs" and report a bug
[    5.398003] PCI: Using E820 reservations for host bridge windows
[    5.488466] ACPI: Enabled 7 GPEs in block 00 to 7F
[    5.677483] ACPI: \_SB_.PCI0.PEG0.PG00: New power resource
[    5.712106] ACPI: \_SB_.PCI0.PEG1.PG01: New power resource
[    5.796532] ACPI: \_SB_.PCI0.PEG2.PG02: New power resource
[    8.157611] ACPI: \_TZ_.FN00: New power resource
[    8.165670] ACPI: \_TZ_.FN01: New power resource
[    8.174017] ACPI: \_TZ_.FN02: New power resource
[    8.181980] ACPI: \_TZ_.FN03: New power resource
[    8.190180] ACPI: \_TZ_.FN04: New power resource
[    8.266350] ACPI: PCI Root Bridge [PCI0] (domain 0000 [bus 00-fe])
[    8.266491] acpi PNP0A08:00: _OSC: OS supports [ExtendedConfig ASPM ClockPM Segments MSI HPX-Type3]
[    8.278254] acpi PNP0A08:00: _OSC: platform does not support [PME AER]
[    8.300320] acpi PNP0A08:00: _OSC: OS now controls [PCIeCapability LTR]
[    8.300380] acpi PNP0A08:00: FADT indicates ASPM is unsupported, using BIOS configuration
[    8.338654] PCI host bridge to bus 0000:00
[    8.338719] pci_bus 0000:00: root bus resource [io  0x0000-0x0cf7 window]
[    8.338803] pci_bus 0000:00: root bus resource [io  0x0d00-0xffff window]
[    8.339038] pci_bus 0000:00: root bus resource [mem 0x000a0000-0x000effff window]
[    8.339123] pci_bus 0000:00: root bus resource [mem 0x80000000-0xdfffffff window]
[    8.339204] pci_bus 0000:00: root bus resource [mem 0x2000000000-0x2fffffffff window]
[    8.339288] pci_bus 0000:00: root bus resource [mem 0xfd000000-0xfe7fffff window]
[    8.339336] pci_bus 0000:00: root bus resource [bus 00-fe]
[    8.344386] pci 0000:00:00.0: [8086:5910] type 00 class 0x060000 conventional PCI endpoint
[    8.346765] pci 0000:00:01.0: [8086:1901] type 01 class 0x060400 PCIe Root Port
[    8.346890] pci 0000:00:01.0: PCI bridge to [bus 01]
[    8.346940] pci 0000:00:01.0:   bridge window [io  0xe000-0xefff]
[    8.346997] pci 0000:00:01.0:   bridge window [mem 0xdb800000-0xdc1fffff]
[    8.347081] pci 0000:00:01.0:   bridge window [mem 0x90000000-0xa01fffff 64bit pref]
[    8.347438] pci 0000:00:01.0: PME# supported from D0 D3hot D3cold
[    8.393894] pci 0000:00:01.1: [8086:1905] type 01 class 0x060400 PCIe Root Port
[    8.394020] pci 0000:00:01.1: PCI bridge to [bus 02]
[    8.394070] pci 0000:00:01.1:   bridge window [io  0xd000-0xdfff]
[    8.394126] pci 0000:00:01.1:   bridge window [mem 0xdae00000-0xdb7fffff]
[    8.394479] pci 0000:00:01.1: PME# supported from D0 D3hot D3cold
[    8.440037] pci 0000:00:01.2: [8086:1909] type 01 class 0x060400 PCIe Root Port
[    8.440162] pci 0000:00:01.2: PCI bridge to [bus 03]
[    8.440212] pci 0000:00:01.2:   bridge window [io  0xc000-0xcfff]
[    8.440268] pci 0000:00:01.2:   bridge window [mem 0xda400000-0xdadfffff]
[    8.440617] pci 0000:00:01.2: PME# supported from D0 D3hot D3cold
[    8.486057] pci 0000:00:08.0: [8086:1911] type 00 class 0x088000 conventional PCI endpoint
[    8.486161] pci 0000:00:08.0: BAR 0 [mem 0x2ffff2b000-0x2ffff2bfff 64bit]
[    8.489065] pci 0000:00:14.0: [8086:a12f] type 00 class 0x0c0330 conventional PCI endpoint
[    8.489192] pci 0000:00:14.0: BAR 0 [mem 0x2ffff10000-0x2ffff1ffff 64bit]
[    8.489594] pci 0000:00:14.0: PME# supported from D3hot D3cold
[    8.534252] pci 0000:00:14.2: [8086:a131] type 00 class 0x118000 conventional PCI endpoint
[    8.534761] pci 0000:00:14.2: BAR 0 [mem 0x2ffff2a000-0x2ffff2afff 64bit]
[    8.536769] pci 0000:00:15.0: [8086:a160] type 00 class 0x118000 conventional PCI endpoint
[    8.537050] pci 0000:00:15.0: BAR 0 [mem 0x2ffff29000-0x2ffff29fff 64bit]
[    8.555311] pci 0000:00:15.1: [8086:a161] type 00 class 0x118000 conventional PCI endpoint
[    8.555593] pci 0000:00:15.1: BAR 0 [mem 0x2ffff28000-0x2ffff28fff 64bit]
[    8.573056] pci 0000:00:15.2: [8086:a162] type 00 class 0x118000 conventional PCI endpoint
[    8.573337] pci 0000:00:15.2: BAR 0 [mem 0x2ffff27000-0x2ffff27fff 64bit]
[    8.591236] pci 0000:00:16.0: [8086:a13a] type 00 class 0x078000 conventional PCI endpoint
[    8.591942] pci 0000:00:16.0: BAR 0 [mem 0x2ffff26000-0x2ffff26fff 64bit]
[    8.592299] pci 0000:00:16.0: PME# supported from D3hot
[    8.620040] pci 0000:00:1c.0: [8086:a110] type 01 class 0x060400 PCIe Root Port
[    8.620195] pci 0000:00:1c.0: PCI bridge to [bus 04]
[    8.620984] pci 0000:00:1c.0: PME# supported from D0 D3hot D3cold
[    8.673676] pci 0000:00:1c.1: [8086:a111] type 01 class 0x060400 PCIe Root Port
[    8.673830] pci 0000:00:1c.1: PCI bridge to [bus 05]
[    8.673884] pci 0000:00:1c.1:   bridge window [io  0xb000-0xbfff]
[    8.673942] pci 0000:00:1c.1:   bridge window [mem 0xdc300000-0xdc3fffff]
[    8.674402] pci 0000:00:1c.1: PME# supported from D0 D3hot D3cold
[    8.674513] pci 0000:00:1c.1: Intel SPT PCH root port ACS workaround enabled
[    8.726214] pci 0000:00:1c.2: [8086:a112] type 01 class 0x060400 PCIe Root Port
[    8.726366] pci 0000:00:1c.2: PCI bridge to [bus 06]
[    8.726425] pci 0000:00:1c.2:   bridge window [mem 0xda200000-0xda3fffff]
[    8.726893] pci 0000:00:1c.2: PME# supported from D0 D3hot D3cold
[    8.727003] pci 0000:00:1c.2: Intel SPT PCH root port ACS workaround enabled
[    8.777957] pci 0000:00:1c.4: [8086:a114] type 01 class 0x060400 PCIe Root Port
[    8.778113] pci 0000:00:1c.4: PCI bridge to [bus 07-71]
[    8.778175] pci 0000:00:1c.4:   bridge window [mem 0xac000000-0xda0fffff]
[    8.778259] pci 0000:00:1c.4:   bridge window [mem 0x2fb0000000-0x2ff9ffffff 64bit pref]
[    8.778669] pci 0000:00:1c.4: PME# supported from D0 D3hot D3cold
[    8.778779] pci 0000:00:1c.4: Intel SPT PCH root port ACS workaround enabled
[    8.829245] pci 0000:00:1d.0: [8086:a118] type 01 class 0x060400 PCIe Root Port
[    8.829781] pci 0000:00:1d.0: PCI bridge to [bus 72]
[    8.829842] pci 0000:00:1d.0:   bridge window [mem 0xdc200000-0xdc2fffff]
[    8.830297] pci 0000:00:1d.0: PME# supported from D0 D3hot D3cold
[    8.830369] pci 0000:00:1d.0: Intel SPT PCH root port ACS workaround enabled
[    8.882009] pci 0000:00:1e.0: [8086:a127] type 00 class 0x118000 conventional PCI endpoint
[    8.882291] pci 0000:00:1e.0: BAR 0 [mem 0x2ffff25000-0x2ffff25fff 64bit]
[    8.899957] pci 0000:00:1f.0: [8086:a152] type 00 class 0x060100 conventional PCI endpoint
[    8.917804] pci 0000:00:1f.2: [8086:a121] type 00 class 0x058000 conventional PCI endpoint
[    8.917908] pci 0000:00:1f.2: BAR 0 [mem 0xda120000-0xda123fff]
[    8.935518] pci 0000:00:1f.3: [8086:a171] type 00 class 0x040300 conventional PCI endpoint
[    8.935637] pci 0000:00:1f.3: BAR 0 [mem 0x2ffff20000-0x2ffff23fff 64bit]
[    8.935752] pci 0000:00:1f.3: BAR 4 [mem 0x2ffff00000-0x2ffff0ffff 64bit]
[    8.936054] pci 0000:00:1f.3: PME# supported from D3hot D3cold
[    8.983451] pci 0000:00:1f.4: [8086:a123] type 00 class 0x0c0500 conventional PCI endpoint
[    8.983606] pci 0000:00:1f.4: BAR 0 [mem 0x2ffff24000-0x2ffff240ff 64bit]
[    8.983768] pci 0000:00:1f.4: BAR 4 [io  0xf000-0xf01f]
[    9.000528] pci 0000:00:1f.6: [8086:15b7] type 00 class 0x020000 conventional PCI endpoint
[    9.000635] pci 0000:00:1f.6: BAR 0 [mem 0xda100000-0xda11ffff]
[    9.001014] pci 0000:00:1f.6: PME# supported from D0 D3hot D3cold
[    9.019813] pci 0000:01:00.0: [1002:694c] type 00 class 0x030000 PCIe Legacy Endpoint
[    9.019923] pci 0000:01:00.0: BAR 0 [mem 0x90000000-0x9fffffff 64bit pref]
[    9.020008] pci 0000:01:00.0: BAR 2 [mem 0xa0000000-0xa01fffff 64bit pref]
[    9.020092] pci 0000:01:00.0: BAR 4 [io  0xe000-0xe0ff]
[    9.020156] pci 0000:01:00.0: BAR 5 [mem 0xdb800000-0xdb83ffff]
[    9.020225] pci 0000:01:00.0: ROM [mem 0xdb840000-0xdb85ffff pref]
[    9.020679] pci 0000:01:00.0: Video device with shadowed ROM at [mem 0x000c0000-0x000dffff]
[    9.020895] pci 0000:01:00.0: supports D1 D2
[    9.020936] pci 0000:01:00.0: PME# supported from D1 D2 D3hot D3cold
[    9.026797] pci 0000:01:00.1: [1002:ab08] type 00 class 0x040300 PCIe Legacy Endpoint
[    9.026901] pci 0000:01:00.1: BAR 0 [mem 0xdb860000-0xdb863fff 64bit]
[    9.027424] pci 0000:01:00.1: supports D1 D2
[    9.029095] pci 0000:00:01.0: PCI bridge to [bus 01]
[    9.030574] pci 0000:02:00.0: [1b21:2142] type 00 class 0x0c0330 PCIe Legacy Endpoint
[    9.030685] pci 0000:02:00.0: BAR 0 [mem 0xdae00000-0xdae07fff 64bit]
[    9.031259] pci 0000:02:00.0: PME# supported from D0 D3hot D3cold
[    9.036324] pci 0000:00:01.1: PCI bridge to [bus 02]
[    9.037329] pci 0000:03:00.0: [1217:8621] type 00 class 0x080501 PCIe Endpoint
[    9.037430] pci 0000:03:00.0: BAR 0 [mem 0xda401000-0xda401fff]
[    9.037503] pci 0000:03:00.0: BAR 1 [mem 0xda400000-0xda4007ff]
[    9.038198] pci 0000:03:00.0: PME# supported from D3hot D3cold
[    9.046615] pci 0000:00:01.2: PCI bridge to [bus 03]
[    9.047448] pci 0000:00:1c.0: PCI bridge to [bus 04]
[    9.048454] pci 0000:05:00.0: [8086:157b] type 00 class 0x020000 PCIe Endpoint
[    9.048564] pci 0000:05:00.0: BAR 0 [mem 0xdc300000-0xdc31ffff]
[    9.048658] pci 0000:05:00.0: BAR 2 [io  0xb000-0xb01f]
[    9.048730] pci 0000:05:00.0: BAR 3 [mem 0xdc320000-0xdc323fff]
[    9.049331] pci 0000:05:00.0: PME# supported from D0 D3hot D3cold
[    9.054498] pci 0000:00:1c.1: PCI bridge to [bus 05]
[    9.055634] pci 0000:06:00.0: [17cb:1103] type 00 class 0x028000 PCIe Endpoint
[    9.055742] pci 0000:06:00.0: BAR 0 [mem 0xda200000-0xda3fffff 64bit]
[    9.056375] pci 0000:06:00.0: PME# supported from D0 D3hot D3cold
[    9.061500] pci 0000:00:1c.2: PCI bridge to [bus 06]
[    9.062339] pci 0000:00:1c.4: PCI bridge to [bus 07-71]
[    9.063534] pci 0000:72:00.0: [c0a9:2263] type 00 class 0x010802 PCIe Endpoint
[    9.063696] pci 0000:72:00.0: BAR 0 [mem 0xdc200000-0xdc203fff 64bit]
[    9.069654] pci 0000:00:1d.0: PCI bridge to [bus 72]
[    9.284204] ACPI: PCI: Interrupt link LNKA configured for IRQ 11
[    9.290729] ACPI: PCI: Interrupt link LNKB configured for IRQ 10
[    9.296745] ACPI: PCI: Interrupt link LNKC configured for IRQ 11
[    9.302817] ACPI: PCI: Interrupt link LNKD configured for IRQ 11
[    9.307939] ACPI: PCI: Interrupt link LNKE configured for IRQ 11
[    9.313895] ACPI: PCI: Interrupt link LNKF configured for IRQ 11
[    9.320728] ACPI: PCI: Interrupt link LNKG configured for IRQ 11
[    9.326669] ACPI: PCI: Interrupt link LNKH configured for IRQ 11
[    9.731124] ACPI: EC: interrupt unblocked
[    9.731177] ACPI: EC: event unblocked
[    9.731218] ACPI: EC: EC_CMD/EC_SC=0x66, EC_DATA=0x62
[    9.731269] ACPI: EC: GPE=0x12
[    9.731326] ACPI: \_SB_.PCI0.LPCB.H_EC: Boot DSDT EC initialization complete
[    9.731426] ACPI: \_SB_.PCI0.LPCB.H_EC: EC: Used to handle transactions and events
[    9.732995] iommu: Default domain type: Translated
[    9.733040] iommu: DMA domain TLB invalidation policy: lazy mode
[    9.738195] SCSI subsystem initialized
[    9.739537] libata version 3.00 loaded.
[    9.741405] ACPI: bus type USB registered
[    9.742386] usbcore: registered new interface driver usbfs
[    9.742813] usbcore: registered new interface driver hub
[    9.743371] usbcore: registered new device driver usb
[    9.744660] pps_core: LinuxPPS API ver. 1 registered
[    9.744705] pps_core: Software ver. 5.3.6 - Copyright 2005-2007 Rodolfo Giometti <giometti@linux.it>
[    9.744980] PTP clock support registered
[    9.747139] EDAC MC: Ver: 3.0.0
[    9.751357] efivars: Registered efivars operations
[    9.759783] NetLabel: Initializing
[    9.759823] NetLabel:  domain hash size = 128
[    9.759862] NetLabel:  protocols = UNLABELED CIPSOv4 CALIPSO
[    9.760754] NetLabel:  unlabeled traffic allowed by default
[    9.762332] PCI: Using ACPI for IRQ routing
[    9.788276] PCI: pci_cache_line_size set to 64 bytes
[    9.788825] e820: reserve RAM buffer [mem 0x00058000-0x0005ffff]
[    9.788929] e820: reserve RAM buffer [mem 0x0009e000-0x0009ffff]
[    9.789004] e820: reserve RAM buffer [mem 0x74037018-0x77ffffff]
[    9.789078] e820: reserve RAM buffer [mem 0x74048018-0x77ffffff]
[    9.789152] e820: reserve RAM buffer [mem 0x74058018-0x77ffffff]
[    9.789225] e820: reserve RAM buffer [mem 0x77050000-0x77ffffff]
[    9.789299] e820: reserve RAM buffer [mem 0x7b09d000-0x7bffffff]
[    9.789335] e820: reserve RAM buffer [mem 0x7e702000-0x7fffffff]
[    9.789418] e820: reserve RAM buffer [mem 0x7f7ff000-0x7fffffff]
[    9.789497] e820: reserve RAM buffer [mem 0x27f000000-0x27fffffff]
[    9.792447] pci 0000:01:00.0: vgaarb: setting as boot VGA device
[    9.792515] pci 0000:01:00.0: vgaarb: bridge control possible
[    9.792565] pci 0000:01:00.0: vgaarb: VGA device added: decodes=io+mem,owns=mem,locks=none
[    9.792652] vgaarb: loaded
[    9.803885] clocksource: Switched to clocksource tsc-early
[    9.809741] VFS: Disk quotas dquot_6.6.0
[    9.810039] VFS: Dquot-cache hash table entries: 512 (order 0, 4096 bytes)
[    9.812928] pnp: PnP ACPI init
[    9.837304] system 00:00: [io  0x0a00-0x0a1f] has been reserved
[    9.837406] system 00:00: [io  0x0a20-0x0a2f] has been reserved
[    9.837496] system 00:00: [io  0x0a30-0x0a3f] has been reserved
[    9.837585] system 00:00: [io  0x0a40-0x0a4f] has been reserved
[    9.837673] system 00:00: [io  0x0a50-0x0a5f] has been reserved
[    9.837767] system 00:00: [io  0x0a60-0x0a6f] has been reserved
[    9.858639] system 00:01: [io  0x0680-0x069f] has been reserved
[    9.858733] system 00:01: [io  0xffff] has been reserved
[    9.858819] system 00:01: [io  0xffff] has been reserved
[    9.858910] system 00:01: [io  0xffff] has been reserved
[    9.858994] system 00:01: [io  0x1800-0x18fe] has been reserved
[    9.859082] system 00:01: [io  0x164e-0x164f] has been reserved
[    9.863449] system 00:02: [io  0x0800-0x087f] has been reserved
[    9.867673] system 00:04: [io  0x1854-0x1857] has been reserved
[    9.887528] system 00:05: [mem 0xfed10000-0xfed17fff] has been reserved
[    9.887634] system 00:05: [mem 0xfed18000-0xfed18fff] has been reserved
[    9.887734] system 00:05: [mem 0xfed19000-0xfed19fff] has been reserved
[    9.887828] system 00:05: [mem 0xe0000000-0xefffffff] has been reserved
[    9.887921] system 00:05: [mem 0xfed20000-0xfed3ffff] has been reserved
[    9.888044] system 00:05: [mem 0xfed90000-0xfed93fff] could not be reserved
[    9.888139] system 00:05: [mem 0xfed45000-0xfed8ffff] has been reserved
[    9.888262] system 00:05: [mem 0xff000000-0xffffffff] has been reserved
[    9.888381] system 00:05: [mem 0xfee00000-0xfeefffff] could not be reserved
[    9.888477] system 00:05: [mem 0xdffe0000-0xdfffffff] has been reserved
[    9.892054] system 00:06: [mem 0xfd000000-0xfdabffff] has been reserved
[    9.892151] system 00:06: [mem 0xfdad0000-0xfdadffff] has been reserved
[    9.892263] system 00:06: [mem 0xfdb00000-0xfdffffff] has been reserved
[    9.892389] system 00:06: [mem 0xfe000000-0xfe01ffff] could not be reserved
[    9.892486] system 00:06: [mem 0xfe036000-0xfe03bfff] has been reserved
[    9.892579] system 00:06: [mem 0xfe03d000-0xfe3fffff] has been reserved
[    9.892671] system 00:06: [mem 0xfe410000-0xfe7fffff] has been reserved
[    9.906204] system 00:07: [io  0xff00-0xfffe] has been reserved
[   10.057022] pnp: PnP ACPI: found 9 devices
[   10.129600] clocksource: acpi_pm: mask: 0xffffff max_cycles: 0xffffff, max_idle_ns: 2085701024 ns
[   10.129970] pci 0000:00:1f.1: [8086:a120] type 00 class 0x058000 conventional PCI endpoint
[   10.130139] pci 0000:00:1f.1: BAR 0 [mem 0xfd000000-0xfdffffff 64bit]
[   10.133475] NET: Registered PF_INET protocol family
[   10.134124] IP idents hash table entries: 131072 (order: 8, 1048576 bytes, linear)
[   10.140851] tcp_listen_portaddr_hash hash table entries: 4096 (order: 6, 327680 bytes, linear)
[   10.141147] Table-perturb hash table entries: 65536 (order: 6, 262144 bytes, linear)
[   10.141522] TCP established hash table entries: 65536 (order: 7, 524288 bytes, linear)
[   10.143837] TCP bind hash table entries: 65536 (order: 11, 10485760 bytes, vmalloc hugepage)
[   10.150525] TCP: Hash tables configured (established 65536 bind 65536)
[   10.152025] UDP hash table entries: 4096 (order: 7, 786432 bytes, linear)
[   10.152778] UDP-Lite hash table entries: 4096 (order: 7, 786432 bytes, linear)
[   10.155474] NET: Registered PF_UNIX/PF_LOCAL protocol family
[   10.159284] RPC: Registered named UNIX socket transport module.
[   10.159354] RPC: Registered udp transport module.
[   10.159397] RPC: Registered tcp transport module.
[   10.159440] RPC: Registered tcp-with-tls transport module.
[   10.159488] RPC: Registered tcp NFSv4.1 backchannel transport module.
[   10.159577] pci 0000:00:1c.4: bridge window [io  0x1000-0x0fff] to [bus 07-71] add_size 1000
[   10.159703] pci 0000:00:1c.4: bridge window [io  0x2000-0x2fff]: assigned
[   10.159802] pci 0000:00:01.0: PCI bridge to [bus 01]
[   10.159849] pci 0000:00:01.0:   bridge window [io  0xe000-0xefff]
[   10.159909] pci 0000:00:01.0:   bridge window [mem 0xdb800000-0xdc1fffff]
[   10.159971] pci 0000:00:01.0:   bridge window [mem 0x90000000-0xa01fffff 64bit pref]
[   10.160046] pci 0000:00:01.1: PCI bridge to [bus 02]
[   10.160091] pci 0000:00:01.1:   bridge window [io  0xd000-0xdfff]
[   10.160150] pci 0000:00:01.1:   bridge window [mem 0xdae00000-0xdb7fffff]
[   10.160244] pci 0000:00:01.2: PCI bridge to [bus 03]
[   10.160289] pci 0000:00:01.2:   bridge window [io  0xc000-0xcfff]
[   10.160348] pci 0000:00:01.2:   bridge window [mem 0xda400000-0xdadfffff]
[   10.160421] pci 0000:00:1c.0: PCI bridge to [bus 04]
[   10.160498] pci 0000:00:1c.1: PCI bridge to [bus 05]
[   10.160544] pci 0000:00:1c.1:   bridge window [io  0xb000-0xbfff]
[   10.160607] pci 0000:00:1c.1:   bridge window [mem 0xdc300000-0xdc3fffff]
[   10.160685] pci 0000:00:1c.2: PCI bridge to [bus 06]
[   10.160740] pci 0000:00:1c.2:   bridge window [mem 0xda200000-0xda3fffff]
[   10.160818] pci 0000:00:1c.4: PCI bridge to [bus 07-71]
[   10.160868] pci 0000:00:1c.4:   bridge window [io  0x2000-0x2fff]
[   10.160932] pci 0000:00:1c.4:   bridge window [mem 0xac000000-0xda0fffff]
[   10.160997] pci 0000:00:1c.4:   bridge window [mem 0x2fb0000000-0x2ff9ffffff 64bit pref]
[   10.161080] pci 0000:00:1d.0: PCI bridge to [bus 72]
[   10.161136] pci 0000:00:1d.0:   bridge window [mem 0xdc200000-0xdc2fffff]
[   10.161239] pci_bus 0000:00: resource 4 [io  0x0000-0x0cf7 window]
[   10.161292] pci_bus 0000:00: resource 5 [io  0x0d00-0xffff window]
[   10.161344] pci_bus 0000:00: resource 6 [mem 0x000a0000-0x000effff window]
[   10.161401] pci_bus 0000:00: resource 7 [mem 0x80000000-0xdfffffff window]
[   10.161458] pci_bus 0000:00: resource 8 [mem 0x2000000000-0x2fffffffff window]
[   10.161519] pci_bus 0000:00: resource 9 [mem 0xfd000000-0xfe7fffff window]
[   10.161576] pci_bus 0000:01: resource 0 [io  0xe000-0xefff]
[   10.161624] pci_bus 0000:01: resource 1 [mem 0xdb800000-0xdc1fffff]
[   10.161677] pci_bus 0000:01: resource 2 [mem 0x90000000-0xa01fffff 64bit pref]
[   10.161737] pci_bus 0000:02: resource 0 [io  0xd000-0xdfff]
[   10.161785] pci_bus 0000:02: resource 1 [mem 0xdae00000-0xdb7fffff]
[   10.161838] pci_bus 0000:03: resource 0 [io  0xc000-0xcfff]
[   10.161886] pci_bus 0000:03: resource 1 [mem 0xda400000-0xdadfffff]
[   10.161939] pci_bus 0000:05: resource 0 [io  0xb000-0xbfff]
[   10.161987] pci_bus 0000:05: resource 1 [mem 0xdc300000-0xdc3fffff]
[   10.162040] pci_bus 0000:06: resource 1 [mem 0xda200000-0xda3fffff]
[   10.162093] pci_bus 0000:07: resource 0 [io  0x2000-0x2fff]
[   10.162141] pci_bus 0000:07: resource 1 [mem 0xac000000-0xda0fffff]
[   10.162208] pci_bus 0000:07: resource 2 [mem 0x2fb0000000-0x2ff9ffffff 64bit pref]
[   10.162272] pci_bus 0000:72: resource 1 [mem 0xdc200000-0xdc2fffff]
[   10.187645] pci 0000:00:14.0: quirk_usb_early_handoff+0x0/0x2f0 took 18140 usecs
[   10.189144] pci 0000:01:00.1: D0 power state depends on 0000:01:00.0
[   10.189417] pci 0000:02:00.0: PME# does not work under D0, disabling it
[   10.202867] pci 0000:02:00.0: quirk_usb_early_handoff+0x0/0x2f0 took 13076 usecs
[   10.203321] PCI: CLS 64 bytes, default 64
[   10.203657] DMAR: ACPI device "device:85" under DMAR at fed90000 as 00:15.0
[   10.203769] DMAR: ACPI device "device:86" under DMAR at fed90000 as 00:15.1
[   10.203863] DMAR: ACPI device "device:88" under DMAR at fed90000 as 00:1e.0
[   10.204045] DMAR: No ATSR found
[   10.204077] DMAR: No SATC found
[   10.204109] DMAR: dmar0: Using Queued invalidation
[   10.205437] Unpacking initramfs...
[   10.206716] pci 0000:00:00.0: Adding to iommu group 0
[   10.207602] pci 0000:00:01.0: Adding to iommu group 1
[   10.207964] pci 0000:00:01.1: Adding to iommu group 1
[   10.208334] pci 0000:00:01.2: Adding to iommu group 1
[   10.208857] pci 0000:00:08.0: Adding to iommu group 2
[   10.209560] pci 0000:00:14.0: Adding to iommu group 3
[   10.209927] pci 0000:00:14.2: Adding to iommu group 3
[   10.210710] pci 0000:00:15.0: Adding to iommu group 4
[   10.211089] pci 0000:00:15.1: Adding to iommu group 4
[   10.211481] pci 0000:00:15.2: Adding to iommu group 4
[   10.212107] pci 0000:00:16.0: Adding to iommu group 5
[   10.212750] pci 0000:00:1c.0: Adding to iommu group 6
[   10.214183] pci 0000:00:1c.1: Adding to iommu group 7
[   10.214710] pci 0000:00:1c.2: Adding to iommu group 8
[   10.215256] pci 0000:00:1c.4: Adding to iommu group 9
[   10.215799] pci 0000:00:1d.0: Adding to iommu group 10
[   10.217715] pci 0000:00:1e.0: Adding to iommu group 11
[   10.218606] pci 0000:00:1f.0: Adding to iommu group 12
[   10.219001] pci 0000:00:1f.2: Adding to iommu group 12
[   10.219416] pci 0000:00:1f.3: Adding to iommu group 12
[   10.219816] pci 0000:00:1f.4: Adding to iommu group 12
[   10.220386] pci 0000:00:1f.6: Adding to iommu group 13
[   10.220667] pci 0000:01:00.0: Adding to iommu group 1
[   10.220931] pci 0000:01:00.1: Adding to iommu group 1
[   10.221209] pci 0000:02:00.0: Adding to iommu group 1
[   10.221485] pci 0000:03:00.0: Adding to iommu group 1
[   10.222013] pci 0000:05:00.0: Adding to iommu group 14
[   10.222563] pci 0000:06:00.0: Adding to iommu group 15
[   10.223095] pci 0000:72:00.0: Adding to iommu group 16
[   10.338532] DMAR: Intel(R) Virtualization Technology for Directed I/O
[   10.338593] PCI-DMA: Using software bounce buffering for IO (SWIOTLB)
[   10.338645] software IO TLB: mapped [mem 0x0000000070037000-0x0000000074037000] (64MB)
[   10.339582] RAPL PMU: API unit is 2^-32 Joules, 3 fixed counters, 655360 ms ovfl timer
[   10.339651] RAPL PMU: hw unit of domain pp0-core 2^-14 Joules
[   10.339700] RAPL PMU: hw unit of domain package 2^-14 Joules
[   10.339748] RAPL PMU: hw unit of domain dram 2^-14 Joules
[   10.394238] Initialise system trusted keyrings
[   10.395130] workingset: timestamp_bits=56 max_order=21 bucket_order=0
[   10.406893] debugfs: Directory 'file_lock_cache' with parent 'slab' already present!
[   10.435347] NFS: Registering the id_resolver key type
[   10.435519] Key type id_resolver registered
[   10.435577] Key type id_legacy registered
[   10.462859] Key type asymmetric registered
[   10.462919] Asymmetric key parser 'x509' registered
[   10.463639] Block layer SCSI generic (bsg) driver version 0.4 loaded (major 251)
[   10.463717] io scheduler mq-deadline registered
[   10.463760] io scheduler kyber registered
[   10.525932] debug: unmapping init [mem 0xffff888074077000-0xffff88807504bfff]
[   10.557750] input: Sleep Button as /devices/LNXSYSTM:00/LNXSYBUS:00/PNP0C0E:00/input/input0
[   10.560041] ACPI: button: Sleep Button [SLPB]
[   10.561561] input: Power Button as /devices/LNXSYSTM:00/LNXSYBUS:00/PNP0C0C:00/input/input1
[   10.563000] ACPI: button: Power Button [PWRB]
[   10.564487] input: Power Button as /devices/LNXSYSTM:00/LNXPWRBN:00/input/input2
[   10.566769] ACPI: button: Power Button [PWRF]
[   10.601362] Monitor-Mwait will be used to enter C-1 state
[   10.601500] Monitor-Mwait will be used to enter C-2 state
[   10.601584] Monitor-Mwait will be used to enter C-3 state
[   10.601678] ACPI: \_PR_.PR00: Found 3 idle states
[   10.616496] ACPI: \_PR_.PR01: Found 3 idle states
[   10.631315] ACPI: \_PR_.PR02: Found 3 idle states
[   10.647248] ACPI: \_PR_.PR03: Found 3 idle states
[   10.662678] ACPI: \_PR_.PR04: Found 3 idle states
[   10.677531] ACPI: \_PR_.PR05: Found 3 idle states
[   10.692128] ACPI: \_PR_.PR06: Found 3 idle states
[   10.707126] ACPI: \_PR_.PR07: Found 3 idle states
[   10.757439] thermal LNXTHERM:00: registered as thermal_zone0
[   10.757494] ACPI: thermal: Thermal Zone [TZ00] (28 C)
[   10.775430] thermal LNXTHERM:01: registered as thermal_zone1
[   10.775486] ACPI: thermal: Thermal Zone [TZ01] (30 C)
[   10.778881] Serial: 8250/16550 driver, 4 ports, IRQ sharing enabled
[   10.798303] hpet_acpi_add: no address or irqs in _CRS
[   10.799683] Non-volatile memory driver v1.3
[   10.799727] Linux agpgart interface v0.103
[   10.801136] ACPI: bus type drm_connector registered
[   10.892346] loop: module loaded
[   10.906090] e100: Intel(R) PRO/100 Network Driver
[   10.906135] e100: Copyright(c) 1999-2006 Intel Corporation
[   10.906569] e1000: Intel(R) PRO/1000 Network Driver
[   10.906613] e1000: Copyright (c) 1999-2006 Intel Corporation.
[   10.907081] e1000e: Intel(R) PRO/1000 Network Driver
[   10.907124] e1000e: Copyright(c) 1999 - 2015 Intel Corporation.
[   10.907449] e1000e 0000:00:1f.6: enabling device (0000 -> 0002)
[   10.917076] e1000e 0000:00:1f.6: Interrupt Throttling Rate (ints/sec) set to dynamic conservative mode
[   11.148471] e1000e 0000:00:1f.6 0000:00:1f.6 (uninitialized): registered PHC clock
[   11.217057] e1000e 0000:00:1f.6 eth0: (PCI Express:2.5GT/s:Width x1) 54:b2:03:11:ca:cf
[   11.217134] e1000e 0000:00:1f.6 eth0: Intel(R) PRO/1000 Network Connection
[   11.217275] e1000e 0000:00:1f.6 eth0: MAC: 12, PHY: 12, PBA No: FFFFFF-0FF
[   11.217819] igb: Intel(R) Gigabit Ethernet Network Driver
[   11.217867] igb: Copyright (c) 2007-2014 Intel Corporation.
[   11.218205] igb 0000:05:00.0: enabling device (0000 -> 0002)
[   11.267785] pps pps0: new PPS source ptp1
[   11.269920] igb 0000:05:00.0: added PHC on eth1
[   11.270022] igb 0000:05:00.0: Intel(R) Gigabit Ethernet Network Connection
[   11.270082] igb 0000:05:00.0: eth1: (PCIe:2.5Gb/s:Width x1) 54:b2:03:11:ca:d0
[   11.270143] igb 0000:05:00.0: eth1: PBA No: FFFFFF-0FF
[   11.270219] igb 0000:05:00.0: Using MSI-X interrupts. 4 rx queue(s), 4 tx queue(s)
[   11.283496] xhci_hcd 0000:00:14.0: xHCI Host Controller
[   11.286110] xhci_hcd 0000:00:14.0: new USB bus registered, assigned bus number 1
[   11.295879] xhci_hcd 0000:00:14.0: hcc params 0x200077c1 hci version 0x100 quirks 0x0000000001109810
[   11.322372] xhci_hcd 0000:00:14.0: xHCI Host Controller
[   11.324000] xhci_hcd 0000:00:14.0: new USB bus registered, assigned bus number 2
[   11.324143] xhci_hcd 0000:00:14.0: Host supports USB 3.0 SuperSpeed
[   11.326153] usb usb1: New USB device found, idVendor=1d6b, idProduct=0002, bcdDevice= 6.09
[   11.326269] usb usb1: New USB device strings: Mfr=3, Product=2, SerialNumber=1
[   11.326335] usb usb1: Product: xHCI Host Controller
[   11.326381] usb usb1: Manufacturer: Linux 6.9.0 xhci-hcd
[   11.326430] usb usb1: SerialNumber: 0000:00:14.0
[   11.333310] hub 1-0:1.0: USB hub found
[   11.333776] hub 1-0:1.0: 16 ports detected
[   11.351311] tsc: Refined TSC clocksource calibration: 3095.999 MHz
[   11.351413] clocksource: tsc: mask: 0xffffffffffffffff max_cycles: 0x2ca0846bcce, max_idle_ns: 440795348689 ns
[   11.351644] clocksource: Switched to clocksource tsc
[   11.564626] usb usb2: New USB device found, idVendor=1d6b, idProduct=0003, bcdDevice= 6.09
[   11.564704] usb usb2: New USB device strings: Mfr=3, Product=2, SerialNumber=1
[   11.564769] usb usb2: Product: xHCI Host Controller
[   11.564815] usb usb2: Manufacturer: Linux 6.9.0 xhci-hcd
[   11.564864] usb usb2: SerialNumber: 0000:00:14.0
[   11.570001] hub 2-0:1.0: USB hub found
[   11.570630] hub 2-0:1.0: 8 ports detected
[   11.705324] xhci_hcd 0000:02:00.0: xHCI Host Controller
[   11.706789] xhci_hcd 0000:02:00.0: new USB bus registered, assigned bus number 3
[   11.767954] xhci_hcd 0000:02:00.0: hcc params 0x0200ef80 hci version 0x110 quirks 0x0000000000800010
[   11.777965] xhci_hcd 0000:02:00.0: xHCI Host Controller
[   11.779312] xhci_hcd 0000:02:00.0: new USB bus registered, assigned bus number 4
[   11.779443] xhci_hcd 0000:02:00.0: Host supports USB 3.1 Enhanced SuperSpeed
[   11.781257] usb usb3: New USB device found, idVendor=1d6b, idProduct=0002, bcdDevice= 6.09
[   11.781334] usb usb3: New USB device strings: Mfr=3, Product=2, SerialNumber=1
[   11.781399] usb usb3: Product: xHCI Host Controller
[   11.781445] usb usb3: Manufacturer: Linux 6.9.0 xhci-hcd
[   11.781494] usb usb3: SerialNumber: 0000:02:00.0
[   11.785477] hub 3-0:1.0: USB hub found
[   11.785853] hub 3-0:1.0: 2 ports detected
[   11.790661] usb usb4: We don't know the algorithms for LPM for this host, disabling LPM.
[   11.792336] usb usb4: New USB device found, idVendor=1d6b, idProduct=0003, bcdDevice= 6.09
[   11.792413] usb usb4: New USB device strings: Mfr=3, Product=2, SerialNumber=1
[   11.792478] usb usb4: Product: xHCI Host Controller
[   11.792524] usb usb4: Manufacturer: Linux 6.9.0 xhci-hcd
[   11.792573] usb usb4: SerialNumber: 0000:02:00.0
[   11.796442] hub 4-0:1.0: USB hub found
[   11.796766] hub 4-0:1.0: 2 ports detected
[   11.801915] usbcore: registered new interface driver usblp
[   11.802367] usbcore: registered new interface driver usb-storage
[   11.803265] i8042: PNP: No PS/2 controller found.
[   11.803308] i8042: Probing ports directly.
[   11.807281] usb 1-9: new full-speed USB device number 2 using xhci_hcd
[   11.811525] i8042: Detected active multiplexing controller, rev 1.1
[   11.820282] serio: i8042 KBD port at 0x60,0x64 irq 1
[   11.821204] serio: i8042 AUX0 port at 0x60,0x64 irq 12
[   11.821347] serio: i8042 AUX1 port at 0x60,0x64 irq 12
[   11.821479] serio: i8042 AUX2 port at 0x60,0x64 irq 12
[   11.821609] serio: i8042 AUX3 port at 0x60,0x64 irq 12
[   11.828848] rtc_cmos 00:03: RTC can wake from S4
[   11.835412] rtc_cmos 00:03: registered as rtc0
[   11.836394] rtc_cmos 00:03: alarms up to one month, y3k, 242 bytes nvram
[   11.847153] i801_smbus 0000:00:1f.4: SPD Write Disable is set
[   11.848001] i801_smbus 0000:00:1f.4: SMBus using PCI interrupt
[   11.848422] device-mapper: ioctl: 4.48.0-ioctl (2023-03-01) initialised: dm-devel@lists.linux.dev
[   11.848761] intel_pstate: Intel P-state driver initializing
[   11.854531] intel_pstate: Disabling energy efficiency optimization
[   11.854584] intel_pstate: HWP enabled
[   11.855559] efifb: probing for efifb
[   11.856437] efifb: framebuffer at 0x90000000, using 5120k, total 5120k
[   11.856509] efifb: mode is 1280x1024x32, linelength=5120, pages=1
[   11.856550] efifb: scrolling: redraw
[   11.856576] efifb: Truecolor: size=8:8:8:8, shift=24:16:8:0
[   11.862564] Console: switching to colour frame buffer device 160x64
[   11.864713] fb0: EFI VGA frame buffer device
[   11.865694] pstore: Using crash dump compression: deflate
[   11.865784] pstore: Registered efi_pstore as persistent store backend
[   11.866618] hid: raw HID events driver (C) Jiri Kosina
[   11.872949] usbcore: registered new interface driver usbhid
[   11.873000] usbhid: USB HID core driver
[   11.881860] Initializing XFRM netlink socket
[   11.882581] NET: Registered PF_INET6 protocol family
[   11.889834] Segment Routing with IPv6
[   11.890587] In-situ OAM (IOAM) with IPv6
[   11.891316] sit: IPv6, IPv4 and MPLS over IPv4 tunneling driver
[   11.895532] NET: Registered PF_PACKET protocol family
[   11.896271] Key type dns_resolver registered
[   11.896826] start plist test
[   11.897799] end plist test
[   11.909595] ENERGY_PERF_BIAS: Set to 'normal', was 'performance'
[   11.910417] microcode: Current revision: 0x000000f4
[   11.910463] microcode: Updated early from: 0x000000ea
[   11.912685] IPI shorthand broadcast: enabled
[   11.925963] i2c i2c-0: Successfully instantiated SPD at 0x50
[   11.936276] usb 1-9: New USB device found, idVendor=0cf3, idProduct=e600, bcdDevice= 0.01
[   11.936371] usb 1-9: New USB device strings: Mfr=0, Product=0, SerialNumber=0
[   12.079999] sched_clock: Marking stable (12059022839, 20155949)->(12243790397, -164611609)
[   12.081522] Timer migration: 1 hierarchy levels; 8 children per group; 1 crossnode level
[   12.083141] registered taskstats version 1
[   12.083230] Loading compiled-in X.509 certificates
[   12.327745] kmemleak: Kernel memory leak detector initialized (mem pool available: 9875)
[   12.327751] kmemleak: Automatic memory scanning thread started
[   12.327815] debug_vm_pgtable: [debug_vm_pgtable         ]: Validating architecture page table helpers
[   12.328212] page_owner is disabled
[   12.345358] PM:   Magic number: 8:704:426
[   12.345610] netpoll: netconsole: local port 6666
[   12.345651] netpoll: netconsole: local IPv4 address 192.168.2.104
[   12.345701] netpoll: netconsole: interface 'eth1'
[   12.346351] netpoll: netconsole: remote port 514
[   12.346978] netpoll: netconsole: remote IPv4 address 192.168.2.1
[   12.347620] netpoll: netconsole: remote ethernet address ba:52:4d:77:4f:8e
[   12.348314] netpoll: netconsole: device eth1 not up yet, forcing it
[   12.631733] input: AT Translated Set 2 keyboard as /devices/platform/i8042/serio0/input/input5
[   12.679292] atkbd serio0: Unknown key released (translated set 2, code 0x7c on isa0060/serio0).
[   12.680196] atkbd serio0: Use 'setkeycodes 7c <keycode>' to make it known.
[   12.884938] atkbd serio0: Unknown key released (translated set 2, code 0x7c on isa0060/serio0).
[   12.887498] atkbd serio0: Use 'setkeycodes 7c <keycode>' to make it known.
[   13.093897] atkbd serio0: Unknown key released (translated set 2, code 0x7c on isa0060/serio0).
[   13.095329] atkbd serio0: Use 'setkeycodes 7c <keycode>' to make it known.
[   13.301414] atkbd serio0: Unknown key released (translated set 2, code 0x7c on isa0060/serio0).
[   13.303888] atkbd serio0: Use 'setkeycodes 7c <keycode>' to make it known.
[   13.513254] atkbd serio0: Unknown key released (translated set 2, code 0x7c on isa0060/serio0).
[   13.516000] atkbd serio0: Use 'setkeycodes 7c <keycode>' to make it known.
[   13.718962] atkbd serio0: Unknown key released (translated set 2, code 0x7c on isa0060/serio0).
[   13.721700] atkbd serio0: Use 'setkeycodes 7c <keycode>' to make it known.
[   13.935902] atkbd serio0: Unknown key released (translated set 2, code 0x7c on isa0060/serio0).
[   13.938886] atkbd serio0: Use 'setkeycodes 7c <keycode>' to make it known.
[   14.142447] atkbd serio0: Unknown key released (translated set 2, code 0x7c on isa0060/serio0).
[   14.145873] atkbd serio0: Use 'setkeycodes 7c <keycode>' to make it known.
[   14.349876] atkbd serio0: Unknown key released (translated set 2, code 0x7c on isa0060/serio0).
[   14.353019] atkbd serio0: Use 'setkeycodes 7c <keycode>' to make it known.
[   15.159307] igb 0000:05:00.0 eth1: igb: eth1 NIC Link is Up 1000 Mbps Full Duplex, Flow Control: RX/TX
[   15.281603] printk: legacy console [netcon0] enabled
[   15.328015] netconsole: network logging started
[   15.332361] clk: Disabling unused clocks
[   15.334008] debug: unmapping init [mem 0xffffffff99e2c000-0xffffffff9a238fff]
[   15.335185] Write protecting the kernel read-only data: 61440k
[   15.337385] debug: unmapping init [mem 0xffffffff98e64000-0xffffffff98ffffff]
[   15.470632] x86/mm: Checked W+X mappings: passed, no W+X pages found.
[   15.471524] Run /init as init process
[   15.472397]   with arguments:
[   15.473244]     /init
[   15.474039]   with environment:
[   15.474845]     HOME=/
[   15.475652]     TERM=linux
[   15.476501]     BOOT_IMAGE=/boot/vmlinuz-6.9.0
[   15.488992] mkdir (90) used greatest stack depth: 28672 bytes left
[   15.517459] mount (94) used greatest stack depth: 26176 bytes left
[   15.718006] systemd-udevd (108) used greatest stack depth: 25888 bytes left
[   19.124873] nvme nvme0: pci function 0000:72:00.0
[   19.144319] nvme nvme0: missing or invalid SUBNQN field.
[   19.211830] nvme nvme0: 8/0/0 default/read/poll queues
[   19.256386]  nvme0n1: p1 p2 p3
[   20.477880] EXT4-fs (nvme0n1p2): mounted filesystem 61a268dc-df96-4e69-9272-928240dcc445 ro with ordered data mode. Quota mode: none.
[   20.480719] mount (178) used greatest stack depth: 24848 bytes left
[   21.521472] modprobe (193) used greatest stack depth: 24288 bytes left
[   21.538720] systemd[1]: systemd 245.4-4ubuntu3.23 running in system mode. (+PAM +AUDIT +SELINUX +IMA +APPARMOR +SMACK +SYSVINIT +UTMP +LIBCRYPTSETUP +GCRYPT +GNUTLS +ACL +XZ +LZ4 +SECCOMP +BLKID +ELFUTILS +KMOD +IDN2 -IDN +PCRE2 default-hierarchy=hybrid)
[   21.549274] systemd[1]: Detected architecture x86-64.
[   21.572440] systemd[1]: Set hostname to <nuc2>.
[   21.846522] cat (199) used greatest stack depth: 24056 bytes left
[   23.348742] systemd[1]: system-modprobe.slice: unit configures an IP firewall, but the local system does not support BPF/cgroup firewalling.
[   23.349761] systemd[1]: (This warning is only shown for the first unit using IP firewalling.)
[   23.363634] systemd[1]: Created slice system-modprobe.slice.
[   23.369611] systemd[1]: Created slice system-systemd\x2dfsck.slice.
[   23.375150] systemd[1]: Created slice User and Session Slice.
[   23.379884] systemd[1]: Started Forward Password Requests to Wall Directory Watch.
[   23.387447] systemd[1]: Set up automount Arbitrary Executable File Formats File System Automount Point.
[   23.391084] systemd[1]: Reached target User and Group Name Lookups.
[   23.394384] systemd[1]: Reached target Remote File Systems.
[   23.398008] systemd[1]: Reached target Slices.
[   23.401670] systemd[1]: Reached target Mounting snaps.
[   23.406810] systemd[1]: Listening on Syslog Socket.
[   23.411570] systemd[1]: Listening on fsck to fsckd communication Socket.
[   23.415838] systemd[1]: Listening on initctl Compatibility Named Pipe.
[   23.421448] systemd[1]: Listening on Journal Audit Socket.
[   23.432988] systemd[1]: Listening on Journal Socket (/dev/log).
[   23.438662] systemd[1]: Listening on Journal Socket.
[   23.443884] systemd[1]: Listening on udev Control Socket.
[   23.448454] systemd[1]: Listening on udev Kernel Socket.
[   23.489862] systemd[1]: Mounting Huge Pages File System...
[   23.514407] systemd[1]: Mounting POSIX Message Queue File System...
[   23.567665] systemd[1]: Mounting Kernel Debug File System...
[   23.592792] systemd[1]: Mounting Kernel Trace File System...
[   23.633985] systemd[1]: Starting Journal Service...
[   23.670889] systemd[1]: Starting Set the console keyboard layout...
[   23.674752] systemd[1]: Condition check resulted in Create list of static device nodes for the current kernel being skipped.
[   23.718032] systemd[1]: Starting Load Kernel Module chromeos_pstore...
[   23.721475] systemd[1]: Condition check resulted in Load Kernel Module drm being skipped.
[   23.724066] systemd[1]: Condition check resulted in Load Kernel Module efi_pstore being skipped.
[   23.761553] systemd[1]: Starting Load Kernel Module pstore_blk...
[   23.828461] systemd[1]: Starting Load Kernel Module pstore_zone...
[   23.872419] systemd[1]: Starting Load Kernel Module ramoops...
[   23.879582] systemd[1]: Condition check resulted in Set Up Additional Binary Formats being skipped.
[   23.880777] systemd[1]: Condition check resulted in File System Check on Root Device being skipped.
[   23.937834] systemd[1]: Starting Load Kernel Modules...
[   23.982407] systemd[1]: Starting Remount Root and Kernel File Systems...
[   24.032793] systemd[1]: Starting udev Coldplug all Devices...
[   24.091532] systemd[1]: Starting Uncomplicated firewall...
[   24.124147] systemd[1]: Mounted Huge Pages File System.
[   24.130935] systemd[1]: Mounted POSIX Message Queue File System.
[   24.137407] systemd[1]: Mounted Kernel Debug File System.
[   24.142874] systemd[1]: Mounted Kernel Trace File System.
[   24.153513] systemd[1]: modprobe@chromeos_pstore.service: Succeeded.
[   24.159611] systemd[1]: Finished Load Kernel Module chromeos_pstore.
[   24.174747] systemd[1]: modprobe@pstore_blk.service: Succeeded.
[   24.179545] systemd[1]: Finished Load Kernel Module pstore_blk.
[   24.196514] systemd[1]: modprobe@pstore_zone.service: Succeeded.
[   24.204070] systemd[1]: Finished Load Kernel Module pstore_zone.
[   24.212500] systemd[1]: modprobe@ramoops.service: Succeeded.
[   24.217813] systemd[1]: Finished Load Kernel Module ramoops.
[   24.220491] EXT4-fs (nvme0n1p2): re-mounted 61a268dc-df96-4e69-9272-928240dcc445 r/w. Quota mode: none.
[   24.251568] systemd[1]: Finished Load Kernel Modules.
[   24.263154] systemd[1]: Finished Remount Root and Kernel File Systems.
[   24.275023] systemd[1]: Finished Uncomplicated firewall.
[   24.282639] systemd[1]: Condition check resulted in FUSE Control File System being skipped.
[   24.332531] systemd[1]: Mounting Kernel Configuration File System...
[   24.360193] systemd[1]: Condition check resulted in Rebuild Hardware Database being skipped.
[   24.362601] systemd[1]: Condition check resulted in Platform Persistent Storage Archival being skipped.
[   24.421390] systemd[1]: Starting Load/Save Random Seed...
[   24.488086] systemd[1]: Starting Apply Kernel Variables...
[   24.517687] systemd[1]: Starting Create System Users...
[   24.535371] systemd[1]: Mounted Kernel Configuration File System.
[   24.616103] systemd[1]: Finished Load/Save Random Seed.
[   24.737426] systemd[1]: Finished Apply Kernel Variables.
[   24.802652] systemd[1]: Finished Set the console keyboard layout.
[   24.837394] systemd[1]: Finished Create System Users.
[   24.888803] systemd[1]: Starting Create Static Device Nodes in /dev...
[   25.110740] systemd[1]: Finished Create Static Device Nodes in /dev.
[   25.116066] systemd[1]: Reached target Local File Systems (Pre).
[   25.168877] systemd[1]: Mounting Mount unit for bare, revision 5...
[   25.214421] systemd[1]: Mounting Mount unit for core18, revision 2128...
[   25.216590] loop0: detected capacity change from 0 to 8
[   25.257142] loop1: detected capacity change from 0 to 113536
[   25.263829] systemd[1]: Mounting Mount unit for core20, revision 1169...
[   25.299916] systemd[1]: Mounting Mount unit for gnome-3-34-1804, revision 72...
[   25.319756] loop0: detected capacity change from 0 to 126632
[   25.350289] loop1: detected capacity change from 0 to 448512
[   25.374639] systemd[1]: Mounting Mount unit for gnome-3-38-2004, revision 76...
[   25.411408] loop0: detected capacity change from 0 to 496320
[   25.426577] systemd[1]: Mounting Mount unit for gnome-calculator, revision 884...
[   25.464982] loop1: detected capacity change from 0 to 5088
[   25.473552] systemd[1]: Mounting Mount unit for gnome-characters, revision 726...
[   25.509155] loop0: detected capacity change from 0 to 1408
[   25.527598] systemd[1]: Mounting Mount unit for gnome-logs, revision 106...
[   25.564623] loop1: detected capacity change from 0 to 1096
[   25.571946] systemd[1]: Mounting Mount unit for gnome-system-monitor, revision 163...
[   25.621424] systemd[1]: Mounting Mount unit for gtk-common-themes, revision 1519...
[   25.632016] loop0: detected capacity change from 0 to 5120
[   25.656247] systemd[1]: Mounting Mount unit for snap-store, revision 547...
[   25.683767] loop1: detected capacity change from 0 to 133552
[   25.719461] systemd[1]: Mounting Mount unit for snapd, revision 13170...
[   25.733007] loop0: detected capacity change from 0 to 104360
[   25.766881] loop1: detected capacity change from 0 to 66168
[   25.770829] systemd[1]: Mounting Mount unit for snapd, revision 13270...
[   25.824419] systemd[1]: Starting udev Kernel Device Manager...
[   25.838756] systemd[1]: Started Journal Service.
[   25.851040] loop0: detected capacity change from 0 to 66368
[   26.247863] systemd-journald[217]: Received client request to flush runtime journal.
[   30.093401] Adding 999420k swap on /dev/nvme0n1p3.  Priority:-2 extents:1 across:999420k SS
[   33.589948] loop0: detected capacity change from 0 to 8
[   54.945105] rtcwake test 1
[   55.162603] PM: suspend entry (deep)
[   55.168875] Filesystems sync: 0.006 seconds
[   55.182427] Freezing user space processes
[   55.191498] Freezing user space processes completed (elapsed 0.008 seconds)
[   55.191711] OOM killer disabled.
[   55.191805] Freezing remaining freezable tasks
[   55.193507] Freezing remaining freezable tasks completed (elapsed 0.001 seconds)
[   55.194056] printk: Suspending console(s) (use no_console_suspend to debug)
[   55.244962] e1000e: EEE TX LPI TIMER: 00000011
[   55.340247] ACPI: EC: interrupt blocked
[   55.389569] ACPI: PM: Preparing to enter system sleep state S3
[   55.415845] ACPI: EC: event blocked
[   55.415852] ACPI: EC: EC stopped
[   55.415856] ACPI: PM: Saving platform NVS memory
[   55.416102] Disabling non-boot CPUs ...
[   55.427605] numa_remove_cpu cpu 1 node 0: mask now 0,2-7
[   55.429875] smpboot: CPU 1 is now offline
[   55.446283] numa_remove_cpu cpu 2 node 0: mask now 0,3-7
[   55.447794] smpboot: CPU 2 is now offline
[   55.462648] numa_remove_cpu cpu 3 node 0: mask now 0,4-7
[   55.463913] smpboot: CPU 3 is now offline
[   55.479249] numa_remove_cpu cpu 4 node 0: mask now 0,5-7
[   55.480901] smpboot: CPU 4 is now offline
[   55.493282] numa_remove_cpu cpu 5 node 0: mask now 0,6-7
[   55.495333] smpboot: CPU 5 is now offline
[   55.510120] numa_remove_cpu cpu 6 node 0: mask now 0,7
[   55.511556] smpboot: CPU 6 is now offline
[   55.528344] numa_remove_cpu cpu 7 node 0: mask now 0
[   55.529556] smpboot: CPU 7 is now offline
[   55.534475] ACPI: PM: Low-level resume complete
[   55.534544] ACPI: EC: EC started
[   55.534549] ACPI: PM: Restoring platform NVS memory
[   55.538224] Enabling non-boot CPUs ...
[   55.539277] smpboot: Booting Node 0 Processor 1 APIC 0x2
[   55.543747] numa_add_cpu cpu 1 node 0: mask now 0-1
[   55.564209] ACPI: \_PR_.PR01: Found 3 idle states
[   55.570591] CPU1 is up
[   55.571142] smpboot: Booting Node 0 Processor 2 APIC 0x4
[   55.573624] numa_add_cpu cpu 2 node 0: mask now 0-2
[   55.587784] ACPI: \_PR_.PR02: Found 3 idle states
[   55.593828] CPU2 is up
[   55.594337] smpboot: Booting Node 0 Processor 3 APIC 0x6
[   55.596620] numa_add_cpu cpu 3 node 0: mask now 0-3
[   55.610465] ACPI: \_PR_.PR03: Found 3 idle states
[   55.615859] CPU3 is up
[   55.616446] smpboot: Booting Node 0 Processor 4 APIC 0x1
[   55.616851] numa_add_cpu cpu 4 node 0: mask now 0-4
[   55.631228] ACPI: \_PR_.PR04: Found 3 idle states
[   55.637056] CPU4 is up
[   55.637654] smpboot: Booting Node 0 Processor 5 APIC 0x3
[   55.637996] numa_add_cpu cpu 5 node 0: mask now 0-5
[   55.652012] ACPI: \_PR_.PR05: Found 3 idle states
[   55.657994] CPU5 is up
[   55.658518] smpboot: Booting Node 0 Processor 6 APIC 0x5
[   55.658898] numa_add_cpu cpu 6 node 0: mask now 0-6
[   55.672881] ACPI: \_PR_.PR06: Found 3 idle states
[   55.679202] CPU6 is up
[   55.679758] smpboot: Booting Node 0 Processor 7 APIC 0x7
[   55.680098] numa_add_cpu cpu 7 node 0: mask now 0-7
[   55.694088] ACPI: \_PR_.PR07: Found 3 idle states
[   55.701263] CPU7 is up
[   55.704832] ACPI: PM: Waking up from system sleep state S3
[   56.468194] ACPI: EC: interrupt unblocked
[   56.469705] pcieport 0000:00:1c.1: Intel SPT PCH root port ACS workaround enabled
[   56.469814] pcieport 0000:00:1c.2: Intel SPT PCH root port ACS workaround enabled
[   56.469862] pcieport 0000:00:1c.4: Intel SPT PCH root port ACS workaround enabled
[   56.469910] pcieport 0000:00:1d.0: Intel SPT PCH root port ACS workaround enabled
[   57.645133] ACPI: EC: event unblocked
[   57.649723] xhci_hcd 0000:02:00.0: xHC error in resume, USBSTS 0x401, Reinit
[   57.649739] usb usb3: root hub lost power or was reset
[   57.649744] usb usb4: root hub lost power or was reset
[   57.654230] xhci_hcd 0000:00:14.0: xHC error in resume, USBSTS 0x411, Reinit
[   57.654238] usb usb1: root hub lost power or was reset
[   57.654242] usb usb2: root hub lost power or was reset
[   57.735802] nvme nvme0: 8/0/0 default/read/poll queues
[   58.008117] usb 1-9: reset full-speed USB device number 2 using xhci_hcd
[   58.216393] OOM killer enabled.
[   58.217506] Restarting tasks ... done.
[   58.226852] random: crng reseeded on system resumption
[   58.242280] PM: suspend exit
[   58.242280] atkbd serio0: Unknown key released (translated set 2, code 0x7c on isa0060/serio0).
[   58.242299] atkbd serio0: Use 'setkeycodes 7c <keycode>' to make it known.
[   58.444037] atkbd serio0: Unknown key released (translated set 2, code 0x7c on isa0060/serio0).
[   58.444329] atkbd serio0: Use 'setkeycodes 7c <keycode>' to make it known.
[   58.655940] atkbd serio0: Unknown key released (translated set 2, code 0x7c on isa0060/serio0).
[   58.656089] atkbd serio0: Use 'setkeycodes 7c <keycode>' to make it known.
[   58.861604] atkbd serio0: Unknown key released (translated set 2, code 0x7c on isa0060/serio0).
[   58.861753] atkbd serio0: Use 'setkeycodes 7c <keycode>' to make it known.
[   59.069931] atkbd serio0: Unknown key released (translated set 2, code 0x7c on isa0060/serio0).
[   59.070086] atkbd serio0: Use 'setkeycodes 7c <keycode>' to make it known.
[   59.276154] atkbd serio0: Unknown key released (translated set 2, code 0x7c on isa0060/serio0).
[   59.276678] atkbd serio0: Use 'setkeycodes 7c <keycode>' to make it known.
[   59.486762] atkbd serio0: Unknown key released (translated set 2, code 0x7c on isa0060/serio0).
[   59.487330] atkbd serio0: Use 'setkeycodes 7c <keycode>' to make it known.
[   59.691965] atkbd serio0: Unknown key released (translated set 2, code 0x7c on isa0060/serio0).
[   59.692118] atkbd serio0: Use 'setkeycodes 7c <keycode>' to make it known.
[   59.902199] atkbd serio0: Unknown key released (translated set 2, code 0x7c on isa0060/serio0).
[   59.903803] atkbd serio0: Use 'setkeycodes 7c <keycode>' to make it known.
[   60.000998] igb 0000:05:00.0 eth1: Reset adapter
[   62.996292] igb 0000:05:00.0 eth1: igb: eth1 NIC Link is Up 1000 Mbps Full Duplex, Flow Control: RX/TX
[   68.290341] rtcwake test 2
[   68.420454] PM: suspend entry (deep)
[   68.423937] Filesystems sync: 0.002 seconds
[   68.427471] Freezing user space processes
[   68.430716] Freezing user space processes completed (elapsed 0.002 seconds)
[   68.431507] OOM killer disabled.
[   68.432392] Freezing remaining freezable tasks
[   68.435487] Freezing remaining freezable tasks completed (elapsed 0.002 seconds)
[   68.438889] printk: Suspending console(s) (use no_console_suspend to debug)
[   68.498259] e1000e: EEE TX LPI TIMER: 00000011
[   68.602654] ACPI: EC: interrupt blocked
[   68.649702] ACPI: PM: Preparing to enter system sleep state S3
[   68.675521] ACPI: EC: event blocked
[   68.675525] ACPI: EC: EC stopped
[   68.675832] ACPI: PM: Saving platform NVS memory
[   68.675984] Disabling non-boot CPUs ...
[   68.688850] numa_remove_cpu cpu 1 node 0: mask now 0,2-7
[   68.690290] smpboot: CPU 1 is now offline
[   68.706372] numa_remove_cpu cpu 2 node 0: mask now 0,3-7
[   68.707817] smpboot: CPU 2 is now offline
[   68.720198] numa_remove_cpu cpu 3 node 0: mask now 0,4-7
[   68.721652] smpboot: CPU 3 is now offline
[   68.736671] numa_remove_cpu cpu 4 node 0: mask now 0,5-7
[   68.738586] smpboot: CPU 4 is now offline
[   68.750945] numa_remove_cpu cpu 5 node 0: mask now 0,6-7
[   68.752097] smpboot: CPU 5 is now offline
[   68.764158] numa_remove_cpu cpu 6 node 0: mask now 0,7
[   68.765309] smpboot: CPU 6 is now offline
[   68.781946] numa_remove_cpu cpu 7 node 0: mask now 0
[   68.783109] smpboot: CPU 7 is now offline
[   68.787821] ACPI: PM: Low-level resume complete
[   68.787891] ACPI: EC: EC started
[   68.787895] ACPI: PM: Restoring platform NVS memory
[   68.791027] Enabling non-boot CPUs ...
[   68.791667] smpboot: Booting Node 0 Processor 1 APIC 0x2
[   68.795186] numa_add_cpu cpu 1 node 0: mask now 0-1
[   68.815545] ACPI: \_PR_.PR01: Found 3 idle states
[   68.820421] CPU1 is up
[   68.821009] smpboot: Booting Node 0 Processor 2 APIC 0x4
[   68.823954] numa_add_cpu cpu 2 node 0: mask now 0-2
[   68.838404] ACPI: \_PR_.PR02: Found 3 idle states
[   68.843155] CPU2 is up
[   68.843704] smpboot: Booting Node 0 Processor 3 APIC 0x6
[   68.845951] numa_add_cpu cpu 3 node 0: mask now 0-3
[   68.860311] ACPI: \_PR_.PR03: Found 3 idle states
[   68.865676] CPU3 is up
[   68.866243] smpboot: Booting Node 0 Processor 4 APIC 0x1
[   68.866621] numa_add_cpu cpu 4 node 0: mask now 0-4
[   68.881195] ACPI: \_PR_.PR04: Found 3 idle states
[   68.887161] CPU4 is up
[   68.887685] smpboot: Booting Node 0 Processor 5 APIC 0x3
[   68.888043] numa_add_cpu cpu 5 node 0: mask now 0-5
[   68.902727] ACPI: \_PR_.PR05: Found 3 idle states
[   68.908917] CPU5 is up
[   68.909445] smpboot: Booting Node 0 Processor 6 APIC 0x5
[   68.909792] numa_add_cpu cpu 6 node 0: mask now 0-6
[   68.924433] ACPI: \_PR_.PR06: Found 3 idle states
[   68.930981] CPU6 is up
[   68.931516] smpboot: Booting Node 0 Processor 7 APIC 0x7
[   68.931865] numa_add_cpu cpu 7 node 0: mask now 0-7
[   68.946306] ACPI: \_PR_.PR07: Found 3 idle states
[   68.953262] CPU7 is up
[   68.957036] ACPI: PM: Waking up from system sleep state S3
[   69.684097] ACPI: EC: interrupt unblocked
[   69.684695] pcieport 0000:00:1c.1: Intel SPT PCH root port ACS workaround enabled
[   69.685022] pcieport 0000:00:1c.2: Intel SPT PCH root port ACS workaround enabled
[   69.685127] pcieport 0000:00:1c.4: Intel SPT PCH root port ACS workaround enabled
[   69.685251] pcieport 0000:00:1d.0: Intel SPT PCH root port ACS workaround enabled
[   70.834395] ACPI: EC: event unblocked
[   70.843269] xhci_hcd 0000:00:14.0: xHC error in resume, USBSTS 0x411, Reinit
[   70.843278] usb usb1: root hub lost power or was reset
[   70.843283] usb usb2: root hub lost power or was reset
[   70.868689] nvme nvme0: 8/0/0 default/read/poll queues
[   71.148029] usb 1-9: reset full-speed USB device number 2 using xhci_hcd
[   71.352789] OOM killer enabled.
[   71.353610] Restarting tasks ... 
[   71.354210] atkbd serio0: Unknown key released (translated set 2, code 0x7c on isa0060/serio0).
[   71.355367] done.
[   71.356698] atkbd serio0: Use 'setkeycodes 7c <keycode>' to make it known.
[   71.359289] random: crng reseeded on system resumption
[   71.367082] PM: suspend exit
[   71.562777] atkbd serio0: Unknown key released (translated set 2, code 0x7c on isa0060/serio0).
[   71.563005] atkbd serio0: Use 'setkeycodes 7c <keycode>' to make it known.
[   71.769461] atkbd serio0: Unknown key released (translated set 2, code 0x7c on isa0060/serio0).
[   71.769680] atkbd serio0: Use 'setkeycodes 7c <keycode>' to make it known.
[   71.979323] atkbd serio0: Unknown key released (translated set 2, code 0x7c on isa0060/serio0).
[   71.979548] atkbd serio0: Use 'setkeycodes 7c <keycode>' to make it known.
[   72.186240] atkbd serio0: Unknown key released (translated set 2, code 0x7c on isa0060/serio0).
[   72.186389] atkbd serio0: Use 'setkeycodes 7c <keycode>' to make it known.
[   72.410519] atkbd serio0: Unknown key released (translated set 2, code 0x7c on isa0060/serio0).
[   72.411002] atkbd serio0: Use 'setkeycodes 7c <keycode>' to make it known.
[   72.620848] atkbd serio0: Unknown key released (translated set 2, code 0x7c on isa0060/serio0).
[   72.621056] atkbd serio0: Use 'setkeycodes 7c <keycode>' to make it known.
[   72.827039] atkbd serio0: Unknown key released (translated set 2, code 0x7c on isa0060/serio0).
[   72.827206] atkbd serio0: Use 'setkeycodes 7c <keycode>' to make it known.
[   73.038435] atkbd serio0: Unknown key released (translated set 2, code 0x7c on isa0060/serio0).
[   73.038589] atkbd serio0: Use 'setkeycodes 7c <keycode>' to make it known.
[   73.688629] igb 0000:05:00.0 eth1: igb: eth1 NIC Link is Up 1000 Mbps Full Duplex, Flow Control: RX/TX
[   81.391038] rtcwake test 3
[   81.598144] PM: suspend entry (deep)
[   81.610433] Filesystems sync: 0.012 seconds
[   81.614370] Freezing user space processes
[   81.617210] Freezing user space processes completed (elapsed 0.002 seconds)
[   81.618033] OOM killer disabled.
[   81.618799] Freezing remaining freezable tasks
[   81.621183] Freezing remaining freezable tasks completed (elapsed 0.001 seconds)
[   81.622236] printk: Suspending console(s) (use no_console_suspend to debug)
[   81.665648] e1000e: EEE TX LPI TIMER: 00000011
[   81.765994] ACPI: EC: interrupt blocked
[   81.828823] ACPI: PM: Preparing to enter system sleep state S3
[   81.883643] ACPI: EC: event blocked
[   81.883649] ACPI: EC: EC stopped
[   81.883653] ACPI: PM: Saving platform NVS memory
[   81.884009] Disabling non-boot CPUs ...
[   81.901857] numa_remove_cpu cpu 1 node 0: mask now 0,2-7
[   81.903635] smpboot: CPU 1 is now offline
[   81.916603] numa_remove_cpu cpu 2 node 0: mask now 0,3-7
[   81.918096] smpboot: CPU 2 is now offline
[   81.939963] numa_remove_cpu cpu 3 node 0: mask now 0,4-7
[   81.941508] smpboot: CPU 3 is now offline
[   81.957230] numa_remove_cpu cpu 4 node 0: mask now 0,5-7
[   81.958674] smpboot: CPU 4 is now offline
[   81.978857] numa_remove_cpu cpu 5 node 0: mask now 0,6-7
[   81.980928] smpboot: CPU 5 is now offline
[   81.999688] numa_remove_cpu cpu 6 node 0: mask now 0,7
[   82.001145] smpboot: CPU 6 is now offline
[   82.021954] numa_remove_cpu cpu 7 node 0: mask now 0
[   82.023280] smpboot: CPU 7 is now offline
[   82.030106] ACPI: PM: Low-level resume complete
[   82.030176] ACPI: EC: EC started
[   82.030181] ACPI: PM: Restoring platform NVS memory
[   82.033361] Enabling non-boot CPUs ...
[   82.033995] smpboot: Booting Node 0 Processor 1 APIC 0x2
[   82.036313] numa_add_cpu cpu 1 node 0: mask now 0-1
[   82.063618] ACPI: \_PR_.PR01: Found 3 idle states
[   82.070055] CPU1 is up
[   82.070744] smpboot: Booting Node 0 Processor 2 APIC 0x4
[   82.073618] numa_add_cpu cpu 2 node 0: mask now 0-2
[   82.107263] ACPI: \_PR_.PR02: Found 3 idle states
[   82.116059] CPU2 is up
[   82.116682] smpboot: Booting Node 0 Processor 3 APIC 0x6
[   82.119255] numa_add_cpu cpu 3 node 0: mask now 0-3
[   82.138875] ACPI: \_PR_.PR03: Found 3 idle states
[   82.143946] CPU3 is up
[   82.144461] smpboot: Booting Node 0 Processor 4 APIC 0x1
[   82.144853] numa_add_cpu cpu 4 node 0: mask now 0-4
[   82.170062] ACPI: \_PR_.PR04: Found 3 idle states
[   82.178448] CPU4 is up
[   82.179031] smpboot: Booting Node 0 Processor 5 APIC 0x3
[   82.179423] numa_add_cpu cpu 5 node 0: mask now 0-5
[   82.199570] ACPI: \_PR_.PR05: Found 3 idle states
[   82.206502] CPU5 is up
[   82.207047] smpboot: Booting Node 0 Processor 6 APIC 0x5
[   82.207383] numa_add_cpu cpu 6 node 0: mask now 0-6
[   82.223561] ACPI: \_PR_.PR06: Found 3 idle states
[   82.230623] CPU6 is up
[   82.231439] smpboot: Booting Node 0 Processor 7 APIC 0x7
[   82.231757] numa_add_cpu cpu 7 node 0: mask now 0-7
[   82.246898] ACPI: \_PR_.PR07: Found 3 idle states
[   82.254232] CPU7 is up
[   82.257544] ACPI: PM: Waking up from system sleep state S3
[   83.121161] ACPI: EC: interrupt unblocked
[   83.122338] pcieport 0000:00:1c.2: Intel SPT PCH root port ACS workaround enabled
[   83.122376] pcieport 0000:00:1c.4: Intel SPT PCH root port ACS workaround enabled
[   83.122411] pcieport 0000:00:1d.0: Intel SPT PCH root port ACS workaround enabled
[   83.122426] pcieport 0000:00:1c.1: Intel SPT PCH root port ACS workaround enabled
[   84.281703] ACPI: EC: event unblocked
[   84.289926] xhci_hcd 0000:00:14.0: xHC error in resume, USBSTS 0x411, Reinit
[   84.289936] usb usb1: root hub lost power or was reset
[   84.289943] usb usb2: root hub lost power or was reset
[   84.319018] nvme nvme0: 8/0/0 default/read/poll queues
[   84.586261] usb 1-9: reset full-speed USB device number 2 using xhci_hcd
[   84.803836] atkbd serio0: Unknown key released (translated set 2, code 0x7c on isa0060/serio0).
[   84.803844] atkbd serio0: Use 'setkeycodes 7c <keycode>' to make it known.
[   84.828936] OOM killer enabled.
[   84.829728] Restarting tasks ... done.
[   84.833867] random: crng reseeded on system resumption
[   84.841693] PM: suspend exit
[   85.011513] atkbd serio0: Unknown key released (translated set 2, code 0x7c on isa0060/serio0).
[   85.011728] atkbd serio0: Use 'setkeycodes 7c <keycode>' to make it known.
[   85.216791] atkbd serio0: Unknown key released (translated set 2, code 0x7c on isa0060/serio0).
[   85.217100] atkbd serio0: Use 'setkeycodes 7c <keycode>' to make it known.
[   85.427347] atkbd serio0: Unknown key released (translated set 2, code 0x7c on isa0060/serio0).
[   85.427493] atkbd serio0: Use 'setkeycodes 7c <keycode>' to make it known.
[   85.631587] atkbd serio0: Unknown key released (translated set 2, code 0x7c on isa0060/serio0).
[   85.631734] atkbd serio0: Use 'setkeycodes 7c <keycode>' to make it known.
[   85.839978] atkbd serio0: Unknown key released (translated set 2, code 0x7c on isa0060/serio0).
[   85.840117] atkbd serio0: Use 'setkeycodes 7c <keycode>' to make it known.
[   86.054811] atkbd serio0: Unknown key released (translated set 2, code 0x7c on isa0060/serio0).
[   86.054960] atkbd serio0: Use 'setkeycodes 7c <keycode>' to make it known.
[   86.259229] atkbd serio0: Unknown key released (translated set 2, code 0x7c on isa0060/serio0).
[   86.259416] atkbd serio0: Use 'setkeycodes 7c <keycode>' to make it known.
[   86.464836] atkbd serio0: Unknown key released (translated set 2, code 0x7c on isa0060/serio0).
[   86.465891] atkbd serio0: Use 'setkeycodes 7c <keycode>' to make it known.
[   87.106918] igb 0000:05:00.0 eth1: igb: eth1 NIC Link is Up 1000 Mbps Full Duplex, Flow Control: RX/TX
[   94.863889] rtcwake test 4
[   94.978531] PM: suspend entry (deep)
[   94.980802] Filesystems sync: 0.001 seconds
[   94.985793] Freezing user space processes
[   94.988580] Freezing user space processes completed (elapsed 0.001 seconds)
[   94.989410] OOM killer disabled.
[   94.990193] Freezing remaining freezable tasks
[   94.992538] Freezing remaining freezable tasks completed (elapsed 0.001 seconds)
[   94.993529] printk: Suspending console(s) (use no_console_suspend to debug)
[   95.037366] e1000e: EEE TX LPI TIMER: 00000011
[   95.146509] ACPI: EC: interrupt blocked
[   95.207563] ACPI: PM: Preparing to enter system sleep state S3
[   95.239068] ACPI: EC: event blocked
[   95.239073] ACPI: EC: EC stopped
[   95.239076] ACPI: PM: Saving platform NVS memory
[   95.239306] Disabling non-boot CPUs ...
[   95.249662] numa_remove_cpu cpu 1 node 0: mask now 0,2-7
[   95.251124] smpboot: CPU 1 is now offline
[   95.261302] numa_remove_cpu cpu 2 node 0: mask now 0,3-7
[   95.262751] smpboot: CPU 2 is now offline
[   95.277593] numa_remove_cpu cpu 3 node 0: mask now 0,4-7
[   95.279017] smpboot: CPU 3 is now offline
[   95.288421] numa_remove_cpu cpu 4 node 0: mask now 0,5-7
[   95.290061] smpboot: CPU 4 is now offline
[   95.307494] numa_remove_cpu cpu 5 node 0: mask now 0,6-7
[   95.308663] smpboot: CPU 5 is now offline
[   95.315818] numa_remove_cpu cpu 6 node 0: mask now 0,7
[   95.317824] smpboot: CPU 6 is now offline
[   95.327084] numa_remove_cpu cpu 7 node 0: mask now 0
[   95.328708] smpboot: CPU 7 is now offline
[   95.336500] ACPI: PM: Low-level resume complete
[   95.336570] ACPI: EC: EC started
[   95.336574] ACPI: PM: Restoring platform NVS memory
[   95.342445] Enabling non-boot CPUs ...
[   95.343889] smpboot: Booting Node 0 Processor 1 APIC 0x2
[   95.347067] numa_add_cpu cpu 1 node 0: mask now 0-1
[   95.366622] ACPI: \_PR_.PR01: Found 3 idle states
[   95.371690] CPU1 is up
[   95.372264] smpboot: Booting Node 0 Processor 2 APIC 0x4
[   95.374599] numa_add_cpu cpu 2 node 0: mask now 0-2
[   95.390915] ACPI: \_PR_.PR02: Found 3 idle states
[   95.396030] CPU2 is up
[   95.396577] smpboot: Booting Node 0 Processor 3 APIC 0x6
[   95.399591] numa_add_cpu cpu 3 node 0: mask now 0-3
[   95.414032] ACPI: \_PR_.PR03: Found 3 idle states
[   95.419244] CPU3 is up
[   95.419791] smpboot: Booting Node 0 Processor 4 APIC 0x1
[   95.420183] numa_add_cpu cpu 4 node 0: mask now 0-4
