Return-Path: <linux-pm+bounces-33014-lists+linux-pm=lfdr.de@vger.kernel.org>
X-Original-To: lists+linux-pm@lfdr.de
Delivered-To: lists+linux-pm@lfdr.de
Received: from am.mirrors.kernel.org (am.mirrors.kernel.org [IPv6:2604:1380:4601:e00::3])
	by mail.lfdr.de (Postfix) with ESMTPS id 731CAB33D49
	for <lists+linux-pm@lfdr.de>; Mon, 25 Aug 2025 12:55:48 +0200 (CEST)
Received: from smtp.subspace.kernel.org (relay.kernel.org [52.25.139.140])
	(using TLSv1.2 with cipher ECDHE-ECDSA-AES256-GCM-SHA384 (256/256 bits))
	(No client certificate requested)
	by am.mirrors.kernel.org (Postfix) with ESMTPS id 1EC611882168
	for <lists+linux-pm@lfdr.de>; Mon, 25 Aug 2025 10:56:04 +0000 (UTC)
Received: from localhost.localdomain (localhost.localdomain [127.0.0.1])
	by smtp.subspace.kernel.org (Postfix) with ESMTP id 872EE1F4CBC;
	Mon, 25 Aug 2025 10:55:37 +0000 (UTC)
Authentication-Results: smtp.subspace.kernel.org;
	dkim=pass (2048-bit key) header.d=intel.com header.i=@intel.com header.b="h4XXHsR5"
X-Original-To: linux-pm@vger.kernel.org
Received: from mgamail.intel.com (mgamail.intel.com [192.198.163.13])
	(using TLSv1.2 with cipher ECDHE-RSA-AES256-GCM-SHA384 (256/256 bits))
	(No client certificate requested)
	by smtp.subspace.kernel.org (Postfix) with ESMTPS id 06CFD1F461D
	for <linux-pm@vger.kernel.org>; Mon, 25 Aug 2025 10:55:14 +0000 (UTC)
Authentication-Results: smtp.subspace.kernel.org; arc=none smtp.client-ip=192.198.163.13
ARC-Seal:i=1; a=rsa-sha256; d=subspace.kernel.org; s=arc-20240116;
	t=1756119337; cv=none; b=bC0copB2QDvbKBrAdThCcElU/A64yaTkAHw4Y51aXzx8ox0sqtj5XR/y9N4SpsV/+vAKEvJJtRzK8TcoJAl1AUOcdRcL6bplNnlFAJ1LIM8xHmoNRjUiqwUyaELQ+91D+5MD2GruT1y6mD8erNkO6QYDntTpsCC9QPRt1Hxd6Ho=
ARC-Message-Signature:i=1; a=rsa-sha256; d=subspace.kernel.org;
	s=arc-20240116; t=1756119337; c=relaxed/simple;
	bh=YhmEuzvydCPv2nyAla2UFutm4x/KY5Nwn8wPPJAHi3c=;
	h=Date:From:To:Cc:Subject:Message-ID:References:MIME-Version:
	 Content-Type:Content-Disposition:In-Reply-To; b=bE0sELaiK9/q6r/FNsNsXQ6ZTWXWsfFGEHGMLwLf7VM941iCwWth4m6OYZRpw2RwlgZ5s8e+pWgFvK7DjjZD6YD3UfpJw8M8WIfbGfJQigVDg959PCDNTKgeoJwrtoTI0O4HdwCpIu9TFYS5uUg06KWakJl5a+xEtq67y3dwcP0=
ARC-Authentication-Results:i=1; smtp.subspace.kernel.org; dmarc=pass (p=none dis=none) header.from=linux.intel.com; spf=none smtp.mailfrom=linux.intel.com; dkim=pass (2048-bit key) header.d=intel.com header.i=@intel.com header.b=h4XXHsR5; arc=none smtp.client-ip=192.198.163.13
Authentication-Results: smtp.subspace.kernel.org; dmarc=pass (p=none dis=none) header.from=linux.intel.com
Authentication-Results: smtp.subspace.kernel.org; spf=none smtp.mailfrom=linux.intel.com
DKIM-Signature: v=1; a=rsa-sha256; c=relaxed/simple;
  d=intel.com; i=@intel.com; q=dns/txt; s=Intel;
  t=1756119315; x=1787655315;
  h=date:from:to:cc:subject:message-id:references:
   mime-version:in-reply-to;
  bh=YhmEuzvydCPv2nyAla2UFutm4x/KY5Nwn8wPPJAHi3c=;
  b=h4XXHsR5LuF+QHeqFgIWy5HTftMzLe+v5unrl4mGHMK4h2gVZQpb9ZZn
   W2pnVXZ6qphnnICxcpgj1Y/MhgVfuPX8X7Violq5GR8IPxxK8fyp6BfbC
   F+FcqEthZAVB+D8HaBIQT7D9O2C3bNFc4u7F6y9a8d0XW7BcO8pv8+zrA
   mu+VI52ajbBpUn/oT26Y+oQAG4QNmoK36rROXQmsGHJPShG1PATogDIcA
   o61Wt820Z96oMyx7fvqmkEeLp4STyuxBYkma41cgllnHCZqPtA5SjN/tO
   981zMx7z5LIyF2QHAvt2Ti7PKHLM5ef+F9sss/oDReBK/KJRAe+gB4zdZ
   A==;
X-CSE-ConnectionGUID: uqlu1Y04ST2KztCa1F39yg==
X-CSE-MsgGUID: MdJVhbBIR3GgUliq+Za7sg==
X-IronPort-AV: E=McAfee;i="6800,10657,11532"; a="60959028"
X-IronPort-AV: E=Sophos;i="6.17,312,1747724400"; 
   d="scan'208";a="60959028"
Received: from orviesa008.jf.intel.com ([10.64.159.148])
  by fmvoesa107.fm.intel.com with ESMTP/TLS/ECDHE-RSA-AES256-GCM-SHA384; 25 Aug 2025 03:55:13 -0700
X-CSE-ConnectionGUID: PvHsMTyHQpiBfuhqIwqYZA==
X-CSE-MsgGUID: K1SA2NQ7ThWp1IRMvVQeSQ==
X-ExtLoop1: 1
X-IronPort-AV: E=Sophos;i="6.17,312,1747724400"; 
   d="scan'208";a="169458839"
Received: from black.igk.intel.com ([10.91.253.5])
  by orviesa008.jf.intel.com with ESMTP; 25 Aug 2025 03:55:10 -0700
Received: by black.igk.intel.com (Postfix, from userid 1001)
	id 5FCAA94; Mon, 25 Aug 2025 12:55:09 +0200 (CEST)
Date: Mon, 25 Aug 2025 12:55:09 +0200
From: Mika Westerberg <mika.westerberg@linux.intel.com>
To: Paul Menzel <pmenzel@molgen.mpg.de>
Cc: Zha Qipeng <qipeng.zha@intel.com>, Len Brown <lenb@kernel.org>,
	linux-pm@vger.kernel.org
Subject: Re: Pkg%pcX values do not add up to 100
Message-ID: <20250825105509.GQ476609@black.igk.intel.com>
References: <774d9a96-0120-4009-8fd7-78387267b194@molgen.mpg.de>
Precedence: bulk
X-Mailing-List: linux-pm@vger.kernel.org
List-Id: <linux-pm.vger.kernel.org>
List-Subscribe: <mailto:linux-pm+subscribe@vger.kernel.org>
List-Unsubscribe: <mailto:linux-pm+unsubscribe@vger.kernel.org>
MIME-Version: 1.0
Content-Type: text/plain; charset=utf-8
Content-Disposition: inline
In-Reply-To: <774d9a96-0120-4009-8fd7-78387267b194@molgen.mpg.de>

Hi,

I'm not an expert here but if some of the CPUs are not in any of the power
saving states then they should not be counted.

On Sun, Aug 24, 2025 at 11:04:41PM +0200, Paul Menzel wrote:
> Dear Linux folks,
> 
> 
> On the Intel Kaby Lake laptop Dell XPS 13 9360 with Debian sid/unstable with
> Linux 6.17.0-rc2-00053-gb19a97d57c15 and *linux-cpupower* 6.12.38-1 running
> `turbostat`, the Pkg%pcX values do not add up to 100.
> 
> ```
> $ lsmod | grep pmc
> intel_pmc_bxt          16384  1 iTCO_wdt
> intel_pmc_core        126976  0
> pmt_telemetry          20480  1 intel_pmc_core
> intel_pmc_ssram_telemetry    16384  1 intel_pmc_core
> intel_vsec             24576  2 intel_pmc_ssram_telemetry,pmt_telemetry
> $ sudo dmesg | grep pmc
> [   17.420395] intel_pmc_core INT33A1:00:  initialized
> $ sudo turbostat
> turbostat version 2024.07.26 - Len Brown <lenb@kernel.org>
> Kernel command line: BOOT_IMAGE=/vmlinuz-6.17.0-rc2-00053-gb19a97d57c15
> root=UUID=32e29882-d94d-4a92-9ee4-4d03002bfa29 ro quiet pci=noaer
> mem_sleep_default=deep log_buf_len=16M cryptomgr.notests
> usbcore.quirks=0cf3:e300:e,04f3:2234:e,0c45:670c:e
> CPUID(0): GenuineIntel 0x16 CPUID levels
> CPUID(1): family:model:stepping 0x6:8e:9 (6:142:9) microcode 0xf6
> CPUID(0x80000000): max_extended_levels: 0x80000008
> CPUID(1): SSE3 MONITOR - EIST TM2 TSC MSR ACPI-TM HT TM
> CPUID(6): APERF, TURBO, DTS, PTM, HWP, HWPnotify, HWPwindow, HWPepp,
> No-HWPpkg, EPB
> cpu0: MSR_IA32_MISC_ENABLE: 0x00850089 (TCC EIST MWAIT PREFETCH TURBO)
> CPUID(7): SGX No-Hybrid
> cpu0: MSR_IA32_FEATURE_CONTROL: 0x00040005 (Locked SGX)
> CPUID(0x15): eax_crystal: 2 ebx_tsc: 242 ecx_crystal_hz: 0
> TSC: 2904 MHz (24000000 Hz * 242 / 2 / 1000000)
> CPUID(0x16): base_mhz: 2900 max_mhz: 3500 bus_mhz: 100
> cpu0: MSR_PLATFORM_INFO: 0x4043df1011d00
> 4 * 100.0 = 400.0 MHz max efficiency frequency
> 29 * 100.0 = 2900.0 MHz base frequency
> cpu0: MSR_TURBO_RATIO_LIMIT: 0x23232323
> 35 * 100.0 = 3500.0 MHz max turbo 4 active cores
> 35 * 100.0 = 3500.0 MHz max turbo 3 active cores
> 35 * 100.0 = 3500.0 MHz max turbo 2 active cores
> 35 * 100.0 = 3500.0 MHz max turbo 1 active cores
> cpu0: MSR_CONFIG_TDP_NOMINAL: 0x0000001b (base_ratio=27)
> cpu0: MSR_CONFIG_TDP_LEVEL_1: 0x0008003c (PKG_MIN_PWR_LVL1=0
> PKG_MAX_PWR_LVL1=0 LVL1_RATIO=8 PKG_TDP_LVL1=60)
> cpu0: MSR_CONFIG_TDP_LEVEL_2: 0x001d00c8 (PKG_MIN_PWR_LVL2=0
> PKG_MAX_PWR_LVL2=0 LVL2_RATIO=29 PKG_TDP_LVL2=200)
> cpu0: MSR_CONFIG_TDP_CONTROL: 0x00000000 ( lock=0)
> cpu0: MSR_TURBO_ACTIVATION_RATIO: 0x0000001a (MAX_NON_TURBO_RATIO=26 lock=0)
> cpu0: cpufreq driver: intel_pstate
> cpu0: cpufreq governor: powersave
> cpufreq intel_pstate no_turbo: 0
> cpu0: MSR_MISC_PWR_MGMT: 0x00401cc0 (ENable-EIST_Coordination DISable-EPB
> DISable-OOB)
> cpu0: MSR_PM_ENABLE: 0x00000001 (HWP)
> cpu0: MSR_HWP_CAPABILITIES: 0x01081b23 (high 35 guar 27 eff 8 low 1)
> cpu0: MSR_HWP_REQUEST: 0xc0000404 (min 4 max 4 des 0 epp 0xc0 window 0x0 pkg
> 0x0)
> cpu0: MSR_HWP_INTERRUPT: 0x00000001 (EN_Guaranteed_Perf_Change,
> Dis_Excursion_Min)
> cpu0: MSR_HWP_STATUS: 0x00000000 (No-Guaranteed_Perf_Change,
> No-Excursion_Min)
> cpu0: EPB: 8 (custom)
> cpu0: MSR_IA32_POWER_CTL: 0x0024005f (C1E auto-promotion: ENabled)
> cpu0: MSR_PKG_CST_CONFIG_CONTROL: 0x1e008008 (UNdemote-C3, UNdemote-C1,
> demote-C3, demote-C1, locked, pkg-cstate-limit=8 (unlimited))
> /dev/cpu_dma_latency: 2000000000 usec (default)
> current_driver: intel_idle
> current_governor: menu
> current_governor_ro: menu
> cpu0: POLL: CPUIDLE CORE POLL IDLE
> cpu0: C1: MWAIT 0x00
> cpu0: C1E: MWAIT 0x01
> cpu0: C3: MWAIT 0x10
> cpu0: C6: MWAIT 0x20
> cpu0: C7s: MWAIT 0x33
> cpu0: C8: MWAIT 0x40
> cpu0: C9: MWAIT 0x50
> cpu0: C10: MWAIT 0x60
> cpu0: MSR_PKGC3_IRTL: 0x0000884e (valid, 79872 ns)
> cpu0: MSR_PKGC6_IRTL: 0x00008876 (valid, 120832 ns)
> cpu0: MSR_PKGC7_IRTL: 0x00008894 (valid, 151552 ns)
> cpu0: MSR_PKGC8_IRTL: 0x000088fa (valid, 256000 ns)
> cpu0: MSR_PKGC9_IRTL: 0x0000894c (valid, 339968 ns)
> cpu0: MSR_PKGC10_IRTL: 0x00008bf2 (valid, 1034240 ns)
> RAPL: 17476 sec. Joule Counter Range, at 15 Watts
> cpu0: MSR_RAPL_POWER_UNIT: 0x000a0e03 (0.125000 Watts, 0.000061 Joules,
> 0.000977 sec.)
> cpu0: MSR_PKG_POWER_INFO: 0x00000078 (15 W TDP, RAPL 0 - 0 W, 0.000000 sec.)
> cpu0: MSR_PKG_POWER_LIMIT: 0x4280e800dd8088 (UNlocked)
> cpu0: PKG Limit #1: ENabled (17.000 Watts, 28.000000 sec, clamp ENabled)
> cpu0: PKG Limit #2: ENabled (29.000 Watts, 0.002441* sec, clamp DISabled)
> cpu0: MSR_VR_CURRENT_CONFIG: 0x00000000
> cpu0: PKG Limit #4: 0.000000 Watts (UNlocked)
> cpu0: MSR_DRAM_POWER_LIMIT: 0x5400de00000000 (UNlocked)
> cpu0: DRAM Limit: DISabled (0.000 Watts, 0.000977 sec, clamp DISabled)
> cpu0: MSR_PP0_POLICY: 0
> cpu0: MSR_PP0_POWER_LIMIT: 0x00000000 (UNlocked)
> cpu0: Cores Limit: DISabled (0.000 Watts, 0.000977 sec, clamp DISabled)
> cpu0: MSR_PP1_POLICY: 0
> cpu0: MSR_PP1_POWER_LIMIT: 0x00000000 (UNlocked)
> cpu0: GFX Limit: DISabled (0.000 Watts, 0.000977 sec, clamp DISabled)
> cpu0: MSR_IA32_TEMPERATURE_TARGET: 0x02640000 (98 C) (100 default - 2
> offset)
> cpu0: MSR_IA32_PACKAGE_THERM_STATUS: 0x883b0800 (41 C)
> cpu0: MSR_IA32_PACKAGE_THERM_INTERRUPT: 0x00000003 (100 C, 100 C)
> cpu0: MSR_MISC_FEATURE_CONTROL: 0x00000000 (L2-Prefetch L2-Prefetch-pair
> L1-Prefetch L1-IP-Prefetch)
> Core	CPU	Avg_MHz	Busy%	Bzy_MHz	TSC_MHz	IPC	IRQ	SMI	POLL	C1	C1E	C3	C6	C7s
> C8	C9	C10	POLL%	C1%	C1E%	C3%	C6%	C7s%	C8%	C9%	C10%	CPU%c1	CPU%c3	CPU%c6
> CPU%c7	CoreTmp	CoreThr	PkgTmp	GFX%rc6	GFXMHz	GFXAMHz	Totl%C0	Any%C0
> GFX%C0	CPUGFX%	Pkg%pc2	Pkg%pc3	Pkg%pc6Pkg%pc7	Pkg%pc8	Pkg%pc9	Pk%pc10
> CPU%LPI	SYS%LPI	PkgWatt	CorWatt	GFXWatt	RAMWatt	PKG_%	RAM_%
> -	-	163	20.74	784	2904	0.81	8954	0	9	41	338	577	2977	0	5865	3	491	0.00
> 0.02	0.45	1.33	12.46	0.00	54.56	0.00	10.56	19.63	1.37	16.52	41.74	38	0
> 40	76.42	300	300	76.59	64.71	22.53	12.88	8.84	0.88	4.39	0.00	10.20	0.00
> 0.00	0.00	0.00	1.64	0.42	0.09	0.85	0.00	0.00
> 0	0	142	18.04	790	2904	0.64	4786	0	1	15	168	262	1711	0	1704	0	24	0.00
> 0.06	1.06	2.82	28.11	0.00	48.80	0.00	1.33	17.64	2.28	24.34	37.70	38	0	40
> 76.43	300	300	76.59	64.72	22.53	12.88	8.84	0.88	4.39	0.00	10.20	0.00
> 0.00	0.00	0.00	1.64	0.42	0.09	0.85	0.00	0.00
> 0	2	128	16.53	776	2904	0.82	1330	0	2	8	63	102	357	0	1290	0	224	0.00	0.00
> 0.39	0.90	5.86	0.00	56.41	0.00	19.98	19.16
> 1	1	221	28.14	786	2904	0.87	1473	0	2	6	52	127	514	0	1442	3	81	0.00	0.00
> 0.14	0.94	8.57	0.00	55.99	0.00	6.29	16.92	0.47	8.71	45.77	38	0
> 1	3	158	20.23	783	2904	0.86	1365	0	4	12	55	86	395	0	1429	0	162	0.00	0.00
> 0.21	0.66	7.28	0.00	57.04	0.00	14.63	24.83
> ```
> 
> From the first line:
> 
> Pkg%pc2	Pkg%pc3	Pkg%pc6	Pkg%pc7	Pkg%pc8	Pkg%pc9	Pk%pc10
> 8.84	0.88	4.39	0.00	10.20	0.00	0.00
> 
> This adds up to around 25 %. Is this expected? Please find the output of
> `dmesg` attached.
> 
> 
> Kind regards,
> 
> Paul

> [    0.000000] Linux version 6.17.0-rc2-00053-gb19a97d57c15 (build@bohemianrhapsody.molgen.mpg.de) (gcc (Debian 14.3.0-5) 14.3.0, GNU ld (GNU Binutils for Debian) 2.45) #119 SMP PREEMPT_DYNAMIC Wed Aug 20 08:09:34 CEST 2025
> [    0.000000] Command line: BOOT_IMAGE=/vmlinuz-6.17.0-rc2-00053-gb19a97d57c15 root=UUID=32e29882-d94d-4a92-9ee4-4d03002bfa29 ro quiet pci=noaer mem_sleep_default=deep log_buf_len=16M cryptomgr.notests usbcore.quirks=0cf3:e300:e,04f3:2234:e,0c45:670c:e
> [    0.000000] BIOS-provided physical RAM map:
> [    0.000000] BIOS-e820: [mem 0x0000000000000000-0x0000000000057fff] usable
> [    0.000000] BIOS-e820: [mem 0x0000000000058000-0x0000000000058fff] reserved
> [    0.000000] BIOS-e820: [mem 0x0000000000059000-0x000000000009dfff] usable
> [    0.000000] BIOS-e820: [mem 0x000000000009e000-0x00000000000fffff] reserved
> [    0.000000] BIOS-e820: [mem 0x0000000000100000-0x00000000556aafff] usable
> [    0.000000] BIOS-e820: [mem 0x00000000556ab000-0x00000000556abfff] ACPI NVS
> [    0.000000] BIOS-e820: [mem 0x00000000556ac000-0x00000000556acfff] reserved
> [    0.000000] BIOS-e820: [mem 0x00000000556ad000-0x0000000064df3fff] usable
> [    0.000000] BIOS-e820: [mem 0x0000000064df4000-0x000000006517ffff] reserved
> [    0.000000] BIOS-e820: [mem 0x0000000065180000-0x00000000651c3fff] ACPI data
> [    0.000000] BIOS-e820: [mem 0x00000000651c4000-0x000000006f871fff] ACPI NVS
> [    0.000000] BIOS-e820: [mem 0x000000006f872000-0x000000006fffefff] reserved
> [    0.000000] BIOS-e820: [mem 0x000000006ffff000-0x000000006fffffff] usable
> [    0.000000] BIOS-e820: [mem 0x0000000070000000-0x0000000077ffffff] reserved
> [    0.000000] BIOS-e820: [mem 0x0000000078000000-0x00000000785fffff] usable
> [    0.000000] BIOS-e820: [mem 0x0000000078600000-0x000000007c7fffff] reserved
> [    0.000000] BIOS-e820: [mem 0x00000000e0000000-0x00000000efffffff] reserved
> [    0.000000] BIOS-e820: [mem 0x00000000fe000000-0x00000000fe010fff] reserved
> [    0.000000] BIOS-e820: [mem 0x00000000fec00000-0x00000000fec00fff] reserved
> [    0.000000] BIOS-e820: [mem 0x00000000fee00000-0x00000000fee00fff] reserved
> [    0.000000] BIOS-e820: [mem 0x00000000ff000000-0x00000000ffffffff] reserved
> [    0.000000] BIOS-e820: [mem 0x0000000100000000-0x00000004817fffff] usable
> [    0.000000] NX (Execute Disable) protection: active
> [    0.000000] APIC: Static calls initialized
> [    0.000000] efi: EFI v2.4 by American Megatrends
> [    0.000000] efi: ACPI=0x6518d000 ACPI 2.0=0x6518d000 SMBIOS=0xf0000 SMBIOS 3.0=0xf0020 TPMFinalLog=0x6f812000 ESRT=0x6fc86698 MEMATTR=0x62675018 INITRD=0x5577dd98 TPMEventLog=0x65188018 
> [    0.000000] efi: Remove mem36: MMIO range=[0xe0000000-0xefffffff] (256MB) from e820 map
> [    0.000000] e820: remove [mem 0xe0000000-0xefffffff] reserved
> [    0.000000] efi: Not removing mem37: MMIO range=[0xfe000000-0xfe010fff] (68KB) from e820 map
> [    0.000000] efi: Not removing mem38: MMIO range=[0xfec00000-0xfec00fff] (4KB) from e820 map
> [    0.000000] efi: Not removing mem39: MMIO range=[0xfee00000-0xfee00fff] (4KB) from e820 map
> [    0.000000] efi: Remove mem40: MMIO range=[0xff000000-0xffffffff] (16MB) from e820 map
> [    0.000000] e820: remove [mem 0xff000000-0xffffffff] reserved
> [    0.000000] SMBIOS 3.0.0 present.
> [    0.000000] DMI: Dell Inc. XPS 13 9360/0596KF, BIOS 2.21.0 06/02/2022
> [    0.000000] DMI: Memory slots populated: 2/2
> [    0.000000] tsc: Detected 2900.000 MHz processor
> [    0.000000] tsc: Detected 2899.886 MHz TSC
> [    0.000702] e820: update [mem 0x00000000-0x00000fff] usable ==> reserved
> [    0.000704] e820: remove [mem 0x000a0000-0x000fffff] usable
> [    0.000710] last_pfn = 0x481800 max_arch_pfn = 0x400000000
> [    0.000713] MTRR map: 4 entries (3 fixed + 1 variable; max 23), built from 10 variable MTRRs
> [    0.000715] x86/PAT: Configuration [0-7]: WB  WC  UC- UC  WB  WP  UC- WT  
> [    0.001005] last_pfn = 0x78600 max_arch_pfn = 0x400000000
> [    0.007356] esrt: Reserving ESRT space from 0x000000006fc86698 to 0x000000006fc866d0.
> [    0.007361] Using GB pages for direct mapping
> [    0.019621] printk: log buffer data + meta data: 16777216 + 58720256 = 75497472 bytes
> [    0.019623] printk: early log buf free: 127328(97%)
> [    0.019624] Secure boot disabled
> [    0.019624] RAMDISK: [mem 0x514e5000-0x5254ffff]
> [    0.019628] ACPI: Early table checksum verification disabled
> [    0.019631] ACPI: RSDP 0x000000006518D000 000024 (v02 DELL  )
> [    0.019635] ACPI: XSDT 0x000000006518D0C8 00010C (v01 DELL   CBX3     01072009 AMI  00010013)
> [    0.019639] ACPI: FACP 0x00000000651B2A48 00010C (v05 DELL   CBX3     01072009 AMI  00010013)
> [    0.019644] ACPI: DSDT 0x000000006518D260 0257E7 (v02 DELL   CBX3     01072009 INTL 20160422)
> [    0.019646] ACPI: FACS 0x000000006F86F180 000040
> [    0.019648] ACPI: APIC 0x00000000651B2B58 000084 (v03 DELL   CBX3     01072009 AMI  00010013)
> [    0.019650] ACPI: FPDT 0x00000000651B2BE0 000044 (v01 DELL   CBX3     01072009 AMI  00010013)
> [    0.019652] ACPI: FIDT 0x00000000651B2C28 0000AC (v01 DELL   CBX3     01072009 AMI  00010013)
> [    0.019654] ACPI: MCFG 0x00000000651B2CD8 00003C (v01 DELL   CBX3     01072009 MSFT 00000097)
> [    0.019656] ACPI: HPET 0x00000000651B2D18 000038 (v01 DELL   CBX3     01072009 AMI. 0005000B)
> [    0.019658] ACPI: SSDT 0x00000000651B2D50 000359 (v01 SataRe SataTabl 00001000 INTL 20160422)
> [    0.019660] ACPI: BOOT 0x00000000651B30B0 000028 (v01 DELL   CBX3     01072009 AMI  00010013)
> [    0.019662] ACPI: SSDT 0x00000000651B30D8 0012CF (v02 SaSsdt SaSsdt   00003000 INTL 20160422)
> [    0.019664] ACPI: HPET 0x00000000651B43A8 000038 (v01 INTEL  KBL-ULT  00000001 MSFT 0000005F)
> [    0.019666] ACPI: SSDT 0x00000000651B43E0 000D84 (v02 INTEL  xh_rvp07 00000000 INTL 20160422)
> [    0.019668] ACPI: UEFI 0x00000000651B5168 000042 (v01                 00000000      00000000)
> [    0.019670] ACPI: SSDT 0x00000000651B51B0 000EDE (v02 CpuRef CpuSsdt  00003000 INTL 20160422)
> [    0.019672] ACPI: LPIT 0x00000000651B6090 000094 (v01 INTEL  KBL-ULT  00000000 MSFT 0000005F)
> [    0.019674] ACPI: WSMT 0x00000000651B6128 000028 (v01 DELL   CBX3     00000000 MSFT 0000005F)
> [    0.019676] ACPI: SSDT 0x00000000651B6150 000161 (v02 INTEL  HdaDsp   00000000 INTL 20160422)
> [    0.019678] ACPI: SSDT 0x00000000651B62B8 00029F (v02 INTEL  sensrhub 00000000 INTL 20160422)
> [    0.019680] ACPI: SSDT 0x00000000651B6558 003002 (v02 INTEL  PtidDevc 00001000 INTL 20160422)
> [    0.019682] ACPI: SSDT 0x00000000651B9560 0000DB (v02 INTEL  TbtTypeC 00000000 INTL 20160422)
> [    0.019684] ACPI: DBGP 0x00000000651B9640 000034 (v01 INTEL           00000002 MSFT 0000005F)
> [    0.019686] ACPI: DBG2 0x00000000651B9678 000054 (v00 INTEL           00000002 MSFT 0000005F)
> [    0.019688] ACPI: SSDT 0x00000000651B96D0 0007DD (v02 INTEL  UsbCTabl 00001000 INTL 20160422)
> [    0.019690] ACPI: SSDT 0x00000000651B9EB0 0084F1 (v02 DptfTa DptfTabl 00001000 INTL 20160422)
> [    0.019692] ACPI: SLIC 0x00000000651C23A8 000176 (v03 DELL   CBX3     01072009 MSFT 00010013)
> [    0.019694] ACPI: NHLT 0x00000000651C2520 00002D (v00 INTEL  EDK2     00000002      01000013)
> [    0.019700] ACPI: BGRT 0x00000000651C2550 000038 (v00                 01072009 AMI  00010013)
> [    0.019703] ACPI: TPM2 0x00000000651C2588 000034 (v03        Tpm2Tabl 00000001 AMI  00000000)
> [    0.019705] ACPI: ASF! 0x00000000651C25C0 0000A0 (v32 INTEL   HCG     00000001 TFSM 000F4240)
> [    0.019707] ACPI: DMAR 0x00000000651C2660 0000F0 (v01 INTEL  KBL      00000001 INTL 00000001)
> [    0.019708] ACPI: Reserving FACP table memory at [mem 0x651b2a48-0x651b2b53]
> [    0.019710] ACPI: Reserving DSDT table memory at [mem 0x6518d260-0x651b2a46]
> [    0.019710] ACPI: Reserving FACS table memory at [mem 0x6f86f180-0x6f86f1bf]
> [    0.019711] ACPI: Reserving APIC table memory at [mem 0x651b2b58-0x651b2bdb]
> [    0.019712] ACPI: Reserving FPDT table memory at [mem 0x651b2be0-0x651b2c23]
> [    0.019712] ACPI: Reserving FIDT table memory at [mem 0x651b2c28-0x651b2cd3]
> [    0.019713] ACPI: Reserving MCFG table memory at [mem 0x651b2cd8-0x651b2d13]
> [    0.019713] ACPI: Reserving HPET table memory at [mem 0x651b2d18-0x651b2d4f]
> [    0.019714] ACPI: Reserving SSDT table memory at [mem 0x651b2d50-0x651b30a8]
> [    0.019714] ACPI: Reserving BOOT table memory at [mem 0x651b30b0-0x651b30d7]
> [    0.019715] ACPI: Reserving SSDT table memory at [mem 0x651b30d8-0x651b43a6]
> [    0.019716] ACPI: Reserving HPET table memory at [mem 0x651b43a8-0x651b43df]
> [    0.019716] ACPI: Reserving SSDT table memory at [mem 0x651b43e0-0x651b5163]
> [    0.019717] ACPI: Reserving UEFI table memory at [mem 0x651b5168-0x651b51a9]
> [    0.019717] ACPI: Reserving SSDT table memory at [mem 0x651b51b0-0x651b608d]
> [    0.019718] ACPI: Reserving LPIT table memory at [mem 0x651b6090-0x651b6123]
> [    0.019718] ACPI: Reserving WSMT table memory at [mem 0x651b6128-0x651b614f]
> [    0.019719] ACPI: Reserving SSDT table memory at [mem 0x651b6150-0x651b62b0]
> [    0.019720] ACPI: Reserving SSDT table memory at [mem 0x651b62b8-0x651b6556]
> [    0.019720] ACPI: Reserving SSDT table memory at [mem 0x651b6558-0x651b9559]
> [    0.019721] ACPI: Reserving SSDT table memory at [mem 0x651b9560-0x651b963a]
> [    0.019721] ACPI: Reserving DBGP table memory at [mem 0x651b9640-0x651b9673]
> [    0.019722] ACPI: Reserving DBG2 table memory at [mem 0x651b9678-0x651b96cb]
> [    0.019722] ACPI: Reserving SSDT table memory at [mem 0x651b96d0-0x651b9eac]
> [    0.019723] ACPI: Reserving SSDT table memory at [mem 0x651b9eb0-0x651c23a0]
> [    0.019724] ACPI: Reserving SLIC table memory at [mem 0x651c23a8-0x651c251d]
> [    0.019724] ACPI: Reserving NHLT table memory at [mem 0x651c2520-0x651c254c]
> [    0.019725] ACPI: Reserving BGRT table memory at [mem 0x651c2550-0x651c2587]
> [    0.019725] ACPI: Reserving TPM2 table memory at [mem 0x651c2588-0x651c25bb]
> [    0.019726] ACPI: Reserving ASF! table memory at [mem 0x651c25c0-0x651c265f]
> [    0.019727] ACPI: Reserving DMAR table memory at [mem 0x651c2660-0x651c274f]
> [    0.019844] No NUMA configuration found
> [    0.019844] Faking a node at [mem 0x0000000000000000-0x00000004817fffff]
> [    0.019853] NODE_DATA(0) allocated [mem 0x47cfd5540-0x47cffffff]
> [    0.020051] Zone ranges:
> [    0.020052]   DMA      [mem 0x0000000000001000-0x0000000000ffffff]
> [    0.020053]   DMA32    [mem 0x0000000001000000-0x00000000ffffffff]
> [    0.020055]   Normal   [mem 0x0000000100000000-0x00000004817fffff]
> [    0.020056]   Device   empty
> [    0.020056] Movable zone start for each node
> [    0.020058] Early memory node ranges
> [    0.020058]   node   0: [mem 0x0000000000001000-0x0000000000057fff]
> [    0.020060]   node   0: [mem 0x0000000000059000-0x000000000009dfff]
> [    0.020060]   node   0: [mem 0x0000000000100000-0x00000000556aafff]
> [    0.020061]   node   0: [mem 0x00000000556ad000-0x0000000064df3fff]
> [    0.020062]   node   0: [mem 0x000000006ffff000-0x000000006fffffff]
> [    0.020062]   node   0: [mem 0x0000000078000000-0x00000000785fffff]
> [    0.020063]   node   0: [mem 0x0000000100000000-0x00000004817fffff]
> [    0.020065] Initmem setup node 0 [mem 0x0000000000001000-0x00000004817fffff]
> [    0.020070] On node 0, zone DMA: 1 pages in unavailable ranges
> [    0.020071] On node 0, zone DMA: 1 pages in unavailable ranges
> [    0.020092] On node 0, zone DMA: 98 pages in unavailable ranges
> [    0.022632] On node 0, zone DMA32: 2 pages in unavailable ranges
> [    0.022955] On node 0, zone DMA32: 45579 pages in unavailable ranges
> [    0.023399] On node 0, zone Normal: 31232 pages in unavailable ranges
> [    0.023597] On node 0, zone Normal: 26624 pages in unavailable ranges
> [    0.023605] Reserving Intel graphics memory at [mem 0x7a800000-0x7c7fffff]
> [    0.023795] ACPI: PM-Timer IO Port: 0x1808
> [    0.023800] ACPI: LAPIC_NMI (acpi_id[0x01] high edge lint[0x1])
> [    0.023801] ACPI: LAPIC_NMI (acpi_id[0x02] high edge lint[0x1])
> [    0.023802] ACPI: LAPIC_NMI (acpi_id[0x03] high edge lint[0x1])
> [    0.023802] ACPI: LAPIC_NMI (acpi_id[0x04] high edge lint[0x1])
> [    0.023829] IOAPIC[0]: apic_id 2, version 32, address 0xfec00000, GSI 0-119
> [    0.023831] ACPI: INT_SRC_OVR (bus 0 bus_irq 0 global_irq 2 dfl dfl)
> [    0.023832] ACPI: INT_SRC_OVR (bus 0 bus_irq 9 global_irq 9 high level)
> [    0.023835] ACPI: Using ACPI (MADT) for SMP configuration information
> [    0.023836] ACPI: HPET id: 0x8086a701 base: 0xfed00000
> [    0.023843] e820: update [mem 0x6225f000-0x623ebfff] usable ==> reserved
> [    0.023850] TSC deadline timer available
> [    0.023854] CPU topo: Max. logical packages:   1
> [    0.023854] CPU topo: Max. logical dies:       1
> [    0.023855] CPU topo: Max. dies per package:   1
> [    0.023858] CPU topo: Max. threads per core:   2
> [    0.023858] CPU topo: Num. cores per package:     2
> [    0.023859] CPU topo: Num. threads per package:   4
> [    0.023859] CPU topo: Allowing 4 present CPUs plus 0 hotplug CPUs
> [    0.023878] PM: hibernation: Registered nosave memory: [mem 0x00000000-0x00000fff]
> [    0.023880] PM: hibernation: Registered nosave memory: [mem 0x00058000-0x00058fff]
> [    0.023882] PM: hibernation: Registered nosave memory: [mem 0x0009e000-0x000fffff]
> [    0.023883] PM: hibernation: Registered nosave memory: [mem 0x556ab000-0x556acfff]
> [    0.023884] PM: hibernation: Registered nosave memory: [mem 0x6225f000-0x623ebfff]
> [    0.023886] PM: hibernation: Registered nosave memory: [mem 0x64df4000-0x6fffefff]
> [    0.023887] PM: hibernation: Registered nosave memory: [mem 0x70000000-0x77ffffff]
> [    0.023889] PM: hibernation: Registered nosave memory: [mem 0x78600000-0xffffffff]
> [    0.023890] [mem 0x7c800000-0xfdffffff] available for PCI devices
> [    0.023891] Booting paravirtualized kernel on bare hardware
> [    0.023893] clocksource: refined-jiffies: mask: 0xffffffff max_cycles: 0xffffffff, max_idle_ns: 7645519600211568 ns
> [    0.028368] setup_percpu: NR_CPUS:8192 nr_cpumask_bits:4 nr_cpu_ids:4 nr_node_ids:1
> [    0.028646] percpu: Embedded 75 pages/cpu s270336 r8192 d28672 u524288
> [    0.028653] pcpu-alloc: s270336 r8192 d28672 u524288 alloc=1*2097152
> [    0.028654] pcpu-alloc: [0] 0 1 2 3 
> [    0.028672] Kernel command line: BOOT_IMAGE=/vmlinuz-6.17.0-rc2-00053-gb19a97d57c15 root=UUID=32e29882-d94d-4a92-9ee4-4d03002bfa29 ro quiet pci=noaer mem_sleep_default=deep log_buf_len=16M cryptomgr.notests usbcore.quirks=0cf3:e300:e,04f3:2234:e,0c45:670c:e
> [    0.028749] Unknown kernel command line parameters "BOOT_IMAGE=/vmlinuz-6.17.0-rc2-00053-gb19a97d57c15", will be passed to user space.
> [    0.028782] random: crng init done
> [    0.030270] Dentry cache hash table entries: 2097152 (order: 12, 16777216 bytes, linear)
> [    0.031031] Inode-cache hash table entries: 1048576 (order: 11, 8388608 bytes, linear)
> [    0.031084] software IO TLB: area num 4.
> [    0.043485] Fallback order for Node 0: 0 
> [    0.043488] Built 1 zonelists, mobility grouping on.  Total pages: 4090767
> [    0.043489] Policy zone: Normal
> [    0.043496] mem auto-init: stack:all(zero), heap alloc:on, heap free:off
> [    0.049539] SLUB: HWalign=64, Order=0-3, MinObjects=0, CPUs=4, Nodes=1
> [    0.049541] kmemleak: Kernel memory leak detector disabled
> [    0.057071] ftrace: allocating 43857 entries in 172 pages
> [    0.057073] ftrace: allocated 172 pages with 4 groups
> [    0.057795] Dynamic Preempt: voluntary
> [    0.057829] rcu: Preemptible hierarchical RCU implementation.
> [    0.057830] rcu: 	RCU restricting CPUs from NR_CPUS=8192 to nr_cpu_ids=4.
> [    0.057831] 	Trampoline variant of Tasks RCU enabled.
> [    0.057831] 	Rude variant of Tasks RCU enabled.
> [    0.057832] 	Tracing variant of Tasks RCU enabled.
> [    0.057832] rcu: RCU calculated value of scheduler-enlistment delay is 25 jiffies.
> [    0.057833] rcu: Adjusting geometry for rcu_fanout_leaf=16, nr_cpu_ids=4
> [    0.057840] RCU Tasks: Setting shift to 2 and lim to 1 rcu_task_cb_adjust=1 rcu_task_cpu_ids=4.
> [    0.057842] RCU Tasks Rude: Setting shift to 2 and lim to 1 rcu_task_cb_adjust=1 rcu_task_cpu_ids=4.
> [    0.057843] RCU Tasks Trace: Setting shift to 2 and lim to 1 rcu_task_cb_adjust=1 rcu_task_cpu_ids=4.
> [    0.061936] NR_IRQS: 524544, nr_irqs: 1024, preallocated irqs: 16
> [    0.062148] rcu: srcu_init: Setting srcu_struct sizes based on contention.
> [    0.062318] Console: colour dummy device 80x25
> [    0.062321] printk: legacy console [tty0] enabled
> [    0.062363] ACPI: Core revision 20250404
> [    0.062513] hpet: HPET dysfunctional in PC10. Force disabled.
> [    0.062566] APIC: Switch to symmetric I/O mode setup
> [    0.062569] DMAR: Host address width 39
> [    0.062570] DMAR: DRHD base: 0x000000fed90000 flags: 0x0
> [    0.062577] DMAR: dmar0: reg_base_addr fed90000 ver 1:0 cap 1c0000c40660462 ecap 19e2ff0505e
> [    0.062579] DMAR: DRHD base: 0x000000fed91000 flags: 0x1
> [    0.062582] DMAR: dmar1: reg_base_addr fed91000 ver 1:0 cap d2008c40660462 ecap f050da
> [    0.062584] DMAR: RMRR base: 0x00000064ec2000 end: 0x00000064ee1fff
> [    0.062585] DMAR: RMRR base: 0x0000007a000000 end: 0x0000007c7fffff
> [    0.062586] DMAR: ANDD device: 1 name: \_SB.PCI0.I2C0
> [    0.062587] DMAR: ANDD device: 2 name: \_SB.PCI0.I2C1
> [    0.062589] DMAR-IR: IOAPIC id 2 under DRHD base  0xfed91000 IOMMU 1
> [    0.062590] DMAR-IR: HPET id 0 under DRHD base 0xfed91000
> [    0.062591] DMAR-IR: Queued invalidation will be enabled to support x2apic and Intr-remapping.
> [    0.064215] DMAR-IR: Enabled IRQ remapping in x2apic mode
> [    0.064217] x2apic enabled
> [    0.064272] APIC: Switched APIC routing to: cluster x2apic
> [    0.068165] clocksource: tsc-early: mask: 0xffffffffffffffff max_cycles: 0x29ccd767b87, max_idle_ns: 440795223720 ns
> [    0.068170] Calibrating delay loop (skipped), value calculated using timer frequency.. 5799.77 BogoMIPS (lpj=11599544)
> [    0.068202] CPU0: Thermal monitoring enabled (TM1)
> [    0.068240] Last level iTLB entries: 4KB 64, 2MB 8, 4MB 8
> [    0.068241] Last level dTLB entries: 4KB 64, 2MB 32, 4MB 32, 1GB 4
> [    0.068245] process: using mwait in idle threads
> [    0.068248] mitigations: Enabled attack vectors: SMT mitigations: off
> [    0.068251] Speculative Store Bypass: Vulnerable
> [    0.068252] SRBDS: Vulnerable
> [    0.068254] Spectre V2 : Vulnerable
> [    0.068255] RETBleed: WARNING: Spectre v2 mitigation leaves CPU vulnerable to RETBleed attacks, data leaks possible!
> [    0.068259] RETBleed: Vulnerable
> [    0.068259] Spectre V2 : User space: Vulnerable
> [    0.068261] MDS: Vulnerable
> [    0.068261] MMIO Stale Data: Vulnerable
> [    0.068262] Spectre V1 : Vulnerable: __user pointer sanitization and usercopy barriers only; no swapgs barriers
> [    0.068269] GDS: Vulnerable
> [    0.068273] x86/fpu: Supporting XSAVE feature 0x001: 'x87 floating point registers'
> [    0.068275] x86/fpu: Supporting XSAVE feature 0x002: 'SSE registers'
> [    0.068275] x86/fpu: Supporting XSAVE feature 0x004: 'AVX registers'
> [    0.068276] x86/fpu: Supporting XSAVE feature 0x008: 'MPX bounds registers'
> [    0.068277] x86/fpu: Supporting XSAVE feature 0x010: 'MPX CSR'
> [    0.068278] x86/fpu: xstate_offset[2]:  576, xstate_sizes[2]:  256
> [    0.068279] x86/fpu: xstate_offset[3]:  832, xstate_sizes[3]:   64
> [    0.068280] x86/fpu: xstate_offset[4]:  896, xstate_sizes[4]:   64
> [    0.068281] x86/fpu: Enabled xstate features 0x1f, context size is 960 bytes, using 'compacted' format.
> [    0.072168] Freeing SMP alternatives memory: 40K
> [    0.072168] pid_max: default: 32768 minimum: 301
> [    0.072168] LSM: initializing lsm=capability,landlock,apparmor,bpf
> [    0.072168] landlock: Up and running.
> [    0.072168] AppArmor: AppArmor initialized
> [    0.072168] LSM support for eBPF active
> [    0.072168] Mount-cache hash table entries: 32768 (order: 6, 262144 bytes, linear)
> [    0.072168] Mountpoint-cache hash table entries: 32768 (order: 6, 262144 bytes, linear)
> [    0.072168] smpboot: CPU0: Intel(R) Core(TM) i7-7500U CPU @ 2.70GHz (family: 0x6, model: 0x8e, stepping: 0x9)
> [    0.072168] Performance Events: PEBS fmt3+, Skylake events, 32-deep LBR, full-width counters, Intel PMU driver.
> [    0.072168] ... version:                4
> [    0.072168] ... bit width:              48
> [    0.072168] ... generic registers:      4
> [    0.072168] ... value mask:             0000ffffffffffff
> [    0.072168] ... max period:             00007fffffffffff
> [    0.072168] ... fixed-purpose events:   3
> [    0.072168] ... event mask:             000000070000000f
> [    0.072168] signal: max sigframe size: 1616
> [    0.072168] Estimated ratio of average max frequency by base frequency (times 1024): 1235
> [    0.072168] rcu: Hierarchical SRCU implementation.
> [    0.072168] rcu: 	Max phase no-delay instances is 1000.
> [    0.072168] Timer migration: 1 hierarchy levels; 8 children per group; 1 crossnode level
> [    0.072168] NMI watchdog: Enabled. Permanently consumes one hw-PMU counter.
> [    0.072168] smp: Bringing up secondary CPUs ...
> [    0.072168] smpboot: x86: Booting SMP configuration:
> [    0.072168] .... node  #0, CPUs:      #1 #2 #3
> [    0.072168] smp: Brought up 1 node, 4 CPUs
> [    0.072168] smpboot: Total of 4 processors activated (23199.08 BogoMIPS)
> [    0.092200] node 0 deferred pages initialised in 24ms
> [    0.092206] Memory: 15861792K/16363068K available (14482K kernel code, 2592K rwdata, 10124K rodata, 2916K init, 6164K bss, 490364K reserved, 0K cma-reserved)
> [    0.092623] devtmpfs: initialized
> [    0.092623] x86/mm: Memory block size: 128MB
> [    0.093447] ACPI: PM: Registering ACPI NVS region [mem 0x556ab000-0x556abfff] (4096 bytes)
> [    0.093447] ACPI: PM: Registering ACPI NVS region [mem 0x651c4000-0x6f871fff] (174776320 bytes)
> [    0.096873] clocksource: jiffies: mask: 0xffffffff max_cycles: 0xffffffff, max_idle_ns: 7645041785100000 ns
> [    0.096873] posixtimers hash table entries: 2048 (order: 3, 32768 bytes, linear)
> [    0.096873] futex hash table entries: 1024 (65536 bytes on 1 NUMA nodes, total 64 KiB, linear).
> [    0.096873] pinctrl core: initialized pinctrl subsystem
> [    0.096873] NET: Registered PF_NETLINK/PF_ROUTE protocol family
> [    0.096935] DMA: preallocated 2048 KiB GFP_KERNEL pool for atomic allocations
> [    0.097043] DMA: preallocated 2048 KiB GFP_KERNEL|GFP_DMA pool for atomic allocations
> [    0.097168] DMA: preallocated 2048 KiB GFP_KERNEL|GFP_DMA32 pool for atomic allocations
> [    0.097182] audit: initializing netlink subsys (disabled)
> [    0.097201] audit: type=2000 audit(1755711357.000:1): state=initialized audit_enabled=0 res=1
> [    0.097201] thermal_sys: Registered thermal governor 'fair_share'
> [    0.097201] thermal_sys: Registered thermal governor 'bang_bang'
> [    0.097201] thermal_sys: Registered thermal governor 'step_wise'
> [    0.097201] thermal_sys: Registered thermal governor 'user_space'
> [    0.097201] thermal_sys: Registered thermal governor 'power_allocator'
> [    0.097201] cpuidle: using governor ladder
> [    0.097201] cpuidle: using governor menu
> [    0.097201] Simple Boot Flag at 0x47 set to 0x80
> [    0.097201] ACPI FADT declares the system doesn't support PCIe ASPM, so disable it
> [    0.097201] acpiphp: ACPI Hot Plug PCI Controller Driver version: 0.5
> [    0.097201] PCI: ECAM [mem 0xe0000000-0xefffffff] (base 0xe0000000) for domain 0000 [bus 00-ff]
> [    0.097201] PCI: Using configuration type 1 for base access
> [    0.097201] kprobes: kprobe jump-optimization is enabled. All kprobes are optimized if possible.
> [    0.097201] HugeTLB: allocation took 0ms with hugepage_allocation_threads=1
> [    0.097201] HugeTLB: registered 1.00 GiB page size, pre-allocated 0 pages
> [    0.097201] HugeTLB: 16380 KiB vmemmap can be freed for a 1.00 GiB page
> [    0.097201] HugeTLB: registered 2.00 MiB page size, pre-allocated 0 pages
> [    0.097201] HugeTLB: 28 KiB vmemmap can be freed for a 2.00 MiB page
> [    0.097201] ACPI: Added _OSI(Module Device)
> [    0.097201] ACPI: Added _OSI(Processor Device)
> [    0.097201] ACPI: Added _OSI(Processor Aggregator Device)
> [    0.138994] ACPI: 11 ACPI AML tables successfully acquired and loaded
> [    0.141345] ACPI: [Firmware Bug]: BIOS _OSI(Linux) query ignored
> [    0.148938] ACPI: Dynamic OEM Table Load:
> [    0.148944] ACPI: SSDT 0xFFFF9CFB81CAF400 0003FF (v02 PmRef  Cpu0Cst  00003001 INTL 20160422)
> [    0.149794] ACPI: Dynamic OEM Table Load:
> [    0.149799] ACPI: SSDT 0xFFFF9CFB81861800 0006F6 (v02 PmRef  Cpu0Ist  00003000 INTL 20160422)
> [    0.149801] ACPI: Dynamic OEM Table Load:
> [    0.149801] ACPI: SSDT 0xFFFF9CFB81860000 00065C (v02 PmRef  ApIst    00003000 INTL 20160422)
> [    0.150385] ACPI: Dynamic OEM Table Load:
> [    0.150390] ACPI: SSDT 0xFFFF9CFB81D29E00 00018A (v02 PmRef  ApCst    00003000 INTL 20160422)
> [    0.152945] ACPI: EC: EC started
> [    0.152946] ACPI: EC: interrupt blocked
> [    0.158105] ACPI: EC: EC_CMD/EC_SC=0x934, EC_DATA=0x930
> [    0.158108] ACPI: \_SB_.PCI0.LPCB.ECDV: Boot DSDT EC used to handle transactions
> [    0.158110] ACPI: Interpreter enabled
> [    0.158147] ACPI: PM: (supports S0 S3 S4 S5)
> [    0.158148] ACPI: Using IOAPIC for interrupt routing
> [    0.158186] PCI: Using host bridge windows from ACPI; if necessary, use "pci=nocrs" and report a bug
> [    0.158187] PCI: Using E820 reservations for host bridge windows
> [    0.158728] ACPI: Enabled 8 GPEs in block 00 to 7F
> [    0.162009] ACPI: \_SB_.PCI0.RP09.PXSX.WRST: New power resource
> [    0.162283] ACPI: \_SB_.PCI0.RP10.PXSX.WRST: New power resource
> [    0.162554] ACPI: \_SB_.PCI0.RP11.PXSX.WRST: New power resource
> [    0.162825] ACPI: \_SB_.PCI0.RP12.PXSX.WRST: New power resource
> [    0.163092] ACPI: \_SB_.PCI0.RP13.PXSX.WRST: New power resource
> [    0.163360] ACPI: \_SB_.PCI0.RP01.PXSX.WRST: New power resource
> [    0.164021] ACPI: \_SB_.PCI0.RP02.PXSX.WRST: New power resource
> [    0.164296] ACPI: \_SB_.PCI0.RP03.PXSX.WRST: New power resource
> [    0.164565] ACPI: \_SB_.PCI0.RP04.PXSX.WRST: New power resource
> [    0.164833] ACPI: \_SB_.PCI0.RP05.PXSX.WRST: New power resource
> [    0.165101] ACPI: \_SB_.PCI0.RP06.PXSX.WRST: New power resource
> [    0.165372] ACPI: \_SB_.PCI0.RP07.PXSX.WRST: New power resource
> [    0.165641] ACPI: \_SB_.PCI0.RP08.PXSX.WRST: New power resource
> [    0.165909] ACPI: \_SB_.PCI0.RP17.PXSX.WRST: New power resource
> [    0.168176] ACPI: \_SB_.PCI0.RP18.PXSX.WRST: New power resource
> [    0.168176] ACPI: \_SB_.PCI0.RP19.PXSX.WRST: New power resource
> [    0.168176] ACPI: \_SB_.PCI0.RP20.PXSX.WRST: New power resource
> [    0.168176] ACPI: \_SB_.PCI0.RP14.PXSX.WRST: New power resource
> [    0.168176] ACPI: \_SB_.PCI0.RP15.PXSX.WRST: New power resource
> [    0.168399] ACPI: \_SB_.PCI0.RP16.PXSX.WRST: New power resource
> [    0.189541] ACPI: PCI Root Bridge [PCI0] (domain 0000 [bus 00-fe])
> [    0.189547] acpi PNP0A08:00: _OSC: OS supports [ExtendedConfig ASPM ClockPM Segments MSI HPX-Type3]
> [    0.189710] acpi PNP0A08:00: _OSC: platform does not support [PCIeHotplug SHPCHotplug PME]
> [    0.190011] acpi PNP0A08:00: _OSC: OS now controls [PCIeCapability LTR]
> [    0.190012] acpi PNP0A08:00: FADT indicates ASPM is unsupported, using BIOS configuration
> [    0.190781] PCI host bridge to bus 0000:00
> [    0.190784] pci_bus 0000:00: root bus resource [io  0x0000-0x0cf7 window]
> [    0.190786] pci_bus 0000:00: root bus resource [io  0x0d00-0xffff window]
> [    0.190788] pci_bus 0000:00: root bus resource [mem 0x000a0000-0x000dffff window]
> [    0.190790] pci_bus 0000:00: root bus resource [mem 0x7c800000-0xdfffffff window]
> [    0.190791] pci_bus 0000:00: root bus resource [mem 0xfd000000-0xfe7fffff window]
> [    0.190792] pci_bus 0000:00: root bus resource [bus 00-fe]
> [    0.190807] pci 0000:00:00.0: [8086:5904] type 00 class 0x060000 conventional PCI endpoint
> [    0.190881] pci 0000:00:02.0: [8086:5916] type 00 class 0x030000 PCIe Root Complex Integrated Endpoint
> [    0.190895] pci 0000:00:02.0: BAR 0 [mem 0xdb000000-0xdbffffff 64bit]
> [    0.190897] pci 0000:00:02.0: BAR 2 [mem 0x90000000-0x9fffffff 64bit pref]
> [    0.190898] pci 0000:00:02.0: BAR 4 [io  0xf000-0xf03f]
> [    0.190909] pci 0000:00:02.0: Video device with shadowed ROM at [mem 0x000c0000-0x000dffff]
> [    0.191041] pci 0000:00:04.0: [8086:1903] type 00 class 0x118000 conventional PCI endpoint
> [    0.191057] pci 0000:00:04.0: BAR 0 [mem 0xdc420000-0xdc427fff 64bit]
> [    0.191303] pci 0000:00:14.0: [8086:9d2f] type 00 class 0x0c0330 conventional PCI endpoint
> [    0.191335] pci 0000:00:14.0: BAR 0 [mem 0xdc410000-0xdc41ffff 64bit]
> [    0.191368] pci 0000:00:14.0: PME# supported from D3hot D3cold
> [    0.191845] pci 0000:00:14.2: [8086:9d31] type 00 class 0x118000 conventional PCI endpoint
> [    0.191876] pci 0000:00:14.2: BAR 0 [mem 0xdc434000-0xdc434fff 64bit]
> [    0.192005] pci 0000:00:15.0: [8086:9d60] type 00 class 0x118000 conventional PCI endpoint
> [    0.192059] pci 0000:00:15.0: BAR 0 [mem 0xdc433000-0xdc433fff 64bit]
> [    0.192371] pci 0000:00:15.1: [8086:9d61] type 00 class 0x118000 conventional PCI endpoint
> [    0.192411] pci 0000:00:15.1: BAR 0 [mem 0xdc432000-0xdc432fff 64bit]
> [    0.192693] pci 0000:00:16.0: [8086:9d3a] type 00 class 0x078000 conventional PCI endpoint
> [    0.192723] pci 0000:00:16.0: BAR 0 [mem 0xdc431000-0xdc431fff 64bit]
> [    0.192752] pci 0000:00:16.0: PME# supported from D3hot
> [    0.193063] pci 0000:00:1c.0: [8086:9d10] type 01 class 0x060400 PCIe Root Port
> [    0.193081] pci 0000:00:1c.0: PCI bridge to [bus 01-39]
> [    0.193086] pci 0000:00:1c.0:   bridge window [mem 0xc4000000-0xda0fffff]
> [    0.193094] pci 0000:00:1c.0:   bridge window [mem 0xa0000000-0xc1ffffff 64bit pref]
> [    0.193144] pci 0000:00:1c.0: PME# supported from D0 D3hot D3cold
> [    0.193548] pci 0000:00:1c.4: [8086:9d14] type 01 class 0x060400 PCIe Root Port
> [    0.193563] pci 0000:00:1c.4: PCI bridge to [bus 3a]
> [    0.193568] pci 0000:00:1c.4:   bridge window [mem 0xdc000000-0xdc1fffff]
> [    0.193618] pci 0000:00:1c.4: PME# supported from D0 D3hot D3cold
> [    0.194012] pci 0000:00:1c.5: [8086:9d15] type 01 class 0x060400 PCIe Root Port
> [    0.194029] pci 0000:00:1c.5: PCI bridge to [bus 3b]
> [    0.194033] pci 0000:00:1c.5:   bridge window [mem 0xdc300000-0xdc3fffff]
> [    0.194083] pci 0000:00:1c.5: PME# supported from D0 D3hot D3cold
> [    0.194479] pci 0000:00:1d.0: [8086:9d18] type 01 class 0x060400 PCIe Root Port
> [    0.194496] pci 0000:00:1d.0: PCI bridge to [bus 3c]
> [    0.194500] pci 0000:00:1d.0:   bridge window [mem 0xdc200000-0xdc2fffff]
> [    0.194550] pci 0000:00:1d.0: PME# supported from D0 D3hot D3cold
> [    0.194971] pci 0000:00:1f.0: [8086:9d58] type 00 class 0x060100 conventional PCI endpoint
> [    0.195240] pci 0000:00:1f.2: [8086:9d21] type 00 class 0x058000 conventional PCI endpoint
> [    0.195276] pci 0000:00:1f.2: BAR 0 [mem 0xdc42c000-0xdc42ffff]
> [    0.195466] pci 0000:00:1f.3: [8086:9d71] type 00 class 0x040380 conventional PCI endpoint
> [    0.195509] pci 0000:00:1f.3: BAR 0 [mem 0xdc428000-0xdc42bfff 64bit]
> [    0.195515] pci 0000:00:1f.3: BAR 4 [mem 0xdc400000-0xdc40ffff 64bit]
> [    0.195554] pci 0000:00:1f.3: PME# supported from D3hot D3cold
> [    0.196123] pci 0000:00:1f.4: [8086:9d23] type 00 class 0x0c0500 conventional PCI endpoint
> [    0.196254] pci 0000:00:1f.4: BAR 0 [mem 0xdc430000-0xdc4300ff 64bit]
> [    0.196265] pci 0000:00:1f.4: BAR 4 [io  0xf040-0xf05f]
> [    0.196545] pci 0000:00:1c.0: PCI bridge to [bus 01-39]
> [    0.196984] pci 0000:3a:00.0: [168c:003e] type 00 class 0x028000 PCIe Endpoint
> [    0.197427] pci 0000:3a:00.0: BAR 0 [mem 0xdc000000-0xdc1fffff 64bit]
> [    0.198406] pci 0000:3a:00.0: PME# supported from D0 D3hot D3cold
> [    0.199770] pci 0000:00:1c.4: PCI bridge to [bus 3a]
> [    0.199869] pci 0000:3b:00.0: [10ec:525a] type 00 class 0xff0000 PCIe Endpoint
> [    0.199915] pci 0000:3b:00.0: BAR 1 [mem 0xdc300000-0xdc300fff]
> [    0.199998] pci 0000:3b:00.0: supports D1 D2
> [    0.199999] pci 0000:3b:00.0: PME# supported from D1 D2 D3hot D3cold
> [    0.200343] pci 0000:00:1c.5: PCI bridge to [bus 3b]
> [    0.200439] pci 0000:3c:00.0: [1c5c:1284] type 00 class 0x010802 PCIe Endpoint
> [    0.200479] pci 0000:3c:00.0: BAR 0 [mem 0xdc200000-0xdc203fff 64bit]
> [    0.200561] pci 0000:3c:00.0: PME# supported from D0 D1 D3hot
> [    0.200882] pci 0000:00:1d.0: PCI bridge to [bus 3c]
> [    0.203913] ACPI: PCI: Interrupt link LNKA configured for IRQ 11
> [    0.203913] ACPI: PCI: Interrupt link LNKB configured for IRQ 10
> [    0.203913] ACPI: PCI: Interrupt link LNKC configured for IRQ 11
> [    0.203913] ACPI: PCI: Interrupt link LNKD configured for IRQ 11
> [    0.203913] ACPI: PCI: Interrupt link LNKE configured for IRQ 11
> [    0.203913] ACPI: PCI: Interrupt link LNKF configured for IRQ 11
> [    0.203913] ACPI: PCI: Interrupt link LNKG configured for IRQ 11
> [    0.203913] ACPI: PCI: Interrupt link LNKH configured for IRQ 11
> [    0.212353] ACPI: EC: interrupt unblocked
> [    0.212355] ACPI: EC: event unblocked
> [    0.212361] ACPI: EC: EC_CMD/EC_SC=0x934, EC_DATA=0x930
> [    0.212362] ACPI: EC: GPE=0x14
> [    0.212363] ACPI: \_SB_.PCI0.LPCB.ECDV: Boot DSDT EC initialization complete
> [    0.212365] ACPI: \_SB_.PCI0.LPCB.ECDV: EC: Used to handle transactions and events
> [    0.212458] iommu: Default domain type: Translated
> [    0.212458] iommu: DMA domain TLB invalidation policy: lazy mode
> [    0.212601] pps_core: LinuxPPS API ver. 1 registered
> [    0.212603] pps_core: Software ver. 5.3.6 - Copyright 2005-2007 Rodolfo Giometti <giometti@linux.it>
> [    0.212607] PTP clock support registered
> [    0.212619] EDAC MC: Ver: 3.0.0
> [    0.212850] efivars: Registered efivars operations
> [    0.212850] NetLabel: Initializing
> [    0.212850] NetLabel:  domain hash size = 128
> [    0.212850] NetLabel:  protocols = UNLABELED CIPSOv4 CALIPSO
> [    0.212850] NetLabel:  unlabeled traffic allowed by default
> [    0.212850] PCI: Using ACPI for IRQ routing
> [    0.238751] PCI: pci_cache_line_size set to 64 bytes
> [    0.239093] e820: reserve RAM buffer [mem 0x00058000-0x0005ffff]
> [    0.239095] e820: reserve RAM buffer [mem 0x0009e000-0x0009ffff]
> [    0.239096] e820: reserve RAM buffer [mem 0x556ab000-0x57ffffff]
> [    0.239098] e820: reserve RAM buffer [mem 0x6225f000-0x63ffffff]
> [    0.239099] e820: reserve RAM buffer [mem 0x64df4000-0x67ffffff]
> [    0.239100] e820: reserve RAM buffer [mem 0x78600000-0x7bffffff]
> [    0.239100] e820: reserve RAM buffer [mem 0x481800000-0x483ffffff]
> [    0.240178] pci 0000:00:02.0: vgaarb: setting as boot VGA device
> [    0.240178] pci 0000:00:02.0: vgaarb: bridge control possible
> [    0.240178] pci 0000:00:02.0: vgaarb: VGA device added: decodes=io+mem,owns=io+mem,locks=none
> [    0.240181] vgaarb: loaded
> [    0.240275] clocksource: Switched to clocksource tsc-early
> [    0.240421] VFS: Disk quotas dquot_6.6.0
> [    0.240428] VFS: Dquot-cache hash table entries: 512 (order 0, 4096 bytes)
> [    0.240444] AppArmor: AppArmor Filesystem Enabled
> [    0.240444] pnp: PnP ACPI init
> [    0.240652] system 00:00: [io  0x0680-0x069f] has been reserved
> [    0.240655] system 00:00: [io  0xffff] has been reserved
> [    0.240656] system 00:00: [io  0xffff] has been reserved
> [    0.240658] system 00:00: [io  0xffff] has been reserved
> [    0.240659] system 00:00: [io  0x1800-0x18fe] could not be reserved
> [    0.240660] system 00:00: [io  0x164e-0x164f] has been reserved
> [    0.241120] system 00:04: [mem 0xfed10000-0xfed17fff] has been reserved
> [    0.241122] system 00:04: [mem 0xfed18000-0xfed18fff] has been reserved
> [    0.241124] system 00:04: [mem 0xfed19000-0xfed19fff] has been reserved
> [    0.241125] system 00:04: [mem 0xe0000000-0xefffffff] has been reserved
> [    0.241127] system 00:04: [mem 0xfed20000-0xfed3ffff] has been reserved
> [    0.241128] system 00:04: [mem 0xfed90000-0xfed93fff] could not be reserved
> [    0.241130] system 00:04: [mem 0xfed45000-0xfed8ffff] has been reserved
> [    0.241131] system 00:04: [mem 0xff000000-0xffffffff] has been reserved
> [    0.241133] system 00:04: [mem 0xfee00000-0xfeefffff] could not be reserved
> [    0.241135] system 00:04: [mem 0xdffe0000-0xdfffffff] has been reserved
> [    0.241173] system 00:05: [mem 0xfd000000-0xfdabffff] has been reserved
> [    0.241175] system 00:05: [mem 0xfdad0000-0xfdadffff] has been reserved
> [    0.241176] system 00:05: [mem 0xfdb00000-0xfdffffff] has been reserved
> [    0.241178] system 00:05: [mem 0xfe000000-0xfe01ffff] could not be reserved
> [    0.241179] system 00:05: [mem 0xfe036000-0xfe03bfff] has been reserved
> [    0.241181] system 00:05: [mem 0xfe03d000-0xfe3fffff] has been reserved
> [    0.241182] system 00:05: [mem 0xfe410000-0xfe7fffff] has been reserved
> [    0.241444] system 00:06: [io  0xff00-0xfffe] has been reserved
> [    0.242419] system 00:07: [mem 0xfe029000-0xfe029fff] has been reserved
> [    0.242421] system 00:07: [mem 0xfe028000-0xfe028fff] has been reserved
> [    0.246285] pnp: PnP ACPI: found 8 devices
> [    0.252095] clocksource: acpi_pm: mask: 0xffffff max_cycles: 0xffffff, max_idle_ns: 2085701024 ns
> [    0.252143] NET: Registered PF_INET protocol family
> [    0.252266] IP idents hash table entries: 262144 (order: 9, 2097152 bytes, linear)
> [    0.263565] tcp_listen_portaddr_hash hash table entries: 8192 (order: 5, 131072 bytes, linear)
> [    0.263586] Table-perturb hash table entries: 65536 (order: 6, 262144 bytes, linear)
> [    0.263660] TCP established hash table entries: 131072 (order: 8, 1048576 bytes, linear)
> [    0.263857] TCP bind hash table entries: 65536 (order: 9, 2097152 bytes, linear)
> [    0.264052] TCP: Hash tables configured (established 131072 bind 65536)
> [    0.264120] MPTCP token hash table entries: 16384 (order: 6, 393216 bytes, linear)
> [    0.264188] UDP hash table entries: 8192 (order: 7, 524288 bytes, linear)
> [    0.264253] UDP-Lite hash table entries: 8192 (order: 7, 524288 bytes, linear)
> [    0.264326] NET: Registered PF_UNIX/PF_LOCAL protocol family
> [    0.264333] NET: Registered PF_XDP protocol family
> [    0.264342] pci 0000:00:1c.0: bridge window [io  0x1000-0x0fff] to [bus 01-39] add_size 1000
> [    0.264360] pci 0000:00:1c.0: bridge window [io  0x2000-0x2fff]: assigned
> [    0.264362] pci 0000:00:1c.0: PCI bridge to [bus 01-39]
> [    0.264365] pci 0000:00:1c.0:   bridge window [io  0x2000-0x2fff]
> [    0.264368] pci 0000:00:1c.0:   bridge window [mem 0xc4000000-0xda0fffff]
> [    0.264370] pci 0000:00:1c.0:   bridge window [mem 0xa0000000-0xc1ffffff 64bit pref]
> [    0.264375] pci 0000:00:1c.4: PCI bridge to [bus 3a]
> [    0.264378] pci 0000:00:1c.4:   bridge window [mem 0xdc000000-0xdc1fffff]
> [    0.264383] pci 0000:00:1c.5: PCI bridge to [bus 3b]
> [    0.264385] pci 0000:00:1c.5:   bridge window [mem 0xdc300000-0xdc3fffff]
> [    0.264390] pci 0000:00:1d.0: PCI bridge to [bus 3c]
> [    0.264393] pci 0000:00:1d.0:   bridge window [mem 0xdc200000-0xdc2fffff]
> [    0.264398] pci_bus 0000:00: resource 4 [io  0x0000-0x0cf7 window]
> [    0.264399] pci_bus 0000:00: resource 5 [io  0x0d00-0xffff window]
> [    0.264400] pci_bus 0000:00: resource 6 [mem 0x000a0000-0x000dffff window]
> [    0.264401] pci_bus 0000:00: resource 7 [mem 0x7c800000-0xdfffffff window]
> [    0.264403] pci_bus 0000:00: resource 8 [mem 0xfd000000-0xfe7fffff window]
> [    0.264404] pci_bus 0000:01: resource 0 [io  0x2000-0x2fff]
> [    0.264405] pci_bus 0000:01: resource 1 [mem 0xc4000000-0xda0fffff]
> [    0.264406] pci_bus 0000:01: resource 2 [mem 0xa0000000-0xc1ffffff 64bit pref]
> [    0.264407] pci_bus 0000:3a: resource 1 [mem 0xdc000000-0xdc1fffff]
> [    0.264408] pci_bus 0000:3b: resource 1 [mem 0xdc300000-0xdc3fffff]
> [    0.264409] pci_bus 0000:3c: resource 1 [mem 0xdc200000-0xdc2fffff]
> [    0.264958] PCI: CLS 0 bytes, default 64
> [    0.265000] pci 0000:00:1f.1: [8086:9d20] type 00 class 0x058000 conventional PCI endpoint
> [    0.265138] pci 0000:00:1f.1: BAR 0 [mem 0xfd000000-0xfdffffff 64bit]
> [    0.265268] DMAR: ACPI device "device:79" under DMAR at fed91000 as 00:15.0
> [    0.265271] DMAR: ACPI device "device:7a" under DMAR at fed91000 as 00:15.1
> [    0.265297] PCI-DMA: Using software bounce buffering for IO (SWIOTLB)
> [    0.265298] software IO TLB: mapped [mem 0x000000005e25f000-0x000000006225f000] (64MB)
> [    0.265342] Unpacking initramfs...
> [    0.265349] sgx: EPC section 0x70200000-0x75f7ffff
> [    0.266041] sgx: SGX disabled: SGX launch control CPU feature is not available, /dev/sgx_enclave disabled.
> [    0.266683] Initialise system trusted keyrings
> [    0.266695] Key type blacklist registered
> [    0.266846] workingset: timestamp_bits=36 max_order=22 bucket_order=0
> [    0.267158] fuse: init (API version 7.44)
> [    0.267525] Key type asymmetric registered
> [    0.267531] Asymmetric key parser 'x509' registered
> [    0.267592] Block layer SCSI generic (bsg) driver version 0.4 loaded (major 246)
> [    0.267652] io scheduler mq-deadline registered
> [    0.273931] Memory allocation profiling is not supported!
> [    0.281915] ledtrig-cpu: registered to indicate activity on CPUs
> [    0.285524] thermal LNXTHERM:00: registered as thermal_zone0
> [    0.285528] ACPI: thermal: Thermal Zone [THM] (25 C)
> [    0.285752] Serial: 8250/16550 driver, 4 ports, IRQ sharing enabled
> [    0.286545] hpet_acpi_add: no address or irqs in _CRS
> [    0.298528] tpm_tis MSFT0101:00: 2.0 TPM (device-id 0xFE, rev-id 4)
> [    0.305099] Freeing initrd memory: 16812K
> [    0.332423] i8042: PNP: PS/2 Controller [PNP0303:PS2K,PNP0f13:PS2M] at 0x60,0x64 irq 1,12
> [    0.332694] i8042: Warning: Keylock active
> [    0.334873] serio: i8042 KBD port at 0x60,0x64 irq 1
> [    0.334878] serio: i8042 AUX port at 0x60,0x64 irq 12
> [    0.334976] mousedev: PS/2 mouse device common for all mice
> [    0.335014] rtc_cmos 00:01: RTC can wake from S4
> [    0.335825] rtc_cmos 00:01: registered as rtc0
> [    0.335992] rtc_cmos 00:01: setting system clock to 2025-08-20T17:35:58 UTC (1755711358)
> [    0.336014] rtc_cmos 00:01: alarms up to one month, y3k, 242 bytes nvram
> [    0.336159] intel_pstate: Intel P-state driver initializing
> [    0.336194] input: AT Translated Set 2 keyboard as /devices/platform/i8042/serio0/input/input0
> [    0.337788] intel_pstate: HWP enabled
> [    0.338053] efifb: probing for efifb
> [    0.338063] efifb: framebuffer at 0x90000000, using 22500k, total 22500k
> [    0.338064] efifb: mode is 3200x1800x32, linelength=12800, pages=1
> [    0.338066] efifb: scrolling: redraw
> [    0.338066] efifb: Truecolor: size=8:8:8:8, shift=24:16:8:0
> [    0.338189] Console: switching to colour frame buffer device 200x56
> [    0.340867] fb0: EFI VGA frame buffer device
> [    0.340992] NET: Registered PF_INET6 protocol family
> [    0.341259] Segment Routing with IPv6
> [    0.341265] In-situ OAM (IOAM) with IPv6
> [    0.341280] mip6: Mobile IPv6
> [    0.341282] NET: Registered PF_PACKET protocol family
> [    0.341327] mpls_gso: MPLS GSO support
> [    0.341800] ENERGY_PERF_BIAS: Set to 'normal', was 'performance'
> [    0.341826] microcode: Current revision: 0x000000f6
> [    0.341828] microcode: Updated early from: 0x000000f0
> [    0.341870] IPI shorthand broadcast: enabled
> [    0.342969] sched_clock: Marking stable (336001321, 5894112)->(353403100, -11507667)
> [    0.343070] registered taskstats version 1
> [    0.343150] Loading compiled-in X.509 certificates
> [    0.344814] Demotion targets for Node 0: null
> [    0.344869] Key type .fscrypt registered
> [    0.344870] Key type fscrypt-provisioning registered
> [    0.357198] Key type encrypted registered
> [    0.357202] AppArmor: AppArmor sha256 policy hashing enabled
> [    0.357314] RAS: Correctable Errors collector initialized.
> [    0.360327] clk: Disabling unused clocks
> [    0.361188] Freeing unused decrypted memory: 2036K
> [    0.361638] Freeing unused kernel image (initmem) memory: 2916K
> [    0.361666] Write protecting the kernel read-only data: 26624k
> [    0.362218] Freeing unused kernel image (text/rodata gap) memory: 1900K
> [    0.362265] Freeing unused kernel image (rodata/data gap) memory: 116K
> [    0.373332] x86/mm: Checked W+X mappings: passed, no W+X pages found.
> [    0.373337] Run /init as init process
> [    0.373338]   with arguments:
> [    0.373340]     /init
> [    0.373341]   with environment:
> [    0.373341]     HOME=/
> [    0.373342]     TERM=linux
> [    0.373343]     BOOT_IMAGE=/vmlinuz-6.17.0-rc2-00053-gb19a97d57c15
> [    0.526764] input: Intel HID events as /devices/platform/INT33D5:00/input/input2
> [    0.527004] intel-hid INT33D5:00: platform supports 5 button array
> [    0.528541] input: Intel HID 5 button array as /devices/platform/INT33D5:00/input/input3
> [    0.529033] nvme nvme0: pci function 0000:3c:00.0
> [    0.529119] wmi_bus wmi_bus-PNP0C14:01: [Firmware Bug]: WQBC data block query control method not found
> [    0.547612] nvme nvme0: 4/0/0 default/read/poll queues
> [    0.548340] input: PC Speaker as /devices/platform/pcspkr/input/input4
> [    0.573466]  nvme0n1: p1 p2 p3 p4
> [    0.586436] input: Dell WMI hotkeys as /devices/platform/PNP0C14:01/wmi_bus/wmi_bus-PNP0C14:01/9DBB5994-A997-11DA-B012-B622A1EF5492-3/input/input5
> [    0.608365] device-mapper: uevent: version 1.0.3
> [    0.608642] device-mapper: ioctl: 4.50.0-ioctl (2025-04-28) initialised: dm-devel@lists.linux.dev
> [    1.282185] tsc: Refined TSC clocksource calibration: 2904.008 MHz
> [    1.282205] clocksource: tsc: mask: 0xffffffffffffffff max_cycles: 0x29dc0d988f1, max_idle_ns: 440795328788 ns
> [    1.282276] clocksource: Switched to clocksource tsc
> [   16.318461] PM: Image not found (code -22)
> [   16.391885] EXT4-fs (dm-0): mounted filesystem 32e29882-d94d-4a92-9ee4-4d03002bfa29 ro with ordered data mode. Quota mode: none.
> [   16.506625] systemd[1]: Inserted module 'autofs4'
> [   16.551548] systemd[1]: systemd 258~rc2-2 running in system mode (+PAM +AUDIT +SELINUX +APPARMOR +IMA +IPE +SMACK +SECCOMP +GCRYPT -GNUTLS +OPENSSL +ACL +BLKID +CURL +ELFUTILS +FIDO2 +IDN2 -IDN +IPTC +KMOD +LIBCRYPTSETUP +LIBCRYPTSETUP_PLUGINS +LIBFDISK +PCRE2 +PWQUALITY +P11KIT +QRENCODE +TPM2 +BZIP2 +LZ4 +XZ +ZLIB +ZSTD +BPF_FRAMEWORK +BTF -XKBCOMMON -UTMP +SYSVINIT +LIBARCHIVE)
> [   16.551565] systemd[1]: Detected architecture x86-64.
> [   16.554999] systemd[1]: Hostname set to <abreu>.
> [   16.698504] systemd[1]: bpf-restrict-fs: LSM BPF program attached
> [   16.735132] systemd-sysv-generator[335]: SysV service '/etc/init.d/xl2tpd' lacks a native systemd unit file, automatically generating a unit file for compatibility.
> [   16.735137] systemd-sysv-generator[335]: Please update package to include a native systemd unit file.
> [   16.735139] systemd-sysv-generator[335]: ! This compatibility logic is deprecated, expect removal soon. !
> [   16.874857] systemd[1]: Queued start job for default target graphical.target.
> [   16.916911] systemd[1]: Created slice system-getty.slice - Slice /system/getty.
> [   16.918143] systemd[1]: Created slice system-modprobe.slice - Slice /system/modprobe.
> [   16.919085] systemd[1]: Created slice system-systemd\x2dcryptsetup.slice - Encrypted Volume Units Service Slice.
> [   16.919999] systemd[1]: Created slice system-systemd\x2dfsck.slice - Slice /system/systemd-fsck.
> [   16.920595] systemd[1]: Created slice user.slice - User and Session Slice.
> [   16.920760] systemd[1]: Started systemd-ask-password-console.path - Dispatch Password Requests to Console Directory Watch.
> [   16.920881] systemd[1]: Started systemd-ask-password-wall.path - Forward Password Requests to Wall Directory Watch.
> [   16.921327] systemd[1]: Set up automount proc-sys-fs-binfmt_misc.automount - Arbitrary Executable File Formats File System Automount Point.
> [   16.921389] systemd[1]: Expecting device dev-disk-by\x2ddiskseq-1\x2dpart4.device - /dev/disk/by-diskseq/1-part4...
> [   16.921417] systemd[1]: Expecting device dev-disk-by\x2duuid-2d23fd4c\x2d5d03\x2d4e1a\x2d8a42\x2d0e859d1f00d8.device - /dev/disk/by-uuid/2d23fd4c-5d03-4e1a-8a42-0e859d1f00d8...
> [   16.921440] systemd[1]: Expecting device dev-disk-by\x2duuid-61be8f50\x2d69c5\x2d49a5\x2dbcad\x2d3f4521e9c7b5.device - /dev/disk/by-uuid/61be8f50-69c5-49a5-bcad-3f4521e9c7b5...
> [   16.921456] systemd[1]: Expecting device dev-disk-by\x2duuid-96BD\x2d5653.device - /dev/disk/by-uuid/96BD-5653...
> [   16.921525] systemd[1]: Reached target imports.target - Image Downloads.
> [   16.921562] systemd[1]: Reached target integritysetup.target - Local Integrity Protected Volumes.
> [   16.921631] systemd[1]: Reached target nss-user-lookup.target - User and Group Name Lookups.
> [   16.921684] systemd[1]: Reached target paths.target - Path Units.
> [   16.921733] systemd[1]: Reached target remote-fs.target - Remote File Systems.
> [   16.921763] systemd[1]: Reached target slices.target - Slice Units.
> [   16.921852] systemd[1]: Reached target veritysetup.target - Local Verity Protected Volumes.
> [   16.925207] systemd[1]: Listening on systemd-ask-password.socket - Query the User Interactively for a Password.
> [   16.928764] systemd[1]: Listening on systemd-coredump.socket - Process Core Dump Socket.
> [   16.930976] systemd[1]: Listening on systemd-creds.socket - Credential Encryption/Decryption.
> [   16.934048] systemd[1]: Listening on systemd-factory-reset.socket - Factory Reset Management.
> [   16.934327] systemd[1]: Listening on systemd-journald-dev-log.socket - Journal Socket (/dev/log).
> [   16.934570] systemd[1]: Listening on systemd-journald.socket - Journal Sockets.
> [   16.934677] systemd[1]: systemd-oomd.socket - Userspace Out-Of-Memory (OOM) Killer Socket was skipped because of an unmet condition check (ConditionPathExists=/proc/pressure/memory).
> [   16.934775] systemd[1]: systemd-pcrextend.socket - TPM PCR Measurements was skipped because of an unmet condition check (ConditionSecurity=measured-uki).
> [   16.934831] systemd[1]: systemd-pcrlock.socket - Make TPM PCR Policy was skipped because of an unmet condition check (ConditionSecurity=measured-uki).
> [   16.935031] systemd[1]: Listening on systemd-udevd-control.socket - udev Control Socket.
> [   16.935192] systemd[1]: Listening on systemd-udevd-kernel.socket - udev Kernel Socket.
> [   16.935406] systemd[1]: Listening on systemd-udevd-varlink.socket - udev Varlink Socket.
> [   16.937662] systemd[1]: Mounting dev-hugepages.mount - Huge Pages File System...
> [   16.939864] systemd[1]: Mounting dev-mqueue.mount - POSIX Message Queue File System...
> [   16.942545] systemd[1]: Mounting sys-kernel-debug.mount - Kernel Debug File System...
> [   16.946055] systemd[1]: Mounting sys-kernel-tracing.mount - Kernel Trace File System...
> [   16.952183] systemd[1]: Starting kmod-static-nodes.service - Create List of Static Device Nodes...
> [   16.955548] systemd[1]: Starting modprobe@configfs.service - Load Kernel Module configfs...
> [   16.958282] systemd[1]: Starting modprobe@drm.service - Load Kernel Module drm...
> [   16.963403] systemd[1]: Starting modprobe@efi_pstore.service - Load Kernel Module efi_pstore...
> [   16.963458] systemd[1]: modprobe@fuse.service - Load Kernel Module fuse was skipped because of an unmet condition check (ConditionKernelModuleLoaded=!fuse).
> [   16.966017] systemd[1]: Mounting sys-fs-fuse-connections.mount - FUSE Control File System...
> [   16.966147] systemd[1]: systemd-fsck-root.service - File System Check on Root Device was skipped because of an unmet condition check (ConditionPathExists=!/run/initramfs/fsck-root).
> [   16.968426] systemd[1]: Starting systemd-hibernate-clear.service - Clear Stale Hibernate Storage Info...
> [   16.973998] systemd[1]: Starting systemd-journald.service - Journal Service...
> [   16.982346] systemd[1]: Starting systemd-modules-load.service - Load Kernel Modules...
> [   16.982383] systemd[1]: systemd-pcrmachine.service - TPM PCR Machine ID Measurement was skipped because of an unmet condition check (ConditionSecurity=measured-uki).
> [   16.985045] systemd[1]: Starting systemd-remount-fs.service - Remount Root and Kernel File Systems...
> [   16.985129] systemd[1]: systemd-tpm2-setup-early.service - Early TPM SRK Setup was skipped because of an unmet condition check (ConditionSecurity=measured-uki).
> [   16.990006] systemd[1]: Starting systemd-udev-load-credentials.service - Load udev Rules from Credentials...
> [   16.991059] systemd[1]: Starting systemd-udev-trigger.service - Coldplug All udev Devices...
> [   16.995749] systemd[1]: Mounted dev-hugepages.mount - Huge Pages File System.
> [   16.995861] systemd[1]: Mounted dev-mqueue.mount - POSIX Message Queue File System.
> [   16.995951] systemd[1]: Mounted sys-kernel-debug.mount - Kernel Debug File System.
> [   16.996037] systemd[1]: Mounted sys-kernel-tracing.mount - Kernel Trace File System.
> [   16.998012] systemd[1]: Finished kmod-static-nodes.service - Create List of Static Device Nodes.
> [   16.999017] systemd[1]: modprobe@configfs.service: Deactivated successfully.
> [   16.999255] systemd[1]: Finished modprobe@configfs.service - Load Kernel Module configfs.
> [   16.999450] systemd[1]: Mounted sys-fs-fuse-connections.mount - FUSE Control File System.
> [   17.008200] systemd[1]: Mounting sys-kernel-config.mount - Kernel Configuration File System...
> [   17.009718] systemd[1]: Starting systemd-tmpfiles-setup-dev-early.service - Create Static Device Nodes in /dev gracefully...
> [   17.009781] pstore: Using crash dump compression: deflate
> [   17.014872] systemd[1]: Finished systemd-hibernate-clear.service - Clear Stale Hibernate Storage Info.
> [   17.018184] ACPI: bus type drm_connector registered
> [   17.019757] systemd[1]: modprobe@drm.service: Deactivated successfully.
> [   17.020034] systemd[1]: Finished modprobe@drm.service - Load Kernel Module drm.
> [   17.023611] pstore: Registered efi_pstore as persistent store backend
> [   17.024986] systemd[1]: modprobe@efi_pstore.service: Deactivated successfully.
> [   17.026205] lp: driver loaded but no devices found
> [   17.026637] systemd[1]: Finished modprobe@efi_pstore.service - Load Kernel Module efi_pstore.
> [   17.026922] systemd[1]: Mounted sys-kernel-config.mount - Kernel Configuration File System.
> [   17.031122] EXT4-fs (dm-0): re-mounted 32e29882-d94d-4a92-9ee4-4d03002bfa29 r/w.
> [   17.033162] systemd[1]: Finished systemd-remount-fs.service - Remount Root and Kernel File Systems.
> [   17.033580] ppdev: user-space parallel port driver
> [   17.034087] systemd[1]: Finished systemd-udev-load-credentials.service - Load udev Rules from Credentials.
> [   17.035426] systemd[1]: systemd-hwdb-update.service - Rebuild Hardware Database was skipped because of an unmet condition check (ConditionNeedsUpdate=/etc).
> [   17.035507] systemd[1]: systemd-pstore.service - Platform Persistent Storage Archival was skipped because of an unmet condition check (ConditionDirectoryNotEmpty=/sys/fs/pstore).
> [   17.036751] systemd[1]: Starting systemd-random-seed.service - Load/Save OS Random Seed...
> [   17.036792] systemd[1]: systemd-tpm2-setup.service - TPM SRK Setup was skipped because of an unmet condition check (ConditionSecurity=measured-uki).
> [   17.038666] systemd-journald[349]: Collecting audit messages is disabled.
> [   17.047700] systemd[1]: Finished systemd-tmpfiles-setup-dev-early.service - Create Static Device Nodes in /dev gracefully.
> [   17.047888] systemd[1]: systemd-sysusers.service - Create System Users was skipped because no trigger condition checks were met.
> [   17.049509] systemd[1]: Starting systemd-timesyncd.service - Network Time Synchronization...
> [   17.052027] systemd[1]: Starting systemd-tmpfiles-setup-dev.service - Create Static Device Nodes in /dev...
> [   17.052484] systemd[1]: Finished systemd-modules-load.service - Load Kernel Modules.
> [   17.058075] systemd[1]: Starting systemd-sysctl.service - Apply Kernel Variables...
> [   17.059616] systemd[1]: Finished systemd-random-seed.service - Load/Save OS Random Seed.
> [   17.069724] systemd[1]: Finished systemd-tmpfiles-setup-dev.service - Create Static Device Nodes in /dev.
> [   17.071699] systemd[1]: Starting systemd-udevd.service - Rule-based Manager for Device Events and Files...
> [   17.097209] systemd[1]: Started systemd-journald.service - Journal Service.
> [   17.123896] systemd-journald[349]: Received client request to flush runtime journal.
> [   17.314026] input: Lid Switch as /devices/LNXSYSTM:00/LNXSYBUS:00/PNP0C0D:00/input/input20
> [   17.331153] ACPI: bus type USB registered
> [   17.331204] usbcore: registered new interface driver usbfs
> [   17.331216] usbcore: registered new interface driver hub
> [   17.331232] usbcore: registered new device driver usb
> [   17.333943] ACPI: button: Lid Switch [LID0]
> [   17.334028] input: Power Button as /devices/LNXSYSTM:00/LNXSYBUS:00/PNP0C0C:00/input/input21
> [   17.334588] ACPI: button: Power Button [PBTN]
> [   17.334691] ACPI: AC: AC Adapter [AC] (off-line)
> [   17.341576] input: Sleep Button as /devices/LNXSYSTM:00/LNXSYBUS:00/PNP0C0E:00/input/input22
> [   17.343472] ACPI: button: Sleep Button [SBTN]
> [   17.343561] input: Power Button as /devices/LNXSYSTM:00/LNXPWRBN:00/input/input23
> [   17.344260] ACPI: button: Power Button [PWRF]
> [   17.389026] ACPI: battery: Slot [BAT0] (battery present)
> [   17.408362] xhci_hcd 0000:00:14.0: xHCI Host Controller
> [   17.410542] xhci_hcd 0000:00:14.0: new USB bus registered, assigned bus number 1
> [   17.411692] xhci_hcd 0000:00:14.0: hcc params 0x200077c1 hci version 0x100 quirks 0x0000000081109810
> [   17.417530] xhci_hcd 0000:00:14.0: xHCI Host Controller
> [   17.417539] xhci_hcd 0000:00:14.0: new USB bus registered, assigned bus number 2
> [   17.417544] xhci_hcd 0000:00:14.0: Host supports USB 3.0 SuperSpeed
> [   17.417586] proc_thermal 0000:00:04.0: enabling device (0000 -> 0002)
> [   17.417591] usb usb1: New USB device found, idVendor=1d6b, idProduct=0002, bcdDevice= 6.17
> [   17.417595] usb usb1: New USB device strings: Mfr=3, Product=2, SerialNumber=1
> [   17.417597] usb usb1: Product: xHCI Host Controller
> [   17.417599] usb usb1: Manufacturer: Linux 6.17.0-rc2-00053-gb19a97d57c15 xhci-hcd
> [   17.417601] usb usb1: SerialNumber: 0000:00:14.0
> [   17.420395] intel_pmc_core INT33A1:00:  initialized
> [   17.420488] input: Intel Virtual Buttons as /devices/pci0000:00/0000:00:1f.0/PNP0C09:00/INT33D6:00/input/input24
> [   17.439722] hub 1-0:1.0: USB hub found
> [   17.439751] hub 1-0:1.0: 12 ports detected
> [   17.451796] usb usb2: New USB device found, idVendor=1d6b, idProduct=0003, bcdDevice= 6.17
> [   17.451802] usb usb2: New USB device strings: Mfr=3, Product=2, SerialNumber=1
> [   17.451804] usb usb2: Product: xHCI Host Controller
> [   17.451806] usb usb2: Manufacturer: Linux 6.17.0-rc2-00053-gb19a97d57c15 xhci-hcd
> [   17.451808] usb usb2: SerialNumber: 0000:00:14.0
> [   17.455295] intel_rapl_common: Found RAPL domain package
> [   17.455299] intel_rapl_common: Found RAPL domain dram
> [   17.491445] hub 2-0:1.0: USB hub found
> [   17.491470] hub 2-0:1.0: 6 ports detected
> [   17.504372] hid: raw HID events driver (C) Jiri Kosina
> [   17.505509] Adding 8387904k swap on /dev/nvme0n1p4.  Priority:-2 extents:1 across:8387904k SS
> [   17.697937] usb 1-3: new full-speed USB device number 2 using xhci_hcd
> [   17.835058] usb 1-3: New USB device found, idVendor=0cf3, idProduct=e300, bcdDevice= 0.01
> [   17.835064] usb 1-3: New USB device strings: Mfr=0, Product=0, SerialNumber=0
> [   17.841226] rtsx_pci 0000:3b:00.0: enabling device (0000 -> 0002)
> [   17.843878] stackdepot: allocating hash table of 1048576 entries via kvcalloc
> [   17.846795] intel-lpss 0000:00:15.0: enabling device (0000 -> 0002)
> [   17.847120] stackdepot: allocating space for 8192 stack pools via kvcalloc
> [   17.847152] i915 0000:00:02.0: [drm] Found kabylake/ult (device ID 5916) integrated display version 9.00 stepping B0
> [   17.847891] i801_smbus 0000:00:1f.4: SPD Write Disable is set
> [   17.847920] i801_smbus 0000:00:1f.4: SMBus using PCI interrupt
> [   17.848346] idma64 idma64.0: Found Intel integrated DMA 64-bit
> [   17.849036] mei_me 0000:00:16.0: enabling device (0000 -> 0002)
> [   17.852653] Console: switching to colour dummy device 80x25
> [   17.853156] i915 0000:00:02.0: vgaarb: deactivate vga console
> [   17.875937] intel-lpss 0000:00:15.1: enabling device (0000 -> 0002)
> [   17.876183] idma64 idma64.1: Found Intel integrated DMA 64-bit
> [   17.889002] i915 0000:00:02.0: vgaarb: VGA decodes changed: olddecodes=io+mem,decodes=io+mem:owns=io+mem
> [   17.892221] i915 0000:00:02.0: [drm] Finished loading DMC firmware i915/kbl_dmc_ver1_04.bin (v1.4)
> [   17.901253] cfg80211: Loading compiled-in X.509 certificates for regulatory database
> [   17.905819] Loaded X.509 cert 'sforshee: 00b28ddf47aef9cea7'
> [   17.906088] Loaded X.509 cert 'wens: 61c038651aabdcf94bd0ac7ff06c7248db18c600'
> [   17.907664] cfg80211: loaded regulatory.db is malformed or signature is missing/invalid
> [   17.924020] intel_rapl_common: Found RAPL domain package
> [   17.924025] intel_rapl_common: Found RAPL domain core
> [   17.924026] intel_rapl_common: Found RAPL domain uncore
> [   17.924028] intel_rapl_common: Found RAPL domain dram
> [   17.924030] intel_rapl_common: Found RAPL domain psys
> [   17.962755] usb 1-4: new full-speed USB device number 3 using xhci_hcd
> [   18.005535] iTCO_vendor_support: vendor-support=0
> [   18.009492] mei_hdcp 0000:00:16.0-b638ab7e-94e2-4ea2-a552-d1c54b627f04: bound 0000:00:02.0 (ops i915_hdcp_ops [i915])
> [   18.014430] [drm] Initialized i915 1.6.0 for 0000:00:02.0 on minor 0
> [   18.023578] ACPI: video: Video Device [GFX0] (multi-head: yes  rom: no  post: no)
> [   18.025095] input: Video Bus as /devices/LNXSYSTM:00/LNXSYBUS:00/PNP0A08:00/LNXVIDEO:00/input/input26
> [   18.031385] EXT4-fs (nvme0n1p2): mounted filesystem 2d23fd4c-5d03-4e1a-8a42-0e859d1f00d8 r/w with ordered data mode. Quota mode: none.
> [   18.050218] RAPL PMU: API unit is 2^-32 Joules, 5 fixed counters, 655360 ms ovfl timer
> [   18.050223] RAPL PMU: hw unit of domain pp0-core 2^-14 Joules
> [   18.050225] RAPL PMU: hw unit of domain package 2^-14 Joules
> [   18.050226] RAPL PMU: hw unit of domain dram 2^-14 Joules
> [   18.050227] RAPL PMU: hw unit of domain pp1-gpu 2^-14 Joules
> [   18.050229] RAPL PMU: hw unit of domain psys 2^-14 Joules
> [   18.051618] iTCO_wdt iTCO_wdt: Found a Intel PCH TCO device (Version=4, TCOBASE=0x0400)
> [   18.052611] iTCO_wdt iTCO_wdt: initialized. heartbeat=30 sec (nowayout=0)
> [   18.092721] ACPI: battery: new hook: Dell Primary Battery Extension
> [   18.104050] usb 1-4: New USB device found, idVendor=04f3, idProduct=2234, bcdDevice=11.11
> [   18.104057] usb 1-4: New USB device strings: Mfr=4, Product=14, SerialNumber=0
> [   18.104060] usb 1-4: Product: Touchscreen
> [   18.104063] usb 1-4: Manufacturer: ELAN
> [   18.182979] input: DLL075B:01 06CB:76AF Mouse as /devices/pci0000:00/0000:00:15.1/i2c_designware.1/i2c-2/i2c-DLL075B:01/0018:06CB:76AF.0001/input/input27
> [   18.184881] input: DLL075B:01 06CB:76AF Touchpad as /devices/pci0000:00/0000:00:15.1/i2c_designware.1/i2c-2/i2c-DLL075B:01/0018:06CB:76AF.0001/input/input28
> [   18.188952] hid-generic 0018:06CB:76AF.0001: input,hidraw0: I2C HID v1.00 Mouse [DLL075B:01 06CB:76AF] on i2c-DLL075B:01
> [   18.214260] ath10k_pci 0000:3a:00.0: enabling device (0000 -> 0002)
> [   18.217634] ath10k_pci 0000:3a:00.0: pci irq msi oper_irq_mode 2 irq_mode 0 reset_mode 0
> [   18.225916] usb 1-5: new high-speed USB device number 4 using xhci_hcd
> [   18.226723] audit: type=1400 audit(1755711376.386:2): apparmor="STATUS" operation="profile_load" profile="unconfined" name="1password" pid=507 comm="apparmor_parser"
> [   18.226728] audit: type=1400 audit(1755711376.386:3): apparmor="STATUS" operation="profile_load" profile="unconfined" name=4D6F6E676F444220436F6D70617373 pid=509 comm="apparmor_parser"
> [   18.226730] audit: type=1400 audit(1755711376.386:4): apparmor="STATUS" operation="profile_load" profile="unconfined" name="QtWebEngineProcess" pid=510 comm="apparmor_parser"
> [   18.226972] audit: type=1400 audit(1755711376.386:5): apparmor="STATUS" operation="profile_load" profile="unconfined" name="Discord" pid=508 comm="apparmor_parser"
> [   18.230451] audit: type=1400 audit(1755711376.390:6): apparmor="STATUS" operation="profile_load" profile="unconfined" name="balena-etcher" pid=512 comm="apparmor_parser"
> [   18.231200] audit: type=1400 audit(1755711376.390:7): apparmor="STATUS" operation="profile_load" profile="unconfined" name="brave" pid=513 comm="apparmor_parser"
> [   18.231639] audit: type=1400 audit(1755711376.390:8): apparmor="STATUS" operation="profile_load" profile="unconfined" name="buildah" pid=514 comm="apparmor_parser"
> [   18.233224] audit: type=1400 audit(1755711376.390:9): apparmor="STATUS" operation="profile_load" profile="unconfined" name="busybox" pid=515 comm="apparmor_parser"
> [   18.233731] audit: type=1400 audit(1755711376.390:10): apparmor="STATUS" operation="profile_load" profile="unconfined" name="cam" pid=516 comm="apparmor_parser"
> [   18.234640] audit: type=1400 audit(1755711376.394:11): apparmor="STATUS" operation="profile_load" profile="unconfined" name="ch-run" pid=518 comm="apparmor_parser"
> [   18.281060] input: DLL075B:01 06CB:76AF Mouse as /devices/pci0000:00/0000:00:15.1/i2c_designware.1/i2c-2/i2c-DLL075B:01/0018:06CB:76AF.0001/input/input30
> [   18.281386] input: DLL075B:01 06CB:76AF Touchpad as /devices/pci0000:00/0000:00:15.1/i2c_designware.1/i2c-2/i2c-DLL075B:01/0018:06CB:76AF.0001/input/input31
> [   18.281514] hid-multitouch 0018:06CB:76AF.0001: input,hidraw0: I2C HID v1.00 Mouse [DLL075B:01 06CB:76AF] on i2c-DLL075B:01
> [   18.348947] snd_hda_intel 0000:00:1f.3: enabling device (0000 -> 0002)
> [   18.349573] snd_hda_intel 0000:00:1f.3: bound 0000:00:02.0 (ops intel_audio_component_bind_ops [i915])
> [   18.386554] snd_hda_codec_alc269 hdaudioC0D0: ALC3246: picked fixup  (pin match)
> [   18.423300] snd_hda_codec_alc269 hdaudioC0D0: autoconfig for ALC3246: line_outs=1 (0x14/0x0/0x0/0x0/0x0) type:speaker
> [   18.423308] snd_hda_codec_alc269 hdaudioC0D0:    speaker_outs=0 (0x0/0x0/0x0/0x0/0x0)
> [   18.423311] snd_hda_codec_alc269 hdaudioC0D0:    hp_outs=1 (0x21/0x0/0x0/0x0/0x0)
> [   18.423314] snd_hda_codec_alc269 hdaudioC0D0:    mono: mono_out=0x0
> [   18.423315] snd_hda_codec_alc269 hdaudioC0D0:    inputs:
> [   18.423318] snd_hda_codec_alc269 hdaudioC0D0:      Internal Mic=0x12
> [   18.423320] snd_hda_codec_alc269 hdaudioC0D0:      Headset Mic=0x19
> [   18.423322] snd_hda_codec_alc269 hdaudioC0D0:      Headphone Mic=0x1a
> [   18.460586] ath10k_pci 0000:3a:00.0: qca6174 hw3.2 target 0x05030000 chip_id 0x00340aff sub 1a56:1535
> [   18.460595] ath10k_pci 0000:3a:00.0: kconfig debug 0 debugfs 0 tracing 0 dfs 0 testmode 0
> [   18.460684] ath10k_pci 0000:3a:00.0: firmware ver WLAN.RM.4.4.1-00309- api 6 features wowlan,ignore-otp,mfp crc32 0793bcf2
> [   18.477381] usb 1-5: New USB device found, idVendor=0c45, idProduct=670c, bcdDevice=56.26
> [   18.477394] usb 1-5: New USB device strings: Mfr=2, Product=1, SerialNumber=0
> [   18.477397] usb 1-5: Product: Integrated_Webcam_HD
> [   18.477400] usb 1-5: Manufacturer: CN09GTFMLOG008C8B7FWA01
> [   18.538947] ath10k_pci 0000:3a:00.0: board_file api 2 bmi_id N/A crc32 d2863f91
> [   18.542446] mc: Linux media interface: v0.10
> [   18.550582] input: ELAN Touchscreen as /devices/pci0000:00/0000:00:14.0/usb1/1-4/1-4:1.0/0003:04F3:2234.0002/input/input34
> [   18.553940] input: ELAN Touchscreen UNKNOWN as /devices/pci0000:00/0000:00:14.0/usb1/1-4/1-4:1.0/0003:04F3:2234.0002/input/input35
> [   18.554864] input: ELAN Touchscreen UNKNOWN as /devices/pci0000:00/0000:00:14.0/usb1/1-4/1-4:1.0/0003:04F3:2234.0002/input/input36
> [   18.556217] hid-multitouch 0003:04F3:2234.0002: input,hiddev0,hidraw1: USB HID v1.10 Device [ELAN Touchscreen] on usb-0000:00:14.0-4/input0
> [   18.556276] usbcore: registered new interface driver usbhid
> [   18.556280] usbhid: USB HID core driver
> [   18.619083] videodev: Linux video capture interface: v2.00
> [   18.619133] Bluetooth: Core ver 2.22
> [   18.619153] NET: Registered PF_BLUETOOTH protocol family
> [   18.619155] Bluetooth: HCI device and connection manager initialized
> [   18.619159] Bluetooth: HCI socket layer initialized
> [   18.619162] Bluetooth: L2CAP socket layer initialized
> [   18.619167] Bluetooth: SCO socket layer initialized
> [   18.631118] usbcore: registered new interface driver btusb
> [   18.634021] Bluetooth: hci0: using rampatch file: qca/rampatch_usb_00000302.bin
> [   18.634027] Bluetooth: hci0: QCA: patch rome 0x302 build 0x3e8, firmware rome 0x302 build 0x111
> [   18.647958] ath10k_pci 0000:3a:00.0: htt-ver 3.87 wmi-op 4 htt-op 3 cal otp max-sta 32 raw 0 hwcrypto 1
> [   18.676293] usb 1-5: Found UVC 1.00 device Integrated_Webcam_HD (0c45:670c)
> [   18.689824] input: HDA Digital PCBeep as /devices/pci0000:00/0000:00:1f.3/sound/card0/input33
> [   18.689918] input: HDA Intel PCH Headphone Mic as /devices/pci0000:00/0000:00:1f.3/sound/card0/input38
> [   18.689990] input: HDA Intel PCH HDMI/DP,pcm=3 as /devices/pci0000:00/0000:00:1f.3/sound/card0/input39
> [   18.690061] input: HDA Intel PCH HDMI/DP,pcm=7 as /devices/pci0000:00/0000:00:1f.3/sound/card0/input40
> [   18.690125] input: HDA Intel PCH HDMI/DP,pcm=8 as /devices/pci0000:00/0000:00:1f.3/sound/card0/input41
> [   18.722868] ath: EEPROM regdomain: 0x6c
> [   18.722873] ath: EEPROM indicates we should expect a direct regpair map
> [   18.722875] ath: Country alpha2 being used: 00
> [   18.722877] ath: Regpair used: 0x6c
> [   18.735096] nvme nvme0: using unchecked data buffer
> [   18.750909] ath10k_pci 0000:3a:00.0 wlp58s0: renamed from wlan0
> [   18.992485] Bluetooth: hci0: using NVM file: qca/nvm_usb_00000302.bin
> [   19.015579] Bluetooth: hci0: HCI Enhanced Setup Synchronous Connection command is advertised, but not supported.
> [   19.461801] usbcore: registered new interface driver uvcvideo
> [   22.044808] rfkill: input handler disabled
> [   28.436838] rfkill: input handler enabled
> [   31.526378] rfkill: input handler disabled
> [   33.837138] SCSI subsystem initialized
> [   87.859730] pci 0000:01:00.0: [8086:1576] type 01 class 0x060400 PCIe Switch Upstream Port
> [   87.859787] pci 0000:01:00.0: PCI bridge to [bus 02-39]
> [   87.859806] pci 0000:01:00.0:   bridge window [mem 0xc4000000-0xda0fffff]
> [   87.859827] pci 0000:01:00.0:   bridge window [mem 0xa0000000-0xc1ffffff 64bit pref]
> [   87.859850] pci 0000:01:00.0: enabling Extended Tags
> [   87.860288] pci 0000:01:00.0: supports D1 D2
> [   87.860292] pci 0000:01:00.0: PME# supported from D0 D1 D2 D3hot D3cold
> [   87.896335] pci 0000:01:00.0: 15.752 Gb/s available PCIe bandwidth, limited by 8.0 GT/s PCIe x2 link at 0000:00:1c.0 (capable of 31.504 Gb/s with 8.0 GT/s PCIe x4 link)
> [   87.934594] pci 0000:02:00.0: [8086:1576] type 01 class 0x060400 PCIe Switch Downstream Port
> [   87.934657] pci 0000:02:00.0: PCI bridge to [bus 03]
> [   87.934679] pci 0000:02:00.0:   bridge window [mem 0xda000000-0xda0fffff]
> [   87.934727] pci 0000:02:00.0: enabling Extended Tags
> [   87.934898] pci 0000:02:00.0: supports D1 D2
> [   87.934906] pci 0000:02:00.0: PME# supported from D0 D1 D2 D3hot D3cold
> [   87.935493] pci 0000:02:01.0: [8086:1576] type 01 class 0x060400 PCIe Switch Downstream Port
> [   87.935552] pci 0000:02:01.0: PCI bridge to [bus 04-38]
> [   87.935574] pci 0000:02:01.0:   bridge window [mem 0xc4000000-0xd9efffff]
> [   87.935598] pci 0000:02:01.0:   bridge window [mem 0xa0000000-0xc1ffffff 64bit pref]
> [   87.935629] pci 0000:02:01.0: enabling Extended Tags
> [   87.935806] pci 0000:02:01.0: supports D1 D2
> [   87.935813] pci 0000:02:01.0: PME# supported from D0 D1 D2 D3hot D3cold
> [   87.936328] pci 0000:02:02.0: [8086:1576] type 01 class 0x060400 PCIe Switch Downstream Port
> [   87.936387] pci 0000:02:02.0: PCI bridge to [bus 39]
> [   87.936409] pci 0000:02:02.0:   bridge window [mem 0xd9f00000-0xd9ffffff]
> [   87.936456] pci 0000:02:02.0: enabling Extended Tags
> [   87.936627] pci 0000:02:02.0: supports D1 D2
> [   87.936635] pci 0000:02:02.0: PME# supported from D0 D1 D2 D3hot D3cold
> [   87.937202] pci 0000:01:00.0: PCI bridge to [bus 02-39]
> [   87.937358] pci 0000:02:00.0: PCI bridge to [bus 03]
> [   87.937558] pci 0000:02:01.0: PCI bridge to [bus 04-38]
> [   87.937813] pci 0000:39:00.0: [8086:15b5] type 00 class 0x0c0330 PCIe Endpoint
> [   87.937984] pci 0000:39:00.0: BAR 0 [mem 0xd9f00000-0xd9f0ffff]
> [   87.938023] pci 0000:39:00.0: enabling Extended Tags
> [   87.938221] pci 0000:39:00.0: supports D1 D2
> [   87.938228] pci 0000:39:00.0: PME# supported from D0 D1 D2 D3hot D3cold
> [   87.938963] pci 0000:02:02.0: PCI bridge to [bus 39]
> [   87.939041] pci_bus 0000:02: Allocating resources
> [   87.939075] pci 0000:02:01.0: bridge window [io  0x1000-0x0fff] to [bus 04-38] add_size 1000
> [   87.939088] pci 0000:02:02.0: bridge window [io  0x1000-0x0fff] to [bus 39] add_size 1000
> [   87.939099] pci 0000:01:00.0: Assigned bridge window [mem 0xa0000000-0xc1ffffff 64bit pref] to [bus 02-39] cannot fit 0x200000 required for 0000:02:02.0 bridging to [bus 39]
> [   87.939113] pci 0000:02:02.0: bridge window [mem 0x00000000 64bit pref] to [bus 39] requires relaxed alignment rules
> [   87.939122] pci 0000:02:02.0: bridge window [mem 0x00100000-0x000fffff 64bit pref] to [bus 39] add_size 200000 add_align 100000
> [   87.939134] pci 0000:01:00.0: bridge window [io  0x1000-0x0fff] to [bus 02-39] add_size 2000
> [   87.939148] pci 0000:01:00.0: bridge window [io  size 0x2000]: can't assign; no space
> [   87.939156] pci 0000:01:00.0: bridge window [io  size 0x2000]: failed to assign
> [   87.939165] pci 0000:01:00.0: bridge window [io  size 0x2000]: can't assign; no space
> [   87.939172] pci 0000:01:00.0: bridge window [io  size 0x2000]: failed to assign
> [   87.939189] pci 0000:02:02.0: bridge window [mem size 0x00200000 64bit pref]: can't assign; no space
> [   87.939197] pci 0000:02:02.0: bridge window [mem size 0x00200000 64bit pref]: failed to assign
> [   87.939205] pci 0000:02:01.0: bridge window [io  size 0x1000]: can't assign; no space
> [   87.939211] pci 0000:02:01.0: bridge window [io  size 0x1000]: failed to assign
> [   87.939217] pci 0000:02:02.0: bridge window [io  size 0x1000]: can't assign; no space
> [   87.939224] pci 0000:02:02.0: bridge window [io  size 0x1000]: failed to assign
> [   87.939235] pci 0000:02:02.0: bridge window [mem size 0x00200000 64bit pref]: can't assign; no space
> [   87.939243] pci 0000:02:02.0: bridge window [mem size 0x00200000 64bit pref]: failed to assign
> [   87.939251] pci 0000:02:02.0: bridge window [io  size 0x1000]: can't assign; no space
> [   87.939258] pci 0000:02:02.0: bridge window [io  size 0x1000]: failed to assign
> [   87.939266] pci 0000:02:01.0: bridge window [io  size 0x1000]: can't assign; no space
> [   87.939273] pci 0000:02:01.0: bridge window [io  size 0x1000]: failed to assign
> [   87.939282] pci 0000:02:00.0: PCI bridge to [bus 03]
> [   87.939296] pci 0000:02:00.0:   bridge window [mem 0xda000000-0xda0fffff]
> [   87.939316] pci 0000:02:01.0: PCI bridge to [bus 04-38]
> [   87.939328] pci 0000:02:01.0:   bridge window [mem 0xc4000000-0xd9efffff]
> [   87.939339] pci 0000:02:01.0:   bridge window [mem 0xa0000000-0xc1ffffff 64bit pref]
> [   87.939355] pci 0000:02:02.0: PCI bridge to [bus 39]
> [   87.939368] pci 0000:02:02.0:   bridge window [mem 0xd9f00000-0xd9ffffff]
> [   87.939386] pci 0000:01:00.0: PCI bridge to [bus 02-39]
> [   87.939399] pci 0000:01:00.0:   bridge window [mem 0xc4000000-0xda0fffff]
> [   87.939410] pci 0000:01:00.0:   bridge window [mem 0xa0000000-0xc1ffffff 64bit pref]
> [   87.941284] xhci_hcd 0000:39:00.0: xHCI Host Controller
> [   87.941307] xhci_hcd 0000:39:00.0: new USB bus registered, assigned bus number 3
> [   87.942494] xhci_hcd 0000:39:00.0: hcc params 0x200077c1 hci version 0x110 quirks 0x0000000200009810
> [   87.943568] xhci_hcd 0000:39:00.0: xHCI Host Controller
> [   87.943584] xhci_hcd 0000:39:00.0: new USB bus registered, assigned bus number 4
> [   87.943597] xhci_hcd 0000:39:00.0: Host supports USB 3.1 Enhanced SuperSpeed
> [   87.943712] usb usb3: New USB device found, idVendor=1d6b, idProduct=0002, bcdDevice= 6.17
> [   87.943723] usb usb3: New USB device strings: Mfr=3, Product=2, SerialNumber=1
> [   87.943730] usb usb3: Product: xHCI Host Controller
> [   87.943736] usb usb3: Manufacturer: Linux 6.17.0-rc2-00053-gb19a97d57c15 xhci-hcd
> [   87.943742] usb usb3: SerialNumber: 0000:39:00.0
> [   87.944279] hub 3-0:1.0: USB hub found
> [   87.944308] hub 3-0:1.0: 2 ports detected
> [   87.967886] usb usb4: New USB device found, idVendor=1d6b, idProduct=0003, bcdDevice= 6.17
> [   87.967904] usb usb4: New USB device strings: Mfr=3, Product=2, SerialNumber=1
> [   87.967912] usb usb4: Product: xHCI Host Controller
> [   87.967919] usb usb4: Manufacturer: Linux 6.17.0-rc2-00053-gb19a97d57c15 xhci-hcd
> [   87.967925] usb usb4: SerialNumber: 0000:39:00.0
> [   87.969244] hub 4-0:1.0: USB hub found
> [   87.969279] hub 4-0:1.0: 2 ports detected
> [   87.976388] pci_bus 0000:02: Allocating resources
> [   87.976434] pcieport 0000:02:01.0: bridge window [io  0x1000-0x0fff] to [bus 04-38] add_size 1000
> [   87.976452] pcieport 0000:02:02.0: bridge window [io  0x1000-0x0fff] to [bus 39] add_size 1000
> [   87.976464] pcieport 0000:01:00.0: Assigned bridge window [mem 0xa0000000-0xc1ffffff 64bit pref] to [bus 02-39] cannot fit 0x200000 required for 0000:02:02.0 bridging to [bus 39]
> [   87.976478] pcieport 0000:02:02.0: bridge window [mem 0x00000000 64bit pref] to [bus 39] requires relaxed alignment rules
> [   87.976488] pcieport 0000:02:02.0: bridge window [mem 0x00100000-0x000fffff 64bit pref] to [bus 39] add_size 200000 add_align 100000
> [   87.976501] pcieport 0000:01:00.0: bridge window [io  0x1000-0x0fff] to [bus 02-39] add_size 2000
> [   87.976514] pcieport 0000:01:00.0: bridge window [io  size 0x2000]: can't assign; no space
> [   87.976521] pcieport 0000:01:00.0: bridge window [io  size 0x2000]: failed to assign
> [   87.976529] pcieport 0000:01:00.0: bridge window [io  size 0x2000]: can't assign; no space
> [   87.976535] pcieport 0000:01:00.0: bridge window [io  size 0x2000]: failed to assign
> [   87.976552] pcieport 0000:02:02.0: bridge window [mem size 0x00200000 64bit pref]: can't assign; no space
> [   87.976560] pcieport 0000:02:02.0: bridge window [mem size 0x00200000 64bit pref]: failed to assign
> [   87.976567] pcieport 0000:02:01.0: bridge window [io  size 0x1000]: can't assign; no space
> [   87.976573] pcieport 0000:02:01.0: bridge window [io  size 0x1000]: failed to assign
> [   87.976580] pcieport 0000:02:02.0: bridge window [io  size 0x1000]: can't assign; no space
> [   87.976586] pcieport 0000:02:02.0: bridge window [io  size 0x1000]: failed to assign
> [   87.976597] pcieport 0000:02:02.0: bridge window [mem size 0x00200000 64bit pref]: can't assign; no space
> [   87.976605] pcieport 0000:02:02.0: bridge window [mem size 0x00200000 64bit pref]: failed to assign
> [   87.976612] pcieport 0000:02:02.0: bridge window [io  size 0x1000]: can't assign; no space
> [   87.976618] pcieport 0000:02:02.0: bridge window [io  size 0x1000]: failed to assign
> [   87.976625] pcieport 0000:02:01.0: bridge window [io  size 0x1000]: can't assign; no space
> [   87.976632] pcieport 0000:02:01.0: bridge window [io  size 0x1000]: failed to assign
> [   88.226118] usb 3-1: new high-speed USB device number 2 using xhci_hcd
> [   88.364925] usb 3-1: New USB device found, idVendor=2109, idProduct=2817, bcdDevice= 5.e3
> [   88.364944] usb 3-1: New USB device strings: Mfr=1, Product=2, SerialNumber=3
> [   88.364951] usb 3-1: Product: USB2.0 Hub             
> [   88.364957] usb 3-1: Manufacturer: VIA Labs, Inc.         
> [   88.364962] usb 3-1: SerialNumber: 000000000
> [   88.366988] hub 3-1:1.0: USB hub found
> [   88.368203] hub 3-1:1.0: 5 ports detected
> [   88.492015] usb 4-1: new SuperSpeed USB device number 2 using xhci_hcd
> [   88.538066] usb 4-1: New USB device found, idVendor=2109, idProduct=0817, bcdDevice= 5.e3
> [   88.538085] usb 4-1: New USB device strings: Mfr=1, Product=2, SerialNumber=3
> [   88.538092] usb 4-1: Product: USB3.0 Hub             
> [   88.538098] usb 4-1: Manufacturer: VIA Labs, Inc.         
> [   88.538103] usb 4-1: SerialNumber: 000000000
> [   88.541833] hub 4-1:1.0: USB hub found
> [   88.541975] hub 4-1:1.0: 4 ports detected
> [   89.105992] usb 3-1.1: new high-speed USB device number 3 using xhci_hcd
> [   89.244649] usb 3-1.1: New USB device found, idVendor=2109, idProduct=2817, bcdDevice= 7.b4
> [   89.244670] usb 3-1.1: New USB device strings: Mfr=1, Product=2, SerialNumber=3
> [   89.244679] usb 3-1.1: Product: USB2.0 Hub             
> [   89.244686] usb 3-1.1: Manufacturer: VIA Labs, Inc.         
> [   89.244692] usb 3-1.1: SerialNumber: 000000000
> [   89.247673] hub 3-1.1:1.0: USB hub found
> [   89.247862] hub 3-1.1:1.0: 4 ports detected
> [   89.341250] usb 4-1.1: new SuperSpeed USB device number 3 using xhci_hcd
> [   89.400934] usb 4-1.1: New USB device found, idVendor=2109, idProduct=0817, bcdDevice= 7.b4
> [   89.400953] usb 4-1.1: New USB device strings: Mfr=1, Product=2, SerialNumber=3
> [   89.400963] usb 4-1.1: Product: USB3.0 Hub             
> [   89.400970] usb 4-1.1: Manufacturer: VIA Labs, Inc.         
> [   89.400976] usb 4-1.1: SerialNumber: 000000000
> [   89.407024] hub 4-1.1:1.0: USB hub found
> [   89.407237] hub 4-1.1:1.0: 4 ports detected
> [   89.582291] usb 4-1.4: new SuperSpeed USB device number 4 using xhci_hcd
> [   89.601601] usb 4-1.4: New USB device found, idVendor=058f, idProduct=8468, bcdDevice= 1.00
> [   89.601607] usb 4-1.4: New USB device strings: Mfr=1, Product=2, SerialNumber=3
> [   89.601609] usb 4-1.4: Product: Mass Storage Device
> [   89.601610] usb 4-1.4: Manufacturer: Generic
> [   89.601612] usb 4-1.4: SerialNumber: 058F84688461
> [   89.624924] usb-storage 4-1.4:1.0: USB Mass Storage device detected
> [   89.625785] scsi host0: usb-storage 4-1.4:1.0
> [   89.626043] usbcore: registered new interface driver usb-storage
> [   89.906125] usb 3-1.1.3: new high-speed USB device number 4 using xhci_hcd
> [   90.638225] usb 4-1.1.3: new SuperSpeed USB device number 5 using xhci_hcd
> [   90.655225] usb 4-1.1.3: New USB device found, idVendor=0bda, idProduct=8153, bcdDevice=30.00
> [   90.655246] usb 4-1.1.3: New USB device strings: Mfr=1, Product=2, SerialNumber=6
> [   90.655254] usb 4-1.1.3: Product: USB 10/100/1000 LAN
> [   90.655261] usb 4-1.1.3: Manufacturer: Realtek
> [   90.655266] usb 4-1.1.3: SerialNumber: 000001
> [   90.730342] usbcore: registered new device driver r8152-cfgselector
> [   91.210824] usb 4-1.4: reset SuperSpeed USB device number 4 using xhci_hcd
> [   91.247161] scsi 0:0:0:0: Direct-Access     Generic- SD/MMC           1.00 PQ: 0 ANSI: 6
> [   91.248501] sd 0:0:0:0: [sda] Media removed, stopped polling
> [   91.254432] sd 0:0:0:0: [sda] Attached SCSI removable disk
> [   91.298758] r8152-cfgselector 4-1.1.3: reset SuperSpeed USB device number 5 using xhci_hcd
> [   91.378081] r8152 4-1.1.3:1.0 eth0: v1.12.13
> [   91.378234] usbcore: registered new interface driver r8152
> [   91.413188] usbcore: registered new interface driver cdc_ether
> [   91.416717] usbcore: registered new interface driver r8153_ecm
> [   91.572585] r8152 4-1.1.3:1.0 enx00e04ceb9e75: renamed from eth0
> [   93.038192] usb 3-1.5: new high-speed USB device number 5 using xhci_hcd
> [   93.128894] usb 3-1.5: New USB device found, idVendor=2109, idProduct=8817, bcdDevice= 0.01
> [   93.128915] usb 3-1.5: New USB device strings: Mfr=1, Product=2, SerialNumber=3
> [   93.128923] usb 3-1.5: Product: USB Billboard Device   
> [   93.128930] usb 3-1.5: Manufacturer: VIA Labs, Inc.         
> [   93.128935] usb 3-1.5: SerialNumber: 0000000000000001
> [   94.617337] r8152 4-1.1.3:1.0 enx00e04ceb9e75: carrier on
> [  287.361810] sched: DL replenish lagged too much
> [  867.312919] warning: `telegram-deskto' uses wireless extensions which will stop working for Wi-Fi 7 hardware; use nl80211
> [ 3813.292204] usb 3-1: USB disconnect, device number 2
> [ 3813.292225] usb 3-1.1: USB disconnect, device number 3
> [ 3813.294247] usb 3-1.5: USB disconnect, device number 5
> [ 3813.415882] xhci_hcd 0000:39:00.0: xHCI host controller not responding, assume dead
> [ 3813.415940] xhci_hcd 0000:39:00.0: HC died; cleaning up
> [ 3813.418198] r8152 4-1.1.3:1.0 enx00e04ceb9e75: Stop submitting intr, status -108
> [ 3813.434276] xhci_hcd 0000:39:00.0: remove, state 1
> [ 3813.434297] usb usb4: USB disconnect, device number 1
> [ 3813.518239] usb 4-1: USB disconnect, device number 2
> [ 3813.518261] usb 4-1.1: USB disconnect, device number 3
> [ 3813.518273] r8152-cfgselector 4-1.1.3: USB disconnect, device number 5
> [ 3813.574753] usb 4-1.4: USB disconnect, device number 4
> [ 3813.640024] xhci_hcd 0000:39:00.0: USB bus 4 deregistered
> [ 3813.640036] xhci_hcd 0000:39:00.0: remove, state 1
> [ 3813.640039] usb usb3: USB disconnect, device number 1
> [ 3813.642109] xhci_hcd 0000:39:00.0: USB bus 3 deregistered
> [ 3813.657145] pci_bus 0000:02: Allocating resources
> [ 3813.657159] pcieport 0000:02:01.0: bridge window [io  0x1000-0x0fff] to [bus 04-38] add_size 1000
> [ 3813.657163] pcieport 0000:02:02.0: bridge window [io  0x1000-0x0fff] to [bus 39] add_size 1000
> [ 3813.657165] pcieport 0000:01:00.0: Assigned bridge window [mem 0xa0000000-0xc1ffffff 64bit pref] to [bus 02-39] cannot fit 0x200000 required for 0000:02:02.0 bridging to [bus 39]
> [ 3813.657168] pcieport 0000:02:02.0: bridge window [mem 0x00000000 64bit pref] to [bus 39] requires relaxed alignment rules
> [ 3813.657170] pcieport 0000:02:02.0: bridge window [mem 0x00100000-0x000fffff 64bit pref] to [bus 39] add_size 200000 add_align 100000
> [ 3813.657173] pcieport 0000:01:00.0: bridge window [io  0x1000-0x0fff] to [bus 02-39] add_size 2000
> [ 3813.657177] pcieport 0000:01:00.0: bridge window [io  size 0x2000]: can't assign; no space
> [ 3813.657179] pcieport 0000:01:00.0: bridge window [io  size 0x2000]: failed to assign
> [ 3813.657181] pcieport 0000:01:00.0: bridge window [io  size 0x2000]: can't assign; no space
> [ 3813.657182] pcieport 0000:01:00.0: bridge window [io  size 0x2000]: failed to assign
> [ 3813.657186] pcieport 0000:02:02.0: bridge window [mem size 0x00200000 64bit pref]: can't assign; no space
> [ 3813.657187] pcieport 0000:02:02.0: bridge window [mem size 0x00200000 64bit pref]: failed to assign
> [ 3813.657189] pcieport 0000:02:01.0: bridge window [io  size 0x1000]: can't assign; no space
> [ 3813.657190] pcieport 0000:02:01.0: bridge window [io  size 0x1000]: failed to assign
> [ 3813.657191] pcieport 0000:02:02.0: bridge window [io  size 0x1000]: can't assign; no space
> [ 3813.657192] pcieport 0000:02:02.0: bridge window [io  size 0x1000]: failed to assign
> [ 3813.657195] pcieport 0000:02:02.0: bridge window [mem size 0x00200000 64bit pref]: can't assign; no space
> [ 3813.657197] pcieport 0000:02:02.0: bridge window [mem size 0x00200000 64bit pref]: failed to assign
> [ 3813.657198] pcieport 0000:02:02.0: bridge window [io  size 0x1000]: can't assign; no space
> [ 3813.657199] pcieport 0000:02:02.0: bridge window [io  size 0x1000]: failed to assign
> [ 3813.657200] pcieport 0000:02:01.0: bridge window [io  size 0x1000]: can't assign; no space
